Archive member included because of file (symbol)

/usr/local/gcc-arm-none-eabi-4_9-2015q3/bin/../lib/gcc/arm-none-eabi/4.9.3/armv7e-m/libgcc.a(_arm_addsubdf3.o)
                              ./src/Ethernet/source/httpd_cgi_ssi.o (__aeabi_ui2d)
/usr/local/gcc-arm-none-eabi-4_9-2015q3/bin/../lib/gcc/arm-none-eabi/4.9.3/armv7e-m/libgcc.a(_arm_muldivdf3.o)
                              ./src/Ethernet/source/httpd_cgi_ssi.o (__aeabi_dmul)
/usr/local/gcc-arm-none-eabi-4_9-2015q3/bin/../lib/gcc/arm-none-eabi/4.9.3/armv7e-m/libgcc.a(_arm_fixunsdfsi.o)
                              ./src/Ethernet/source/httpd_cgi_ssi.o (__aeabi_d2uiz)
/usr/local/gcc-arm-none-eabi-4_9-2015q3/bin/../lib/gcc/arm-none-eabi/4.9.3/../../../../arm-none-eabi/lib/armv7e-m/libg_nano.a(lib_a-impure.o)
                              ./src/stdio/printf.o (_impure_ptr)
/usr/local/gcc-arm-none-eabi-4_9-2015q3/bin/../lib/gcc/arm-none-eabi/4.9.3/../../../../arm-none-eabi/lib/armv7e-m/libg_nano.a(lib_a-memcmp.o)
                              ./src/STM32F4x7_ETH_Driver/src/core/ipv4/autoip.o (memcmp)
/usr/local/gcc-arm-none-eabi-4_9-2015q3/bin/../lib/gcc/arm-none-eabi/4.9.3/../../../../arm-none-eabi/lib/armv7e-m/libg_nano.a(lib_a-memcpy.o)
                              ./src/STM32F4x7_ETH_Driver/src/core/pbuf.o (memcpy)
/usr/local/gcc-arm-none-eabi-4_9-2015q3/bin/../lib/gcc/arm-none-eabi/4.9.3/../../../../arm-none-eabi/lib/armv7e-m/libg_nano.a(lib_a-memset.o)
                              ./src/STM32F4x7_ETH_Driver/src/core/ipv4/ip_frag.o (memset)
/usr/local/gcc-arm-none-eabi-4_9-2015q3/bin/../lib/gcc/arm-none-eabi/4.9.3/../../../../arm-none-eabi/lib/armv7e-m/libg_nano.a(lib_a-putchar.o)
                              ./src/STM32F4x7_ETH_Driver/src/core/ipv4/icmp.o (putchar)
/usr/local/gcc-arm-none-eabi-4_9-2015q3/bin/../lib/gcc/arm-none-eabi/4.9.3/../../../../arm-none-eabi/lib/armv7e-m/libg_nano.a(lib_a-strchr.o)
                              ./src/Ethernet/source/httpd.o (strchr)
/usr/local/gcc-arm-none-eabi-4_9-2015q3/bin/../lib/gcc/arm-none-eabi/4.9.3/../../../../arm-none-eabi/lib/armv7e-m/libg_nano.a(lib_a-strcmp.o)
                              ./src/Ethernet/source/fs.o (strcmp)
/usr/local/gcc-arm-none-eabi-4_9-2015q3/bin/../lib/gcc/arm-none-eabi/4.9.3/../../../../arm-none-eabi/lib/armv7e-m/libg_nano.a(lib_a-strlen.o)
                              ./src/Ethernet/source/httpd.o (strlen)
/usr/local/gcc-arm-none-eabi-4_9-2015q3/bin/../lib/gcc/arm-none-eabi/4.9.3/../../../../arm-none-eabi/lib/armv7e-m/libg_nano.a(lib_a-strncmp.o)
                              ./src/Ethernet/source/httpd.o (strncmp)
/usr/local/gcc-arm-none-eabi-4_9-2015q3/bin/../lib/gcc/arm-none-eabi/4.9.3/../../../../arm-none-eabi/lib/armv7e-m/libg_nano.a(lib_a-strstr.o)
                              ./src/Ethernet/source/httpd.o (strstr)
/usr/local/gcc-arm-none-eabi-4_9-2015q3/bin/../lib/gcc/arm-none-eabi/4.9.3/../../../../arm-none-eabi/lib/armv7e-m/libg_nano.a(lib_a-findfp.o)
                              /usr/local/gcc-arm-none-eabi-4_9-2015q3/bin/../lib/gcc/arm-none-eabi/4.9.3/../../../../arm-none-eabi/lib/armv7e-m/libg_nano.a(lib_a-putchar.o) (__sinit)
/usr/local/gcc-arm-none-eabi-4_9-2015q3/bin/../lib/gcc/arm-none-eabi/4.9.3/../../../../arm-none-eabi/lib/armv7e-m/libg_nano.a(lib_a-fwalk.o)
                              /usr/local/gcc-arm-none-eabi-4_9-2015q3/bin/../lib/gcc/arm-none-eabi/4.9.3/../../../../arm-none-eabi/lib/armv7e-m/libg_nano.a(lib_a-findfp.o) (_fwalk)
/usr/local/gcc-arm-none-eabi-4_9-2015q3/bin/../lib/gcc/arm-none-eabi/4.9.3/../../../../arm-none-eabi/lib/armv7e-m/libg_nano.a(lib_a-nano-mallocr.o)
                              /usr/local/gcc-arm-none-eabi-4_9-2015q3/bin/../lib/gcc/arm-none-eabi/4.9.3/../../../../arm-none-eabi/lib/armv7e-m/libg_nano.a(lib_a-findfp.o) (_malloc_r)
/usr/local/gcc-arm-none-eabi-4_9-2015q3/bin/../lib/gcc/arm-none-eabi/4.9.3/../../../../arm-none-eabi/lib/armv7e-m/libg_nano.a(lib_a-putc.o)
                              /usr/local/gcc-arm-none-eabi-4_9-2015q3/bin/../lib/gcc/arm-none-eabi/4.9.3/../../../../arm-none-eabi/lib/armv7e-m/libg_nano.a(lib_a-putchar.o) (_putc_r)
/usr/local/gcc-arm-none-eabi-4_9-2015q3/bin/../lib/gcc/arm-none-eabi/4.9.3/../../../../arm-none-eabi/lib/armv7e-m/libg_nano.a(lib_a-sbrkr.o)
                              /usr/local/gcc-arm-none-eabi-4_9-2015q3/bin/../lib/gcc/arm-none-eabi/4.9.3/../../../../arm-none-eabi/lib/armv7e-m/libg_nano.a(lib_a-nano-mallocr.o) (_sbrk_r)
/usr/local/gcc-arm-none-eabi-4_9-2015q3/bin/../lib/gcc/arm-none-eabi/4.9.3/../../../../arm-none-eabi/lib/armv7e-m/libg_nano.a(lib_a-stdio.o)
                              /usr/local/gcc-arm-none-eabi-4_9-2015q3/bin/../lib/gcc/arm-none-eabi/4.9.3/../../../../arm-none-eabi/lib/armv7e-m/libg_nano.a(lib_a-findfp.o) (__sread)
/usr/local/gcc-arm-none-eabi-4_9-2015q3/bin/../lib/gcc/arm-none-eabi/4.9.3/../../../../arm-none-eabi/lib/armv7e-m/libg_nano.a(lib_a-wbuf.o)
[...]
Memory Configuration

Name             Origin             Length             Attributes
RAM              0x20000000         0x00020000         xrw
CCMRAM           0x10000000         0x00010000         xrw
FLASH            0x08000000         0x00100000         xr
FLASHB1          0x00000000         0x00000000         xr
EXTMEMB0         0x00000000         0x00000000         xr
EXTMEMB1         0x00000000         0x00000000         xr
EXTMEMB2         0x00000000         0x00000000         xr
EXTMEMB3         0x00000000         0x00000000         xr
MEMORY_ARRAY     0x20002000         0x00000020         xrw
*default*        0x00000000         0xffffffff

Linker script and memory map

LOAD ./src/syscalls/syscalls.o
LOAD ./src/stdio/printf.o
LOAD ./src/cmsis_lib/source/misc.o
LOAD ./src/cmsis_lib/source/stm32f4xx_adc.o
LOAD ./src/cmsis_lib/source/stm32f4xx_dac.o
LOAD ./src/cmsis_lib/source/stm32f4xx_exti.o
LOAD ./src/cmsis_lib/source/stm32f4xx_gpio.o
LOAD ./src/cmsis_lib/source/stm32f4xx_rcc.o
LOAD ./src/cmsis_lib/source/stm32f4xx_syscfg.o
LOAD ./src/cmsis_lib/source/stm32f4xx_usart.o
LOAD ./src/cmsis_boot/startup/startup_stm32f4xx.o
LOAD ./src/cmsis_boot/system_stm32f4xx.o
LOAD ./src/STM32F4x7_ETH_Driver/src/netif/ppp/auth.o
LOAD ./src/STM32F4x7_ETH_Driver/src/netif/ppp/chap.o
LOAD ./src/STM32F4x7_ETH_Driver/src/netif/ppp/chpms.o
LOAD ./src/STM32F4x7_ETH_Driver/src/netif/ppp/fsm.o
LOAD ./src/STM32F4x7_ETH_Driver/src/netif/ppp/ipcp.o
LOAD ./src/STM32F4x7_ETH_Driver/src/netif/ppp/lcp.o
LOAD ./src/STM32F4x7_ETH_Driver/src/netif/ppp/magic.o
LOAD ./src/STM32F4x7_ETH_Driver/src/netif/ppp/md5.o
LOAD ./src/STM32F4x7_ETH_Driver/src/netif/ppp/pap.o
LOAD ./src/STM32F4x7_ETH_Driver/src/netif/ppp/ppp.o
LOAD ./src/STM32F4x7_ETH_Driver/src/netif/ppp/ppp_oe.o
LOAD ./src/STM32F4x7_ETH_Driver/src/netif/ppp/randm.o
LOAD ./src/STM32F4x7_ETH_Driver/src/netif/ppp/vj.o
LOAD ./src/STM32F4x7_ETH_Driver/src/netif/etharp.o
LOAD ./src/STM32F4x7_ETH_Driver/src/netif/loopif.o
LOAD ./src/STM32F4x7_ETH_Driver/src/netif/slipif.o
LOAD ./src/STM32F4x7_ETH_Driver/src/core/snmp/asn1_dec.o
LOAD ./src/STM32F4x7_ETH_Driver/src/core/snmp/asn1_enc.o
LOAD ./src/STM32F4x7_ETH_Driver/src/core/snmp/mib2.o
LOAD ./src/STM32F4x7_ETH_Driver/src/core/snmp/mib_structs.o
LOAD ./src/STM32F4x7_ETH_Driver/src/core/snmp/msg_in.o
LOAD ./src/STM32F4x7_ETH_Driver/src/core/snmp/msg_out.o
LOAD ./src/STM32F4x7_ETH_Driver/src/core/ipv4/autoip.o
LOAD ./src/STM32F4x7_ETH_Driver/src/core/ipv4/icmp.o
LOAD ./src/STM32F4x7_ETH_Driver/src/core/ipv4/igmp.o
LOAD ./src/STM32F4x7_ETH_Driver/src/core/ipv4/inet.o
LOAD ./src/STM32F4x7_ETH_Driver/src/core/ipv4/inet_chksum.o
LOAD ./src/STM32F4x7_ETH_Driver/src/core/ipv4/ip.o
LOAD ./src/STM32F4x7_ETH_Driver/src/core/ipv4/ip_addr.o
LOAD ./src/STM32F4x7_ETH_Driver/src/core/ipv4/ip_frag.o
LOAD ./src/STM32F4x7_ETH_Driver/src/core/dhcp.o
LOAD ./src/STM32F4x7_ETH_Driver/src/core/dns.o
LOAD ./src/STM32F4x7_ETH_Driver/src/core/init.o
LOAD ./src/STM32F4x7_ETH_Driver/src/core/mem.o
LOAD ./src/STM32F4x7_ETH_Driver/src/core/memp.o
LOAD ./src/STM32F4x7_ETH_Driver/src/core/netif.o
LOAD ./src/STM32F4x7_ETH_Driver/src/core/pbuf.o
LOAD ./src/STM32F4x7_ETH_Driver/src/core/raw.o
LOAD ./src/STM32F4x7_ETH_Driver/src/core/stats.o
LOAD ./src/STM32F4x7_ETH_Driver/src/core/sys.o
LOAD ./src/STM32F4x7_ETH_Driver/src/core/tcp.o
LOAD ./src/STM32F4x7_ETH_Driver/src/core/tcp_in.o
LOAD ./src/STM32F4x7_ETH_Driver/src/core/tcp_out.o
LOAD ./src/STM32F4x7_ETH_Driver/src/core/udp.o
LOAD ./src/STM32F4x7_ETH_Driver/src/api/api_lib.o
LOAD ./src/STM32F4x7_ETH_Driver/src/api/api_msg.o
LOAD ./src/STM32F4x7_ETH_Driver/src/api/err.o
LOAD ./src/STM32F4x7_ETH_Driver/src/api/netbuf.o
LOAD ./src/STM32F4x7_ETH_Driver/src/api/netdb.o
LOAD ./src/STM32F4x7_ETH_Driver/src/api/netifapi.o
LOAD ./src/STM32F4x7_ETH_Driver/src/api/sockets.o
LOAD ./src/STM32F4x7_ETH_Driver/src/api/tcpip.o
LOAD ./src/STM32F4x7_ETH_Driver/src/ethernetif.o
LOAD ./src/STM32F4x7_ETH_Driver/src/stm32f4x7_eth.o
LOAD ./src/Ethernet/source/fs.o
LOAD ./src/Ethernet/source/httpd.o
LOAD ./src/Ethernet/source/httpd_cgi_ssi.o
LOAD ./src/Ethernet/source/netconf.o
LOAD ./src/Ethernet/source/serial_debug.o
LOAD ./src/Ethernet/source/stm32f4x7_eth_bsp.o
LOAD ./src/_write.o
LOAD ./src/main.o
LOAD ./src/stm32f4_discovery.o
LOAD ./src/stm32f4xx_it.o
LOAD /usr/local/gcc-arm-none-eabi-4_9-2015q3/bin/../lib/gcc/arm-none-eabi/4.9.3/../../../../arm-none-eabi/lib/armv7e-m/libstdc++_nano.a
LOAD /usr/local/gcc-arm-none-eabi-4_9-2015q3/bin/../lib/gcc/arm-none-eabi/4.9.3/../../../../arm-none-eabi/lib/armv7e-m/libm.a
START GROUP
LOAD /usr/local/gcc-arm-none-eabi-4_9-2015q3/bin/../lib/gcc/arm-none-eabi/4.9.3/armv7e-m/libgcc.a
LOAD /usr/local/gcc-arm-none-eabi-4_9-2015q3/bin/../lib/gcc/arm-none-eabi/4.9.3/../../../../arm-none-eabi/lib/armv7e-m/libg_nano.a
LOAD /usr/local/gcc-arm-none-eabi-4_9-2015q3/bin/../lib/gcc/arm-none-eabi/4.9.3/../../../../arm-none-eabi/lib/armv7e-m/libc_nano.a
END GROUP
START GROUP
LOAD /usr/local/gcc-arm-none-eabi-4_9-2015q3/bin/../lib/gcc/arm-none-eabi/4.9.3/armv7e-m/libgcc.a
LOAD /usr/local/gcc-arm-none-eabi-4_9-2015q3/bin/../lib/gcc/arm-none-eabi/4.9.3/../../../../arm-none-eabi/lib/armv7e-m/libc_nano.a
END GROUP
                0x20020000                __stack = (ORIGIN (RAM) + 0x20000)
                0x20020000                _estack = __stack
                0x00000400                __Main_Stack_Size = 0x400
                0x00000400                PROVIDE (_Main_Stack_Size, __Main_Stack_Size)
                0x2001fc00                __Main_Stack_Limit = (__stack - __Main_Stack_Size)
                0x2001fc00                PROVIDE (_Main_Stack_Limit, __Main_Stack_Limit)
                0x00000100                _Minimum_Stack_Size = 0x100
                0x2000867c                PROVIDE (_Heap_Begin, _end_noinit)
                0x2001fc00                PROVIDE (_Heap_Limit, (__stack - __Main_Stack_Size))

.isr_vector     0x08000000      0x188
 FILL mask 0xff
                0x08000000                __vectors_start = ABSOLUTE (.)
                0x08000000                __vectors_start__ = ABSOLUTE (.)
 *(.isr_vector)
 .isr_vector    0x08000000      0x188 ./src/cmsis_boot/startup/startup_stm32f4xx.o
                0x08000000                g_pfnVectors
 *(.cfmconfig)
 *(.after_vectors .after_vectors.*)

.inits          0x08000188       0x28
                0x08000188                __data_regions_array_start = .
                0x08000188        0x4 LONG 0x801cb40 LOADADDR (.data)
                0x0800018c        0x4 LONG 0x20000000 ADDR (.data)
                0x08000190        0x4 LONG 0x200000d8 (ADDR (.data) + SIZEOF (.data))
                0x08000194        0x4 LONG 0x801cb40 LOADADDR (.data_CCMRAM)
                0x08000198        0x4 LONG 0x10000000 ADDR (.data_CCMRAM)
                0x0800019c        0x4 LONG 0x10000000 (ADDR (.data_CCMRAM) + SIZEOF (.data_CCMRAM))
                0x080001a0                __data_regions_array_end = .
                0x080001a0                __bss_regions_array_start = .
                0x080001a0        0x4 LONG 0x200008d8 ADDR (.bss)
                0x080001a4        0x4 LONG 0x2000867c (ADDR (.bss) + SIZEOF (.bss))
                0x080001a8        0x4 LONG 0x10000000 ADDR (.bss_CCMRAM)
                0x080001ac        0x4 LONG 0x10000000 (ADDR (.bss_CCMRAM) + SIZEOF (.bss_CCMRAM))
                0x080001b0                __bss_regions_array_end = .
 *(.init)
 *(.fini)
                0x080001b0                . = ALIGN (0x4)
                0x080001b0                PROVIDE (__preinit_array_start, .)
 *(.preinit_array_sysinit .preinit_array_sysinit.*)
 *(.preinit_array_platform .preinit_array_platform.*)
 *(.preinit_array .preinit_array.*)
                0x080001b0                PROVIDE (__preinit_array_end, .)
                0x080001b0                . = ALIGN (0x4)
                0x080001b0                PROVIDE (__init_array_start, .)
 *(SORT(.init_array.*))
 *(.init_array)
                0x080001b0                PROVIDE (__init_array_end, .)
                0x080001b0                . = ALIGN (0x4)
                0x080001b0                PROVIDE (__fini_array_start, .)
 *(SORT(.fini_array.*))
 *(.fini_array)
                0x080001b0                PROVIDE (__fini_array_end, .)

.flashtext
 *(.flashtext .flashtext.*)

.text           0x080001b0    0x1c990
 *(.text .text.*)
 .text._sbrk    0x080001b0       0x20 ./src/syscalls/syscalls.o
                0x080001b0                _sbrk
 .text._close   0x080001d0        0x8 ./src/syscalls/syscalls.o
                0x080001d0                _close
 .text._fstat   0x080001d8        0xc ./src/syscalls/syscalls.o
                0x080001d8                _fstat
 .text._isatty  0x080001e4        0x4 ./src/syscalls/syscalls.o
                0x080001e4                _isatty
 .text._lseek   0x080001e8        0x4 ./src/syscalls/syscalls.o
                0x080001e8                _lseek
 .text._read    0x080001ec        0x4 ./src/syscalls/syscalls.o
                0x080001ec                _read
 .text._write   0x080001f0        0x4 ./src/syscalls/syscalls.o
                0x080001f0                _write
 .text.PrintChar
                0x080001f4       0x1c ./src/stdio/printf.o
                0x080001f4                PrintChar
 .text.PutChar  0x08000210        0x8 ./src/stdio/printf.o
                0x08000210                PutChar
 .text.PutString
                0x08000218       0x18 ./src/stdio/printf.o
                0x08000218                PutString
 .text.PutUnsignedInt
                0x08000230       0x60 ./src/stdio/printf.o
                0x08000230                PutUnsignedInt
 .text.PutSignedInt
                0x08000290       0xa8 ./src/stdio/printf.o
                0x08000290                PutSignedInt
 .text.PutHexa  0x08000338       0x7c ./src/stdio/printf.o
                0x08000338                PutHexa
 .text.vsnprintf
                0x080003b4      0x144 ./src/stdio/printf.o
                0x080003b4                vsnprintf
 .text.vsprintf
                0x080004f8       0x10 ./src/stdio/printf.o
                0x080004f8                vsprintf
 .text.fputc    0x08000508       0x28 ./src/stdio/printf.o
                0x08000508                fputc
 .text.fputs    0x08000530       0x28 ./src/stdio/printf.o
                0x08000530                fputs
 .text.vfprintf
                0x08000558       0x4c ./src/stdio/printf.o
                0x08000558                vfprintf
 .text.vprintf  0x080005a4       0x18 ./src/stdio/printf.o
                0x080005a4                vprintf
 .text.printf   0x080005bc       0x1c ./src/stdio/printf.o
                0x080005bc                printf
 .text.puts     0x080005d8       0x14 ./src/stdio/printf.o
                0x080005d8                puts
 .text.NVIC_PriorityGroupConfig
                0x080005ec       0x40 ./src/cmsis_lib/source/misc.o
                0x080005ec                NVIC_PriorityGroupConfig
 .text.NVIC_Init
                0x0800062c       0x9c ./src/cmsis_lib/source/misc.o
                0x0800062c                NVIC_Init
 .text.SysTick_CLKSourceConfig
                0x080006c8       0x3c ./src/cmsis_lib/source/misc.o
                0x080006c8                SysTick_CLKSourceConfig
 .text.ADC_Init
                0x08000704      0x158 ./src/cmsis_lib/source/stm32f4xx_adc.o
                0x08000704                ADC_Init
 .text.ADC_StructInit
                0x0800085c       0x14 ./src/cmsis_lib/source/stm32f4xx_adc.o
                0x0800085c                ADC_StructInit
 .text.ADC_CommonInit
                0x08000870      0x10c ./src/cmsis_lib/source/stm32f4xx_adc.o
                0x08000870                ADC_CommonInit
 .text.ADC_Cmd  0x0800097c       0x54 ./src/cmsis_lib/source/stm32f4xx_adc.o
                0x0800097c                ADC_Cmd
 .text.ADC_RegularChannelConfig
                0x080009d0       0xe8 ./src/cmsis_lib/source/stm32f4xx_adc.o
                0x080009d0                ADC_RegularChannelConfig
 .text.ADC_SoftwareStartConv
                0x08000ab8       0x38 ./src/cmsis_lib/source/stm32f4xx_adc.o
                0x08000ab8                ADC_SoftwareStartConv
 .text.ADC_GetConversionValue
                0x08000af0       0x34 ./src/cmsis_lib/source/stm32f4xx_adc.o
                0x08000af0                ADC_GetConversionValue
 .text.EXTI_Init
                0x08000b24       0xd8 ./src/cmsis_lib/source/stm32f4xx_exti.o
                0x08000b24                EXTI_Init
 .text.EXTI_GetITStatus
                0x08000bfc       0xa8 ./src/cmsis_lib/source/stm32f4xx_exti.o
                0x08000bfc                EXTI_GetITStatus
 .text.EXTI_ClearITPendingBit
                0x08000ca4       0x24 ./src/cmsis_lib/source/stm32f4xx_exti.o
                0x08000ca4                EXTI_ClearITPendingBit
 .text.GPIO_Init
                0x08000cc8      0x12c ./src/cmsis_lib/source/stm32f4xx_gpio.o
                0x08000cc8                GPIO_Init
 .text.GPIO_PinAFConfig
                0x08000df4       0xec ./src/cmsis_lib/source/stm32f4xx_gpio.o
                0x08000df4                GPIO_PinAFConfig
 .text.RCC_GetClocksFreq
                0x08000ee0       0xb8 ./src/cmsis_lib/source/stm32f4xx_rcc.o
                0x08000ee0                RCC_GetClocksFreq
 .text.RCC_AHB1PeriphClockCmd
                0x08000f98       0x4c ./src/cmsis_lib/source/stm32f4xx_rcc.o
                0x08000f98                RCC_AHB1PeriphClockCmd
 .text.RCC_APB1PeriphClockCmd
                0x08000fe4       0x4c ./src/cmsis_lib/source/stm32f4xx_rcc.o
                0x08000fe4                RCC_APB1PeriphClockCmd
 .text.RCC_APB2PeriphClockCmd
                0x08001030       0x4c ./src/cmsis_lib/source/stm32f4xx_rcc.o
                0x08001030                RCC_APB2PeriphClockCmd
 .text.RCC_AHB1PeriphResetCmd
                0x0800107c       0x4c ./src/cmsis_lib/source/stm32f4xx_rcc.o
                0x0800107c                RCC_AHB1PeriphResetCmd
 .text.SYSCFG_EXTILineConfig
                0x080010c8       0x50 ./src/cmsis_lib/source/stm32f4xx_syscfg.o
                0x080010c8                SYSCFG_EXTILineConfig
 .text.SYSCFG_ETH_MediaInterfaceConfig
                0x08001118       0x20 ./src/cmsis_lib/source/stm32f4xx_syscfg.o
                0x08001118                SYSCFG_ETH_MediaInterfaceConfig
 .text.USART_Init
                0x08001138      0x1c4 ./src/cmsis_lib/source/stm32f4xx_usart.o
                0x08001138                USART_Init
 .text.USART_Cmd
                0x080012fc       0x70 ./src/cmsis_lib/source/stm32f4xx_usart.o
                0x080012fc                USART_Cmd
 .text.USART_SendData
                0x0800136c       0x60 ./src/cmsis_lib/source/stm32f4xx_usart.o
                0x0800136c                USART_SendData
 .text.USART_ITConfig
                0x080013cc       0xfc ./src/cmsis_lib/source/stm32f4xx_usart.o
                0x080013cc                USART_ITConfig
 .text.USART_GetFlagStatus
                0x080014c8       0xb8 ./src/cmsis_lib/source/stm32f4xx_usart.o
                0x080014c8                USART_GetFlagStatus
 .text.Default_Handler
                0x08001580        0x4 ./src/cmsis_boot/startup/startup_stm32f4xx.o
                0x08001580                RTC_Alarm_IRQHandler
                0x08001580                HASH_RNG_IRQHandler
                0x08001580                EXTI2_IRQHandler
                0x08001580                TIM8_CC_IRQHandler
                0x08001580                TIM1_CC_IRQHandler
                0x08001580                DMA2_Stream5_IRQHandler
                0x08001580                DMA1_Stream5_IRQHandler
                0x08001580                PVD_IRQHandler
                0x08001580                SDIO_IRQHandler
                0x08001580                TAMP_STAMP_IRQHandler
                0x08001580                CAN2_RX1_IRQHandler
                0x08001580                EXTI3_IRQHandler
                0x08001580                TIM8_TRG_COM_TIM14_IRQHandler
                0x08001580                TIM1_UP_TIM10_IRQHandler
                0x08001580                TIM8_UP_TIM13_IRQHandler
                0x08001580                I2C3_ER_IRQHandler
                0x08001580                EXTI0_IRQHandler
                0x08001580                I2C2_EV_IRQHandler
                0x08001580                DMA1_Stream2_IRQHandler
                0x08001580                CAN1_RX0_IRQHandler
                0x08001580                FPU_IRQHandler
                0x08001580                OTG_HS_WKUP_IRQHandler
                0x08001580                CAN2_SCE_IRQHandler
                0x08001580                DMA2_Stream2_IRQHandler
                0x08001580                SPI1_IRQHandler
                0x08001580                TIM6_DAC_IRQHandler
                0x08001580                TIM1_BRK_TIM9_IRQHandler
                0x08001580                DCMI_IRQHandler
                0x08001580                CAN2_RX0_IRQHandler
                0x08001580                DMA2_Stream3_IRQHandler
                0x08001580                USART6_IRQHandler
                0x08001580                USART3_IRQHandler
                0x08001580                CRYP_IRQHandler
                0x08001580                CAN1_RX1_IRQHandler
                0x08001580                UART5_IRQHandler
                0x08001580                DMA2_Stream0_IRQHandler
                0x08001580                TIM4_IRQHandler
                0x08001580                I2C1_EV_IRQHandler
                0x08001580                DMA1_Stream6_IRQHandler
                0x08001580                DMA1_Stream1_IRQHandler
                0x08001580                UART4_IRQHandler
                0x08001580                TIM3_IRQHandler
                0x08001580                RCC_IRQHandler
                0x08001580                TIM8_BRK_TIM12_IRQHandler
                0x08001580                ADC_IRQHandler
                0x08001580                DMA1_Stream7_IRQHandler
                0x08001580                TIM7_IRQHandler
                0x08001580                CAN2_TX_IRQHandler
                0x08001580                TIM5_IRQHandler
                0x08001580                DMA2_Stream7_IRQHandler
                0x08001580                I2C3_EV_IRQHandler
                0x08001580                EXTI9_5_IRQHandler
                0x08001580                RTC_WKUP_IRQHandler
                0x08001580                ETH_WKUP_IRQHandler
                0x08001580                SPI2_IRQHandler
                0x08001580                OTG_HS_EP1_IN_IRQHandler
                0x08001580                DMA1_Stream0_IRQHandler
                0x08001580                CAN1_TX_IRQHandler
                0x08001580                EXTI4_IRQHandler
                0x08001580                FSMC_IRQHandler
                0x08001580                ETH_IRQHandler
                0x08001580                OTG_HS_EP1_OUT_IRQHandler
                0x08001580                WWDG_IRQHandler
                0x08001580                TIM2_IRQHandler
                0x08001580                OTG_FS_WKUP_IRQHandler
                0x08001580                TIM1_TRG_COM_TIM11_IRQHandler
                0x08001580                OTG_HS_IRQHandler
                0x08001580                EXTI1_IRQHandler
                0x08001580                USART2_IRQHandler
                0x08001580                I2C2_ER_IRQHandler
                0x08001580                DMA2_Stream1_IRQHandler
                0x08001580                CAN1_SCE_IRQHandler
                0x08001580                FLASH_IRQHandler
                0x08001580                DMA2_Stream4_IRQHandler
                0x08001580                USART1_IRQHandler
                0x08001580                OTG_FS_IRQHandler
                0x08001580                SPI3_IRQHandler
                0x08001580                DMA1_Stream4_IRQHandler
                0x08001580                I2C1_ER_IRQHandler
                0x08001580                DMA2_Stream6_IRQHandler
                0x08001580                DMA1_Stream3_IRQHandler
 .text.Default_Reset_Handler
                0x08001584       0x48 ./src/cmsis_boot/startup/startup_stm32f4xx.o
                0x08001584                Reset_Handler
                0x08001584                Default_Reset_Handler
 .text.SetSysClock
                0x080015cc       0xc4 ./src/cmsis_boot/system_stm32f4xx.o
 .text.SystemInit
                0x08001690       0x44 ./src/cmsis_boot/system_stm32f4xx.o
                0x08001690                SystemInit
 .text.free_etharp_q
                0x080016d4       0x20 ./src/STM32F4x7_ETH_Driver/src/netif/etharp.o
 .text.find_entry
                0x080016f4      0x248 ./src/STM32F4x7_ETH_Driver/src/netif/etharp.o
 .text.etharp_send_ip
                0x0800193c       0x40 ./src/STM32F4x7_ETH_Driver/src/netif/etharp.o
 .text.update_arp_entry
                0x0800197c      0x14c ./src/STM32F4x7_ETH_Driver/src/netif/etharp.o
 .text.etharp_tmr
                0x08001ac8       0xa0 ./src/STM32F4x7_ETH_Driver/src/netif/etharp.o
                0x08001ac8                etharp_tmr
 .text.etharp_ip_input
                0x08001b68       0x34 ./src/STM32F4x7_ETH_Driver/src/netif/etharp.o
                0x08001b68                etharp_ip_input
 .text.etharp_arp_input
                0x08001b9c      0x1c0 ./src/STM32F4x7_ETH_Driver/src/netif/etharp.o
                0x08001b9c                etharp_arp_input
 .text.etharp_raw
                0x08001d5c       0xc4 ./src/STM32F4x7_ETH_Driver/src/netif/etharp.o
                0x08001d5c                etharp_raw
 .text.etharp_request
                0x08001e20       0x3c ./src/STM32F4x7_ETH_Driver/src/netif/etharp.o
                0x08001e20                etharp_request
 .text.etharp_query
                0x08001e5c      0x188 ./src/STM32F4x7_ETH_Driver/src/netif/etharp.o
                0x08001e5c                etharp_query
 .text.etharp_output
                0x08001fe4       0xbc ./src/STM32F4x7_ETH_Driver/src/netif/etharp.o
                0x08001fe4                etharp_output
 .text.ethernet_input
                0x080020a0       0xc8 ./src/STM32F4x7_ETH_Driver/src/netif/etharp.o
                0x080020a0                ethernet_input
 .text.autoip_start_probing
                0x08002168       0x58 ./src/STM32F4x7_ETH_Driver/src/core/ipv4/autoip.o
 .text.autoip_create_addr
                0x080021c0       0x68 ./src/STM32F4x7_ETH_Driver/src/core/ipv4/autoip.o
 .text.autoip_arp_announce
                0x08002228       0x2c ./src/STM32F4x7_ETH_Driver/src/core/ipv4/autoip.o
 .text.autoip_start
                0x08002254       0xc8 ./src/STM32F4x7_ETH_Driver/src/core/ipv4/autoip.o
                0x08002254                autoip_start
 .text.autoip_handle_arp_conflict
                0x0800231c       0x34 ./src/STM32F4x7_ETH_Driver/src/core/ipv4/autoip.o
 .text.autoip_arp_reply
                0x08002350       0xbc ./src/STM32F4x7_ETH_Driver/src/core/ipv4/autoip.o
                0x08002350                autoip_arp_reply
 .text.icmp_send_response
                0x0800240c      0x188 ./src/STM32F4x7_ETH_Driver/src/core/ipv4/icmp.o
 .text.icmp_input
                0x08002594      0x1ac ./src/STM32F4x7_ETH_Driver/src/core/ipv4/icmp.o
                0x08002594                icmp_input
 .text.icmp_dest_unreach
                0x08002740        0xc ./src/STM32F4x7_ETH_Driver/src/core/ipv4/icmp.o
                0x08002740                icmp_dest_unreach
 .text.icmp_time_exceeded
                0x0800274c        0xc ./src/STM32F4x7_ETH_Driver/src/core/ipv4/icmp.o
                0x0800274c                icmp_time_exceeded
 .text.htons    0x08002758        0xc ./src/STM32F4x7_ETH_Driver/src/core/ipv4/inet.o
                0x08002758                htons
 .text.ntohs    0x08002764        0x8 ./src/STM32F4x7_ETH_Driver/src/core/ipv4/inet.o
                0x08002764                ntohs
 .text.htonl    0x0800276c       0x18 ./src/STM32F4x7_ETH_Driver/src/core/ipv4/inet.o
                0x0800276c                htonl
 .text.ntohl    0x08002784        0x8 ./src/STM32F4x7_ETH_Driver/src/core/ipv4/inet.o
                0x08002784                ntohl
 .text.lwip_standard_chksum
                0x0800278c       0x3c ./src/STM32F4x7_ETH_Driver/src/core/ipv4/inet_chksum.o
 .text.inet_chksum
                0x080027c8        0xc ./src/STM32F4x7_ETH_Driver/src/core/ipv4/inet_chksum.o
                0x080027c8                inet_chksum
 .text.inet_chksum_pbuf
                0x080027d4       0x4c ./src/STM32F4x7_ETH_Driver/src/core/ipv4/inet_chksum.o
                0x080027d4                inet_chksum_pbuf
 .text.ip_route
                0x08002820       0x54 ./src/STM32F4x7_ETH_Driver/src/core/ipv4/ip.o
                0x08002820                ip_route
 .text.ip_debug_print
                0x08002874      0x14c ./src/STM32F4x7_ETH_Driver/src/core/ipv4/ip.o
                0x08002874                ip_debug_print
 .text.ip_input
                0x080029c0      0x2d4 ./src/STM32F4x7_ETH_Driver/src/core/ipv4/ip.o
                0x080029c0                ip_input
 .text.ip_output_if
                0x08002c94      0x110 ./src/STM32F4x7_ETH_Driver/src/core/ipv4/ip.o
                0x08002c94                ip_output_if
 .text.ip_output
                0x08002da4       0x44 ./src/STM32F4x7_ETH_Driver/src/core/ipv4/ip.o
                0x08002da4                ip_output
 .text.ip_addr_isbroadcast
                0x08002de8       0x44 ./src/STM32F4x7_ETH_Driver/src/core/ipv4/ip_addr.o
                0x08002de8                ip_addr_isbroadcast
 .text.ip_reass_dequeue_datagram
                0x08002e2c       0x28 ./src/STM32F4x7_ETH_Driver/src/core/ipv4/ip_frag.o
 .text.ip_reass_free_complete_datagram
                0x08002e54       0x80 ./src/STM32F4x7_ETH_Driver/src/core/ipv4/ip_frag.o
 .text.ip_reass_remove_oldest_datagram
                0x08002ed4       0x70 ./src/STM32F4x7_ETH_Driver/src/core/ipv4/ip_frag.o
 .text.ip_reass_chain_frag_into_datagram_and_validate
                0x08002f44      0x104 ./src/STM32F4x7_ETH_Driver/src/core/ipv4/ip_frag.o
 .text.ip_reass_enqueue_new_datagram
                0x08003048       0x68 ./src/STM32F4x7_ETH_Driver/src/core/ipv4/ip_frag.o
 .text.ip_reass
                0x080030b0      0x1f0 ./src/STM32F4x7_ETH_Driver/src/core/ipv4/ip_frag.o
                0x080030b0                ip_reass
 .text.ip_frag  0x080032a0      0x154 ./src/STM32F4x7_ETH_Driver/src/core/ipv4/ip_frag.o
                0x080032a0                ip_frag
 .text.dhcp_set_state
                0x080033f4       0x10 ./src/STM32F4x7_ETH_Driver/src/core/dhcp.o
 .text.dhcp_option
                0x08003404       0x24 ./src/STM32F4x7_ETH_Driver/src/core/dhcp.o
 .text.dhcp_option_byte
                0x08003428       0x18 ./src/STM32F4x7_ETH_Driver/src/core/dhcp.o
 .text.dhcp_option_short
                0x08003440       0x28 ./src/STM32F4x7_ETH_Driver/src/core/dhcp.o
 .text.dhcp_option_long
                0x08003468       0x4c ./src/STM32F4x7_ETH_Driver/src/core/dhcp.o
 .text.dhcp_option_trailer
                0x080034b4       0x34 ./src/STM32F4x7_ETH_Driver/src/core/dhcp.o
 .text.dhcp_get_option_ptr
                0x080034e8      0x110 ./src/STM32F4x7_ETH_Driver/src/core/dhcp.o
 .text.dhcp_get_option_byte
                0x080035f8       0x14 ./src/STM32F4x7_ETH_Driver/src/core/dhcp.o
 .text.dhcp_get_option_long
                0x0800360c       0x28 ./src/STM32F4x7_ETH_Driver/src/core/dhcp.o
 .text.dhcp_create_request
                0x08003634      0x144 ./src/STM32F4x7_ETH_Driver/src/core/dhcp.o
 .text.dhcp_handle_ack
                0x08003778       0xe8 ./src/STM32F4x7_ETH_Driver/src/core/dhcp.o
 .text.dhcp_delete_request
                0x08003860       0x1c ./src/STM32F4x7_ETH_Driver/src/core/dhcp.o
 .text.dhcp_rebind
                0x0800387c       0xcc ./src/STM32F4x7_ETH_Driver/src/core/dhcp.o
 .text.dhcp_t2_timeout
                0x08003948       0x30 ./src/STM32F4x7_ETH_Driver/src/core/dhcp.o
 .text.dhcp_discover
                0x08003978      0x128 ./src/STM32F4x7_ETH_Driver/src/core/dhcp.o
 .text.dhcp_select
                0x08003aa0      0x134 ./src/STM32F4x7_ETH_Driver/src/core/dhcp.o
 .text.dhcp_handle_offer
                0x08003bd4       0x6c ./src/STM32F4x7_ETH_Driver/src/core/dhcp.o
 .text.dhcp_reboot
                0x08003c40       0xe8 ./src/STM32F4x7_ETH_Driver/src/core/dhcp.o
 .text.dhcp_decline
                0x08003d28       0xac ./src/STM32F4x7_ETH_Driver/src/core/dhcp.o
 .text.dhcp_check
                0x08003dd4       0x54 ./src/STM32F4x7_ETH_Driver/src/core/dhcp.o
 .text.dhcp_bind
                0x08003e28      0x180 ./src/STM32F4x7_ETH_Driver/src/core/dhcp.o
 .text.dhcp_free_reply
                0x08003fa8       0x2c ./src/STM32F4x7_ETH_Driver/src/core/dhcp.o
 .text.dhcp_unfold_reply
                0x08003fd4       0xa0 ./src/STM32F4x7_ETH_Driver/src/core/dhcp.o
 .text.dhcp_handle_nak
                0x08004074       0x58 ./src/STM32F4x7_ETH_Driver/src/core/dhcp.o
 .text.dhcp_recv
                0x080040cc      0x1bc ./src/STM32F4x7_ETH_Driver/src/core/dhcp.o
 .text.dhcp_arp_reply
                0x08004288       0x48 ./src/STM32F4x7_ETH_Driver/src/core/dhcp.o
                0x08004288                dhcp_arp_reply
 .text.dhcp_renew
                0x080042d0       0xcc ./src/STM32F4x7_ETH_Driver/src/core/dhcp.o
                0x080042d0                dhcp_renew
 .text.dhcp_t1_timeout
                0x0800439c       0x30 ./src/STM32F4x7_ETH_Driver/src/core/dhcp.o
 .text.dhcp_coarse_tmr
                0x080043cc       0x5c ./src/STM32F4x7_ETH_Driver/src/core/dhcp.o
                0x080043cc                dhcp_coarse_tmr
 .text.dhcp_release
                0x08004428       0xf0 ./src/STM32F4x7_ETH_Driver/src/core/dhcp.o
                0x08004428                dhcp_release
 .text.dhcp_timeout
                0x08004518       0xe8 ./src/STM32F4x7_ETH_Driver/src/core/dhcp.o
 .text.dhcp_fine_tmr
                0x08004600       0x3c ./src/STM32F4x7_ETH_Driver/src/core/dhcp.o
                0x08004600                dhcp_fine_tmr
 .text.dhcp_stop
                0x0800463c       0x38 ./src/STM32F4x7_ETH_Driver/src/core/dhcp.o
                0x0800463c                dhcp_stop
 .text.dhcp_start
                0x08004674      0x114 ./src/STM32F4x7_ETH_Driver/src/core/dhcp.o
                0x08004674                dhcp_start
 .text.plug_holes
                0x08004788       0x68 ./src/STM32F4x7_ETH_Driver/src/core/mem.o
 .text.mem_init
                0x080047f0       0x44 ./src/STM32F4x7_ETH_Driver/src/core/mem.o
                0x080047f0                mem_init
 .text.mem_free
                0x08004834       0x54 ./src/STM32F4x7_ETH_Driver/src/core/mem.o
                0x08004834                mem_free
 .text.mem_realloc
                0x08004888       0xd4 ./src/STM32F4x7_ETH_Driver/src/core/mem.o
                0x08004888                mem_realloc
 .text.mem_malloc
                0x0800495c       0xc8 ./src/STM32F4x7_ETH_Driver/src/core/mem.o
                0x0800495c                mem_malloc
 .text.memp_init
                0x08004a24       0x64 ./src/STM32F4x7_ETH_Driver/src/core/memp.o
                0x08004a24                memp_init
 .text.memp_malloc
                0x08004a88       0x38 ./src/STM32F4x7_ETH_Driver/src/core/memp.o
                0x08004a88                memp_malloc
 .text.memp_free
                0x08004ac0       0x18 ./src/STM32F4x7_ETH_Driver/src/core/memp.o
                0x08004ac0                memp_free
 .text.netif_set_ipaddr
                0x08004ad8       0xc8 ./src/STM32F4x7_ETH_Driver/src/core/netif.o
                0x08004ad8                netif_set_ipaddr
 .text.netif_set_gw
                0x08004ba0       0x5c ./src/STM32F4x7_ETH_Driver/src/core/netif.o
                0x08004ba0                netif_set_gw
 .text.netif_set_netmask
                0x08004bfc       0x5c ./src/STM32F4x7_ETH_Driver/src/core/netif.o
                0x08004bfc                netif_set_netmask
 .text.netif_set_addr
                0x08004c58       0x20 ./src/STM32F4x7_ETH_Driver/src/core/netif.o
                0x08004c58                netif_set_addr
 .text.netif_add
                0x08004c78      0x19c ./src/STM32F4x7_ETH_Driver/src/core/netif.o
                0x08004c78                netif_add
 .text.netif_set_default
                0x08004e14       0x2c ./src/STM32F4x7_ETH_Driver/src/core/netif.o
                0x08004e14                netif_set_default
 .text.netif_set_up
                0x08004e40       0x24 ./src/STM32F4x7_ETH_Driver/src/core/netif.o
                0x08004e40                netif_set_up
 .text.netif_set_down
                0x08004e64       0x14 ./src/STM32F4x7_ETH_Driver/src/core/netif.o
                0x08004e64                netif_set_down
 .text.netif_is_up
                0x08004e78        0xc ./src/STM32F4x7_ETH_Driver/src/core/netif.o
                0x08004e78                netif_is_up
 .text.pbuf_header
                0x08004e84       0x94 ./src/STM32F4x7_ETH_Driver/src/core/pbuf.o
                0x08004e84                pbuf_header
 .text.pbuf_free
                0x08004f18       0x84 ./src/STM32F4x7_ETH_Driver/src/core/pbuf.o
                0x08004f18                pbuf_free
 .text.pbuf_alloc
                0x08004f9c      0x170 ./src/STM32F4x7_ETH_Driver/src/core/pbuf.o
                0x08004f9c                pbuf_alloc
 .text.pbuf_realloc
                0x0800510c       0x50 ./src/STM32F4x7_ETH_Driver/src/core/pbuf.o
                0x0800510c                pbuf_realloc
 .text.pbuf_clen
                0x0800515c       0x14 ./src/STM32F4x7_ETH_Driver/src/core/pbuf.o
                0x0800515c                pbuf_clen
 .text.pbuf_ref
                0x08005170        0xc ./src/STM32F4x7_ETH_Driver/src/core/pbuf.o
                0x08005170                pbuf_ref
 .text.pbuf_cat
                0x0800517c       0x2c ./src/STM32F4x7_ETH_Driver/src/core/pbuf.o
                0x0800517c                pbuf_cat
 .text.pbuf_chain
                0x080051a8       0x20 ./src/STM32F4x7_ETH_Driver/src/core/pbuf.o
                0x080051a8                pbuf_chain
 .text.pbuf_copy
                0x080051c8       0xb8 ./src/STM32F4x7_ETH_Driver/src/core/pbuf.o
                0x080051c8                pbuf_copy
 .text.pbuf_copy_partial
                0x08005280       0x7c ./src/STM32F4x7_ETH_Driver/src/core/pbuf.o
                0x08005280                pbuf_copy_partial
 .text.raw_input
                0x080052fc       0x6c ./src/STM32F4x7_ETH_Driver/src/core/raw.o
                0x080052fc                raw_input
 .text.tcp_accept_null
                0x08005368        0x8 ./src/STM32F4x7_ETH_Driver/src/core/tcp.o
 .text.tcp_new_port
                0x08005370       0x70 ./src/STM32F4x7_ETH_Driver/src/core/tcp.o
 .text.tcp_bind
                0x080053e0      0x124 ./src/STM32F4x7_ETH_Driver/src/core/tcp.o
                0x080053e0                tcp_bind
 .text.tcp_listen_with_backlog
                0x08005504       0xa4 ./src/STM32F4x7_ETH_Driver/src/core/tcp.o
                0x08005504                tcp_listen_with_backlog
 .text.tcp_update_rcv_ann_wnd
                0x080055a8       0x3c ./src/STM32F4x7_ETH_Driver/src/core/tcp.o
                0x080055a8                tcp_update_rcv_ann_wnd
 .text.tcp_recved
                0x080055e4       0x50 ./src/STM32F4x7_ETH_Driver/src/core/tcp.o
                0x080055e4                tcp_recved
 .text.tcp_seg_free
                0x08005634       0x28 ./src/STM32F4x7_ETH_Driver/src/core/tcp.o
                0x08005634                tcp_seg_free
 .text.tcp_segs_free
                0x0800565c       0x1c ./src/STM32F4x7_ETH_Driver/src/core/tcp.o
                0x0800565c                tcp_segs_free
 .text.tcp_setprio
                0x08005678        0x4 ./src/STM32F4x7_ETH_Driver/src/core/tcp.o
                0x08005678                tcp_setprio
 .text.tcp_arg  0x0800567c        0x4 ./src/STM32F4x7_ETH_Driver/src/core/tcp.o
                0x0800567c                tcp_arg
 .text.tcp_recv
                0x08005680        0x8 ./src/STM32F4x7_ETH_Driver/src/core/tcp.o
                0x08005680                tcp_recv
 .text.tcp_sent
                0x08005688        0x8 ./src/STM32F4x7_ETH_Driver/src/core/tcp.o
                0x08005688                tcp_sent
 .text.tcp_err  0x08005690        0x8 ./src/STM32F4x7_ETH_Driver/src/core/tcp.o
                0x08005690                tcp_err
 .text.tcp_accept
                0x08005698        0x4 ./src/STM32F4x7_ETH_Driver/src/core/tcp.o
                0x08005698                tcp_accept
 .text.tcp_poll
                0x0800569c        0xc ./src/STM32F4x7_ETH_Driver/src/core/tcp.o
                0x0800569c                tcp_poll
 .text.tcp_pcb_purge
                0x080056a8       0x64 ./src/STM32F4x7_ETH_Driver/src/core/tcp.o
                0x080056a8                tcp_pcb_purge
 .text.tcp_slowtmr
                0x0800570c      0x330 ./src/STM32F4x7_ETH_Driver/src/core/tcp.o
                0x0800570c                tcp_slowtmr
 .text.tcp_next_iss
                0x08005a3c       0x18 ./src/STM32F4x7_ETH_Driver/src/core/tcp.o
                0x08005a3c                tcp_next_iss
 .text.tcp_eff_send_mss
                0x08005a54       0x20 ./src/STM32F4x7_ETH_Driver/src/core/tcp.o
                0x08005a54                tcp_eff_send_mss
 .text.tcp_debug_print_state
                0x08005a74       0x18 ./src/STM32F4x7_ETH_Driver/src/core/tcp.o
                0x08005a74                tcp_debug_print_state
 .text.tcp_debug_print_flags
                0x08005a8c       0x8c ./src/STM32F4x7_ETH_Driver/src/core/tcp.o
                0x08005a8c                tcp_debug_print_flags
 .text.tcp_debug_print
                0x08005b18      0x130 ./src/STM32F4x7_ETH_Driver/src/core/tcp.o
                0x08005b18                tcp_debug_print
 .text.tcp_pcbs_sane
                0x08005c48       0x24 ./src/STM32F4x7_ETH_Driver/src/core/tcp.o
                0x08005c48                tcp_pcbs_sane
 .text.tcp_pcb_remove
                0x08005c6c       0x68 ./src/STM32F4x7_ETH_Driver/src/core/tcp.o
                0x08005c6c                tcp_pcb_remove
 .text.tcp_close
                0x08005cd4       0xe8 ./src/STM32F4x7_ETH_Driver/src/core/tcp.o
                0x08005cd4                tcp_close
 .text.tcp_recv_null
                0x08005dbc       0x28 ./src/STM32F4x7_ETH_Driver/src/core/tcp.o
                0x08005dbc                tcp_recv_null
 .text.tcp_fasttmr
                0x08005de4       0x78 ./src/STM32F4x7_ETH_Driver/src/core/tcp.o
                0x08005de4                tcp_fasttmr
 .text.tcp_tmr  0x08005e5c       0x20 ./src/STM32F4x7_ETH_Driver/src/core/tcp.o
                0x08005e5c                tcp_tmr
 .text.tcp_abandon
                0x08005e7c       0xa8 ./src/STM32F4x7_ETH_Driver/src/core/tcp.o
                0x08005e7c                tcp_abandon
 .text.tcp_kill_timewait
                0x08005f24       0x44 ./src/STM32F4x7_ETH_Driver/src/core/tcp.o
 .text.tcp_kill_prio
                0x08005f68       0x50 ./src/STM32F4x7_ETH_Driver/src/core/tcp.o
 .text.tcp_alloc
                0x08005fb8       0xc4 ./src/STM32F4x7_ETH_Driver/src/core/tcp.o
                0x08005fb8                tcp_alloc
 .text.tcp_new  0x0800607c        0xc ./src/STM32F4x7_ETH_Driver/src/core/tcp.o
                0x0800607c                tcp_new
 .text.tcp_parseopt
                0x08006088       0xd4 ./src/STM32F4x7_ETH_Driver/src/core/tcp_in.o
 .text.tcp_timewait_input
                0x0800615c       0xa0 ./src/STM32F4x7_ETH_Driver/src/core/tcp_in.o
 .text.tcp_listen_input
                0x080061fc      0x13c ./src/STM32F4x7_ETH_Driver/src/core/tcp_in.o
 .text.tcp_receive
                0x08006338      0x6cc ./src/STM32F4x7_ETH_Driver/src/core/tcp_in.o
 .text.tcp_process
                0x08006a04      0x578 ./src/STM32F4x7_ETH_Driver/src/core/tcp_in.o
 .text.tcp_input
                0x08006f7c      0x440 ./src/STM32F4x7_ETH_Driver/src/core/tcp_in.o
                0x08006f7c                tcp_input
 .text.tcp_output_set_header
                0x080073bc       0x7c ./src/STM32F4x7_ETH_Driver/src/core/tcp_out.o
 .text.tcp_output_segment
                0x08007438       0xec ./src/STM32F4x7_ETH_Driver/src/core/tcp_out.o
 .text.tcp_enqueue
                0x08007524      0x480 ./src/STM32F4x7_ETH_Driver/src/core/tcp_out.o
                0x08007524                tcp_enqueue
 .text.tcp_send_ctrl
                0x080079a4       0x1c ./src/STM32F4x7_ETH_Driver/src/core/tcp_out.o
                0x080079a4                tcp_send_ctrl
 .text.tcp_write
                0x080079c0       0x5c ./src/STM32F4x7_ETH_Driver/src/core/tcp_out.o
                0x080079c0                tcp_write
 .text.tcp_send_empty_ack
                0x08007a1c       0x70 ./src/STM32F4x7_ETH_Driver/src/core/tcp_out.o
                0x08007a1c                tcp_send_empty_ack
 .text.tcp_output
                0x08007a8c      0x29c ./src/STM32F4x7_ETH_Driver/src/core/tcp_out.o
                0x08007a8c                tcp_output
 .text.tcp_rst  0x08007d28       0xb8 ./src/STM32F4x7_ETH_Driver/src/core/tcp_out.o
                0x08007d28                tcp_rst
 .text.tcp_rexmit_rto
                0x08007de0       0x30 ./src/STM32F4x7_ETH_Driver/src/core/tcp_out.o
                0x08007de0                tcp_rexmit_rto
 .text.tcp_rexmit
                0x08007e10       0x48 ./src/STM32F4x7_ETH_Driver/src/core/tcp_out.o
                0x08007e10                tcp_rexmit
 .text.tcp_rexmit_fast
                0x08007e58       0x90 ./src/STM32F4x7_ETH_Driver/src/core/tcp_out.o
                0x08007e58                tcp_rexmit_fast
 .text.tcp_keepalive
                0x08007ee8       0xac ./src/STM32F4x7_ETH_Driver/src/core/tcp_out.o
                0x08007ee8                tcp_keepalive
 .text.tcp_zero_window_probe
                0x08007f94      0x100 ./src/STM32F4x7_ETH_Driver/src/core/tcp_out.o
                0x08007f94                tcp_zero_window_probe
 .text.udp_bind
                0x08008094      0x11c ./src/STM32F4x7_ETH_Driver/src/core/udp.o
                0x08008094                udp_bind
 .text.udp_sendto_if
                0x080081b0      0x12c ./src/STM32F4x7_ETH_Driver/src/core/udp.o
                0x080081b0                udp_sendto_if
 .text.udp_connect
                0x080082dc       0x8c ./src/STM32F4x7_ETH_Driver/src/core/udp.o
                0x080082dc                udp_connect
 .text.udp_recv
                0x08008368        0x8 ./src/STM32F4x7_ETH_Driver/src/core/udp.o
                0x08008368                udp_recv
 .text.udp_remove
                0x08008370       0x34 ./src/STM32F4x7_ETH_Driver/src/core/udp.o
                0x08008370                udp_remove
 .text.udp_new  0x080083a4       0x1c ./src/STM32F4x7_ETH_Driver/src/core/udp.o
                0x080083a4                udp_new
 .text.udp_debug_print
                0x080083c0       0x60 ./src/STM32F4x7_ETH_Driver/src/core/udp.o
                0x080083c0                udp_debug_print
 .text.udp_input
                0x08008420      0x31c ./src/STM32F4x7_ETH_Driver/src/core/udp.o
                0x08008420                udp_input
 .text.low_level_input
                0x0800873c       0x94 ./src/STM32F4x7_ETH_Driver/src/ethernetif.o
 .text.low_level_output
                0x080087d0       0x30 ./src/STM32F4x7_ETH_Driver/src/ethernetif.o
 .text.low_level_init
                0x08008800       0x80 ./src/STM32F4x7_ETH_Driver/src/ethernetif.o
 .text.ethernetif_input
                0x08008880       0x30 ./src/STM32F4x7_ETH_Driver/src/ethernetif.o
                0x08008880                ethernetif_input
 .text.ethernetif_init
                0x080088b0       0x28 ./src/STM32F4x7_ETH_Driver/src/ethernetif.o
                0x080088b0                ethernetif_init
 .text.ETH_Delay
                0x080088d8       0x20 ./src/STM32F4x7_ETH_Driver/src/stm32f4x7_eth.o
 .text.ETH_DeInit
                0x080088f8       0x18 ./src/STM32F4x7_ETH_Driver/src/stm32f4x7_eth.o
                0x080088f8                ETH_DeInit
 .text.ETH_StructInit
                0x08008910       0xa8 ./src/STM32F4x7_ETH_Driver/src/stm32f4x7_eth.o
                0x08008910                ETH_StructInit
 .text.ETH_MACTransmissionCmd
                0x080089b8       0x34 ./src/STM32F4x7_ETH_Driver/src/stm32f4x7_eth.o
                0x080089b8                ETH_MACTransmissionCmd
 .text.ETH_MACReceptionCmd
                0x080089ec       0x34 ./src/STM32F4x7_ETH_Driver/src/stm32f4x7_eth.o
                0x080089ec                ETH_MACReceptionCmd
 .text.ETH_MACAddressConfig
                0x08008a20       0x50 ./src/STM32F4x7_ETH_Driver/src/stm32f4x7_eth.o
                0x08008a20                ETH_MACAddressConfig
 .text.ETH_Get_Received_Frame
                0x08008a70       0x40 ./src/STM32F4x7_ETH_Driver/src/stm32f4x7_eth.o
                0x08008a70                ETH_Get_Received_Frame
 .text.ETH_Prepare_Transmit_Descriptors
                0x08008ab0       0xe0 ./src/STM32F4x7_ETH_Driver/src/stm32f4x7_eth.o
                0x08008ab0                ETH_Prepare_Transmit_Descriptors
 .text.ETH_DMARxDescChainInit
                0x08008b90       0x60 ./src/STM32F4x7_ETH_Driver/src/stm32f4x7_eth.o
                0x08008b90                ETH_DMARxDescChainInit
 .text.ETH_CheckFrameReceived
                0x08008bf0       0x8c ./src/STM32F4x7_ETH_Driver/src/stm32f4x7_eth.o
                0x08008bf0                ETH_CheckFrameReceived
 .text.ETH_DMATxDescChainInit
                0x08008c7c       0x4c ./src/STM32F4x7_ETH_Driver/src/stm32f4x7_eth.o
                0x08008c7c                ETH_DMATxDescChainInit
 .text.ETH_DMATxDescChecksumInsertionConfig
                0x08008cc8       0x30 ./src/STM32F4x7_ETH_Driver/src/stm32f4x7_eth.o
                0x08008cc8                ETH_DMATxDescChecksumInsertionConfig
 .text.ETH_SoftwareReset
                0x08008cf8       0x10 ./src/STM32F4x7_ETH_Driver/src/stm32f4x7_eth.o
                0x08008cf8                ETH_SoftwareReset
 .text.ETH_GetSoftwareResetStatus
                0x08008d08       0x18 ./src/STM32F4x7_ETH_Driver/src/stm32f4x7_eth.o
                0x08008d08                ETH_GetSoftwareResetStatus
 .text.ETH_FlushTransmitFIFO
                0x08008d20       0x14 ./src/STM32F4x7_ETH_Driver/src/stm32f4x7_eth.o
                0x08008d20                ETH_FlushTransmitFIFO
 .text.ETH_DMATransmissionCmd
                0x08008d34       0x3c ./src/STM32F4x7_ETH_Driver/src/stm32f4x7_eth.o
                0x08008d34                ETH_DMATransmissionCmd
 .text.ETH_DMAReceptionCmd
                0x08008d70       0x3c ./src/STM32F4x7_ETH_Driver/src/stm32f4x7_eth.o
                0x08008d70                ETH_DMAReceptionCmd
 .text.ETH_Start
                0x08008dac       0x20 ./src/STM32F4x7_ETH_Driver/src/stm32f4x7_eth.o
                0x08008dac                ETH_Start
 .text.ETH_ReadPHYRegister
                0x08008dcc       0x88 ./src/STM32F4x7_ETH_Driver/src/stm32f4x7_eth.o
                0x08008dcc                ETH_ReadPHYRegister
 .text.ETH_WritePHYRegister
                0x08008e54       0x88 ./src/STM32F4x7_ETH_Driver/src/stm32f4x7_eth.o
                0x08008e54                ETH_WritePHYRegister
 .text.ETH_Init
                0x08008edc      0x730 ./src/STM32F4x7_ETH_Driver/src/stm32f4x7_eth.o
                0x08008edc                ETH_Init
 .text.fs_malloc
                0x0800960c       0x40 ./src/Ethernet/source/fs.o
 .text.fs_free  0x0800964c       0x30 ./src/Ethernet/source/fs.o
 .text.fs_open  0x0800967c       0x4c ./src/Ethernet/source/fs.o
                0x0800967c                fs_open
 .text.fs_close
                0x080096c8        0x8 ./src/Ethernet/source/fs.o
                0x080096c8                fs_close
 .text.fs_read  0x080096d0       0x34 ./src/Ethernet/source/fs.o
                0x080096d0                fs_read
 .text.fs_bytes_left
                0x08009704        0x8 ./src/Ethernet/source/fs.o
                0x08009704                fs_bytes_left
 .text.httpd_init_addr
                0x0800970c       0x38 ./src/Ethernet/source/httpd.o
 .text.get_tag_insert
                0x08009744       0xbc ./src/Ethernet/source/httpd.o
 .text.http_write
                0x08009800       0x4c ./src/Ethernet/source/httpd.o
 .text.http_state_free
                0x0800984c       0x28 ./src/Ethernet/source/httpd.o
 .text.http_close_conn
                0x08009874       0x4c ./src/Ethernet/source/httpd.o
 .text.http_send_data
                0x080098c0      0x424 ./src/Ethernet/source/httpd.o
 .text.http_sent
                0x08009ce4       0x1c ./src/Ethernet/source/httpd.o
 .text.http_err
                0x08009d00        0xc ./src/Ethernet/source/httpd.o
 .text.http_poll
                0x08009d0c       0x3c ./src/Ethernet/source/httpd.o
 .text.strnstr  0x08009d48       0x58 ./src/Ethernet/source/httpd.o
 .text.http_init_file
                0x08009da0       0x5c ./src/Ethernet/source/httpd.o
 .text.http_get_404_file
                0x08009dfc       0x3c ./src/Ethernet/source/httpd.o
 .text.extract_uri_parameters
                0x08009e38       0x7c ./src/Ethernet/source/httpd.o
 .text.http_find_file
                0x08009eb4      0x12c ./src/Ethernet/source/httpd.o
 .text.http_parse_request
                0x08009fe0       0xec ./src/Ethernet/source/httpd.o
 .text.http_recv
                0x0800a0cc       0x80 ./src/Ethernet/source/httpd.o
 .text.http_state_alloc
                0x0800a14c       0x1c ./src/Ethernet/source/httpd.o
 .text.http_accept
                0x0800a168       0x58 ./src/Ethernet/source/httpd.o
 .text.httpd_init
                0x0800a1c0       0x18 ./src/Ethernet/source/httpd.o
                0x0800a1c0                httpd_init
 .text.http_set_ssi_handler
                0x0800a1d8       0x1c ./src/Ethernet/source/httpd.o
                0x0800a1d8                http_set_ssi_handler
 .text.http_set_cgi_handlers
                0x0800a1f4       0x14 ./src/Ethernet/source/httpd.o
                0x0800a1f4                http_set_cgi_handlers
 .text.ADC_Configuration
                0x0800a208       0x84 ./src/Ethernet/source/httpd_cgi_ssi.o
 *fill*         0x0800a28c        0x4 
 .text.ADC_Handler
                0x0800a290       0xd8 ./src/Ethernet/source/httpd_cgi_ssi.o
                0x0800a290                ADC_Handler
 .text.LEDS_CGI_Handler
                0x0800a368       0xa8 ./src/Ethernet/source/httpd_cgi_ssi.o
                0x0800a368                LEDS_CGI_Handler
 .text.httpd_ssi_init
                0x0800a410       0x18 ./src/Ethernet/source/httpd_cgi_ssi.o
                0x0800a410                httpd_ssi_init
 .text.httpd_cgi_init
                0x0800a428       0x20 ./src/Ethernet/source/httpd_cgi_ssi.o
                0x0800a428                httpd_cgi_init
 .text.LwIP_Init
                0x0800a448       0x48 ./src/Ethernet/source/netconf.o
                0x0800a448                LwIP_Init
 .text.LwIP_Pkt_Handle
                0x0800a490       0x10 ./src/Ethernet/source/netconf.o
                0x0800a490                LwIP_Pkt_Handle
 .text.LwIP_DHCP_Process_Handle
                0x0800a4a0       0xa0 ./src/Ethernet/source/netconf.o
                0x0800a4a0                LwIP_DHCP_Process_Handle
 .text.LwIP_Periodic_Handle
                0x0800a540       0x98 ./src/Ethernet/source/netconf.o
                0x0800a540                LwIP_Periodic_Handle
 .text.DebugComPort_Init
                0x0800a5d8       0x30 ./src/Ethernet/source/serial_debug.o
                0x0800a5d8                DebugComPort_Init
 .text.ETH_GPIO_Config
                0x0800a608      0x164 ./src/Ethernet/source/stm32f4x7_eth_bsp.o
 .text.ETH_MACDMA_Config
                0x0800a76c       0x84 ./src/Ethernet/source/stm32f4x7_eth_bsp.o
 .text.Eth_Link_PHYITConfig
                0x0800a7f0       0x3c ./src/Ethernet/source/stm32f4x7_eth_bsp.o
                0x0800a7f0                Eth_Link_PHYITConfig
 .text.Eth_Link_EXTIConfig
                0x0800a82c       0x78 ./src/Ethernet/source/stm32f4x7_eth_bsp.o
                0x0800a82c                Eth_Link_EXTIConfig
 .text.ETH_BSP_Config
                0x0800a8a4       0x60 ./src/Ethernet/source/stm32f4x7_eth_bsp.o
                0x0800a8a4                ETH_BSP_Config
 .text.Eth_Link_ITHandler
                0x0800a904       0x20 ./src/Ethernet/source/stm32f4x7_eth_bsp.o
                0x0800a904                Eth_Link_ITHandler
 .text.Time_Update
                0x0800a924       0x10 ./src/main.o
                0x0800a924                Time_Update
 .text.LCD_LED_Init
                0x0800a934       0x1c ./src/main.o
                0x0800a934                LCD_LED_Init
 .text.main     0x0800a950       0x44 ./src/main.o
                0x0800a950                main
 .text.assert_failed
                0x0800a994        0x4 ./src/main.o
                0x0800a994                assert_failed
 .text.STM_EVAL_LEDInit
                0x0800a998       0x4c ./src/stm32f4_discovery.o
                0x0800a998                STM_EVAL_LEDInit
 .text.STM_EVAL_LEDOn
                0x0800a9e4       0x18 ./src/stm32f4_discovery.o
                0x0800a9e4                STM_EVAL_LEDOn
 .text.STM_EVAL_LEDOff
                0x0800a9fc       0x18 ./src/stm32f4_discovery.o
                0x0800a9fc                STM_EVAL_LEDOff
 .text.STM_EVAL_LEDToggle
                0x0800aa14       0x1c ./src/stm32f4_discovery.o
                0x0800aa14                STM_EVAL_LEDToggle
 .text.STM_EVAL_COMInit
                0x0800aa30       0xa8 ./src/stm32f4_discovery.o
                0x0800aa30                STM_EVAL_COMInit
 .text.NMI_Handler
                0x0800aad8        0x4 ./src/stm32f4xx_it.o
                0x0800aad8                NMI_Handler
 .text.HardFault_Handler
                0x0800aadc        0x4 ./src/stm32f4xx_it.o
                0x0800aadc                HardFault_Handler
 .text.MemManage_Handler
                0x0800aae0        0x4 ./src/stm32f4xx_it.o
                0x0800aae0                MemManage_Handler
 .text.BusFault_Handler
                0x0800aae4        0x4 ./src/stm32f4xx_it.o
                0x0800aae4                BusFault_Handler
 .text.UsageFault_Handler
                0x0800aae8        0x4 ./src/stm32f4xx_it.o
                0x0800aae8                UsageFault_Handler
 .text.SVC_Handler
                0x0800aaec        0x4 ./src/stm32f4xx_it.o
                0x0800aaec                SVC_Handler
 .text.DebugMon_Handler
                0x0800aaf0        0x4 ./src/stm32f4xx_it.o
                0x0800aaf0                DebugMon_Handler
 .text.PendSV_Handler
                0x0800aaf4        0x4 ./src/stm32f4xx_it.o
                0x0800aaf4                PendSV_Handler
 .text.SysTick_Handler
                0x0800aaf8        0x8 ./src/stm32f4xx_it.o
                0x0800aaf8                SysTick_Handler
 .text.EXTI15_10_IRQHandler
                0x0800ab00       0x1c ./src/stm32f4xx_it.o
                0x0800ab00                EXTI15_10_IRQHandler
 .text          0x0800ab1c      0x370 /usr/local/gcc-arm-none-eabi-4_9-2015q3/bin/../lib/gcc/arm-none-eabi/4.9.3/armv7e-m/libgcc.a(_arm_addsubdf3.o)
                0x0800ab1c                __aeabi_drsub
                0x0800ab24                __aeabi_dsub
                0x0800ab24                __subdf3
                0x0800ab28                __adddf3
                0x0800ab28                __aeabi_dadd
                0x0800ada0                __aeabi_ui2d
                0x0800ada0                __floatunsidf
                0x0800adc0                __floatsidf
                0x0800adc0                __aeabi_i2d
                0x0800ade4                __extendsfdf2
                0x0800ade4                __aeabi_f2d
                0x0800ae20                __aeabi_ul2d
                0x0800ae20                __floatundidf
                0x0800ae30                __floatdidf
                0x0800ae30                __aeabi_l2d
 .text          0x0800ae8c      0x424 /usr/local/gcc-arm-none-eabi-4_9-2015q3/bin/../lib/gcc/arm-none-eabi/4.9.3/armv7e-m/libgcc.a(_arm_muldivdf3.o)
                0x0800ae8c                __aeabi_dmul
                0x0800ae8c                __muldf3
                0x0800b0e0                __aeabi_ddiv
                0x0800b0e0                __divdf3
 .text          0x0800b2b0       0x40 /usr/local/gcc-arm-none-eabi-4_9-2015q3/bin/../lib/gcc/arm-none-eabi/4.9.3/armv7e-m/libgcc.a(_arm_fixunsdfsi.o)
                0x0800b2b0                __fixunsdfsi
                0x0800b2b0                __aeabi_d2uiz
 .text.memcmp   0x0800b2f0       0x20 /usr/local/gcc-arm-none-eabi-4_9-2015q3/bin/../lib/gcc/arm-none-eabi/4.9.3/../../../../arm-none-eabi/lib/armv7e-m/libg_nano.a(lib_a-memcmp.o)
                0x0800b2f0                memcmp
 .text.memcpy   0x0800b310       0x16 /usr/local/gcc-arm-none-eabi-4_9-2015q3/bin/../lib/gcc/arm-none-eabi/4.9.3/../../../../arm-none-eabi/lib/armv7e-m/libg_nano.a(lib_a-memcpy.o)
                0x0800b310                memcpy
 .text.memset   0x0800b326       0x10 /usr/local/gcc-arm-none-eabi-4_9-2015q3/bin/../lib/gcc/arm-none-eabi/4.9.3/../../../../arm-none-eabi/lib/armv7e-m/libg_nano.a(lib_a-memset.o)
                0x0800b326                memset
 *fill*         0x0800b336        0x2 
 .text.putchar  0x0800b338       0x28 /usr/local/gcc-arm-none-eabi-4_9-2015q3/bin/../lib/gcc/arm-none-eabi/4.9.3/../../../../arm-none-eabi/lib/armv7e-m/libg_nano.a(lib_a-putchar.o)
                0x0800b338                putchar
 .text.strchr   0x0800b360       0x1c /usr/local/gcc-arm-none-eabi-4_9-2015q3/bin/../lib/gcc/arm-none-eabi/4.9.3/../../../../arm-none-eabi/lib/armv7e-m/libg_nano.a(lib_a-strchr.o)
                0x0800b360                strchr
 .text          0x0800b37c       0x14 /usr/local/gcc-arm-none-eabi-4_9-2015q3/bin/../lib/gcc/arm-none-eabi/4.9.3/../../../../arm-none-eabi/lib/armv7e-m/libg_nano.a(lib_a-strcmp.o)
                0x0800b37c                strcmp
 .text.strlen   0x0800b390       0x10 /usr/local/gcc-arm-none-eabi-4_9-2015q3/bin/../lib/gcc/arm-none-eabi/4.9.3/../../../../arm-none-eabi/lib/armv7e-m/libg_nano.a(lib_a-strlen.o)
                0x0800b390                strlen
 .text.strncmp  0x0800b3a0       0x34 /usr/local/gcc-arm-none-eabi-4_9-2015q3/bin/../lib/gcc/arm-none-eabi/4.9.3/../../../../arm-none-eabi/lib/armv7e-m/libg_nano.a(lib_a-strncmp.o)
                0x0800b3a0                strncmp
 .text.strstr   0x0800b3d4       0x30 /usr/local/gcc-arm-none-eabi-4_9-2015q3/bin/../lib/gcc/arm-none-eabi/4.9.3/../../../../arm-none-eabi/lib/armv7e-m/libg_nano.a(lib_a-strstr.o)
                0x0800b3d4                strstr
 .text._cleanup_r
                0x0800b404        0xc /usr/local/gcc-arm-none-eabi-4_9-2015q3/bin/../lib/gcc/arm-none-eabi/4.9.3/../../../../arm-none-eabi/lib/armv7e-m/libg_nano.a(lib_a-findfp.o)
                0x0800b404                _cleanup_r
 .text.std.isra.0
                0x0800b410       0x48 /usr/local/gcc-arm-none-eabi-4_9-2015q3/bin/../lib/gcc/arm-none-eabi/4.9.3/../../../../arm-none-eabi/lib/armv7e-m/libg_nano.a(lib_a-findfp.o)
 .text.__sfmoreglue
                0x0800b458       0x2c /usr/local/gcc-arm-none-eabi-4_9-2015q3/bin/../lib/gcc/arm-none-eabi/4.9.3/../../../../arm-none-eabi/lib/armv7e-m/libg_nano.a(lib_a-findfp.o)
                0x0800b458                __sfmoreglue
 .text.__sinit  0x0800b484       0x60 /usr/local/gcc-arm-none-eabi-4_9-2015q3/bin/../lib/gcc/arm-none-eabi/4.9.3/../../../../arm-none-eabi/lib/armv7e-m/libg_nano.a(lib_a-findfp.o)
                0x0800b484                __sinit
 .text.__sfp    0x0800b4e4       0x74 /usr/local/gcc-arm-none-eabi-4_9-2015q3/bin/../lib/gcc/arm-none-eabi/4.9.3/../../../../arm-none-eabi/lib/armv7e-m/libg_nano.a(lib_a-findfp.o)
                0x0800b4e4                __sfp
 .text._fwalk_reent
                0x0800b558       0x3c /usr/local/gcc-arm-none-eabi-4_9-2015q3/bin/../lib/gcc/arm-none-eabi/4.9.3/../../../../arm-none-eabi/lib/armv7e-m/libg_nano.a(lib_a-fwalk.o)
                0x0800b558                _fwalk_reent
 .text._malloc_r
                0x0800b594       0xac /usr/local/gcc-arm-none-eabi-4_9-2015q3/bin/../lib/gcc/arm-none-eabi/4.9.3/../../../../arm-none-eabi/lib/armv7e-m/libg_nano.a(lib_a-nano-mallocr.o)
                0x0800b594                _malloc_r
 .text._putc_r  0x0800b640       0x78 /usr/local/gcc-arm-none-eabi-4_9-2015q3/bin/../lib/gcc/arm-none-eabi/4.9.3/../../../../arm-none-eabi/lib/armv7e-m/libg_nano.a(lib_a-putc.o)
                0x0800b640                _putc_r
 .text._sbrk_r  0x0800b6b8       0x20 /usr/local/gcc-arm-none-eabi-4_9-2015q3/bin/../lib/gcc/arm-none-eabi/4.9.3/../../../../arm-none-eabi/lib/armv7e-m/libg_nano.a(lib_a-sbrkr.o)
                0x0800b6b8                _sbrk_r
 .text.__sread  0x0800b6d8       0x22 /usr/local/gcc-arm-none-eabi-4_9-2015q3/bin/../lib/gcc/arm-none-eabi/4.9.3/../../../../arm-none-eabi/lib/armv7e-m/libg_nano.a(lib_a-stdio.o)
                0x0800b6d8                __sread
 .text.__swrite
                0x0800b6fa       0x38 /usr/local/gcc-arm-none-eabi-4_9-2015q3/bin/../lib/gcc/arm-none-eabi/4.9.3/../../../../arm-none-eabi/lib/armv7e-m/libg_nano.a(lib_a-stdio.o)
                0x0800b6fa                __swrite
 .text.__sseek  0x0800b732       0x24 /usr/local/gcc-arm-none-eabi-4_9-2015q3/bin/../lib/gcc/arm-none-eabi/4.9.3/../../../../arm-none-eabi/lib/armv7e-m/libg_nano.a(lib_a-stdio.o)
                0x0800b732                __sseek
 .text.__sclose
                0x0800b756        0x8 /usr/local/gcc-arm-none-eabi-4_9-2015q3/bin/../lib/gcc/arm-none-eabi/4.9.3/../../../../arm-none-eabi/lib/armv7e-m/libg_nano.a(lib_a-stdio.o)
                0x0800b756                __sclose
 *fill*         0x0800b75e        0x2 
 .text.__swbuf_r
                0x0800b760       0xa8 /usr/local/gcc-arm-none-eabi-4_9-2015q3/bin/../lib/gcc/arm-none-eabi/4.9.3/../../../../arm-none-eabi/lib/armv7e-m/libg_nano.a(lib_a-wbuf.o)
                0x0800b760                __swbuf_r
 .text._write_r
                0x0800b808       0x24 /usr/local/gcc-arm-none-eabi-4_9-2015q3/bin/../lib/gcc/arm-none-eabi/4.9.3/../../../../arm-none-eabi/lib/armv7e-m/libg_nano.a(lib_a-writer.o)
                0x0800b808                _write_r
 .text.__swsetup_r
                0x0800b82c       0xd8 /usr/local/gcc-arm-none-eabi-4_9-2015q3/bin/../lib/gcc/arm-none-eabi/4.9.3/../../../../arm-none-eabi/lib/armv7e-m/libg_nano.a(lib_a-wsetup.o)
                0x0800b82c                __swsetup_r
 .text._close_r
                0x0800b904       0x20 /usr/local/gcc-arm-none-eabi-4_9-2015q3/bin/../lib/gcc/arm-none-eabi/4.9.3/../../../../arm-none-eabi/lib/armv7e-m/libg_nano.a(lib_a-closer.o)
                0x0800b904                _close_r
 .text.__sflush_r
                0x0800b924      0x108 /usr/local/gcc-arm-none-eabi-4_9-2015q3/bin/../lib/gcc/arm-none-eabi/4.9.3/../../../../arm-none-eabi/lib/armv7e-m/libg_nano.a(lib_a-fflush.o)
                0x0800b924                __sflush_r
 .text._fflush_r
                0x0800ba2c       0x54 /usr/local/gcc-arm-none-eabi-4_9-2015q3/bin/../lib/gcc/arm-none-eabi/4.9.3/../../../../arm-none-eabi/lib/armv7e-m/libg_nano.a(lib_a-fflush.o)
                0x0800ba2c                _fflush_r
 .text._lseek_r
                0x0800ba80       0x24 /usr/local/gcc-arm-none-eabi-4_9-2015q3/bin/../lib/gcc/arm-none-eabi/4.9.3/../../../../arm-none-eabi/lib/armv7e-m/libg_nano.a(lib_a-lseekr.o)
                0x0800ba80                _lseek_r
 .text.__smakebuf_r
                0x0800baa4       0x9c /usr/local/gcc-arm-none-eabi-4_9-2015q3/bin/../lib/gcc/arm-none-eabi/4.9.3/../../../../arm-none-eabi/lib/armv7e-m/libg_nano.a(lib_a-makebuf.o)
                0x0800baa4                __smakebuf_r
 .text._free_r  0x0800bb40       0x88 /usr/local/gcc-arm-none-eabi-4_9-2015q3/bin/../lib/gcc/arm-none-eabi/4.9.3/../../../../arm-none-eabi/lib/armv7e-m/libg_nano.a(lib_a-nano-freer.o)
                0x0800bb40                _free_r
 .text._read_r  0x0800bbc8       0x24 /usr/local/gcc-arm-none-eabi-4_9-2015q3/bin/../lib/gcc/arm-none-eabi/4.9.3/../../../../arm-none-eabi/lib/armv7e-m/libg_nano.a(lib_a-readr.o)
                0x0800bbc8                _read_r
 .text._fstat_r
                0x0800bbec       0x24 /usr/local/gcc-arm-none-eabi-4_9-2015q3/bin/../lib/gcc/arm-none-eabi/4.9.3/../../../../arm-none-eabi/lib/armv7e-m/libg_nano.a(lib_a-fstatr.o)
                0x0800bbec                _fstat_r
 .text._isatty_r
                0x0800bc10       0x20 /usr/local/gcc-arm-none-eabi-4_9-2015q3/bin/../lib/gcc/arm-none-eabi/4.9.3/../../../../arm-none-eabi/lib/armv7e-m/libg_nano.a(lib_a-isattyr.o)
                0x0800bc10                _isatty_r
 *(.rodata .rodata.* .constdata .constdata.*)
 .rodata.str1.4
                0x0800bc30       0x24 ./src/stdio/printf.o
 .rodata.str1.4
                0x0800bc54       0x1f ./src/cmsis_lib/source/misc.o
 *fill*         0x0800bc73        0x1 
 .rodata.str1.4
                0x0800bc74       0x28 ./src/cmsis_lib/source/stm32f4xx_adc.o
 .rodata.str1.4
                0x0800bc9c       0x29 ./src/cmsis_lib/source/stm32f4xx_exti.o
 *fill*         0x0800bcc5        0x3 
 .rodata.str1.4
                0x0800bcc8       0x29 ./src/cmsis_lib/source/stm32f4xx_gpio.o
 *fill*         0x0800bcf1        0x3 
 .rodata.str1.4
                0x0800bcf4       0x28 ./src/cmsis_lib/source/stm32f4xx_rcc.o
 .rodata.str1.4
                0x0800bd1c       0x2b ./src/cmsis_lib/source/stm32f4xx_syscfg.o
 *fill*         0x0800bd47        0x1 
 .rodata.str1.4
                0x0800bd48       0x2a ./src/cmsis_lib/source/stm32f4xx_usart.o
 *fill*         0x0800bd72        0x2 
 .rodata.ethbroadcast
                0x0800bd74        0x6 ./src/STM32F4x7_ETH_Driver/src/netif/etharp.o
                0x0800bd74                ethbroadcast
 *fill*         0x0800bd7a        0x2 
 .rodata.str1.4
                0x0800bd7c      0x732 ./src/STM32F4x7_ETH_Driver/src/netif/etharp.o
 *fill*         0x0800c4ae        0x2 
 .rodata.ethzero
                0x0800c4b0        0x6 ./src/STM32F4x7_ETH_Driver/src/netif/etharp.o
                0x0800c4b0                ethzero
 *fill*         0x0800c4b6        0x2 
 .rodata.str1.4
                0x0800c4b8      0x284 ./src/STM32F4x7_ETH_Driver/src/core/ipv4/autoip.o
 .rodata.str1.4
                0x0800c73c      0x1d5 ./src/STM32F4x7_ETH_Driver/src/core/ipv4/icmp.o
 *fill*         0x0800c911        0x3 
 .rodata.str1.4
                0x0800c914      0x461 ./src/STM32F4x7_ETH_Driver/src/core/ipv4/ip.o
 *fill*         0x0800cd75        0x3 
 .rodata.ip_addr_broadcast
                0x0800cd78        0x4 ./src/STM32F4x7_ETH_Driver/src/core/ipv4/ip_addr.o
                0x0800cd78                ip_addr_broadcast
 .rodata.ip_addr_any
                0x0800cd7c        0x4 ./src/STM32F4x7_ETH_Driver/src/core/ipv4/ip_addr.o
                0x0800cd7c                ip_addr_any
 .rodata.str1.4
                0x0800cd80      0x1bc ./src/STM32F4x7_ETH_Driver/src/core/ipv4/ip_frag.o
 .rodata.str1.4
                0x0800cf3c      0xfe2 ./src/STM32F4x7_ETH_Driver/src/core/dhcp.o
 *fill*         0x0800df1e        0x2 
 .rodata.str1.4
                0x0800df20       0x81 ./src/STM32F4x7_ETH_Driver/src/core/mem.o
 *fill*         0x0800dfa1        0x3 
 .rodata.memp_num
                0x0800dfa4       0x12 ./src/STM32F4x7_ETH_Driver/src/core/memp.o
 *fill*         0x0800dfb6        0x2 
 .rodata.str1.4
                0x0800dfb8       0x8a ./src/STM32F4x7_ETH_Driver/src/core/memp.o
 *fill*         0x0800e042        0x2 
 .rodata.memp_desc
                0x0800e044       0x24 ./src/STM32F4x7_ETH_Driver/src/core/memp.o
 .rodata.memp_sizes
                0x0800e068       0x12 ./src/STM32F4x7_ETH_Driver/src/core/memp.o
 *fill*         0x0800e07a        0x2 
 .rodata.str1.4
                0x0800e07c      0x1c4 ./src/STM32F4x7_ETH_Driver/src/core/netif.o
                                0x1d4 (size before relaxing)
 .rodata.str1.4
                0x0800e240      0x235 ./src/STM32F4x7_ETH_Driver/src/core/pbuf.o
 *fill*         0x0800e475        0x3 
 .rodata.tcp_backoff
                0x0800e478        0xd ./src/STM32F4x7_ETH_Driver/src/core/tcp.o
                0x0800e478                tcp_backoff
 *fill*         0x0800e485        0x3 
 .rodata.str1.4
                0x0800e488      0x64a ./src/STM32F4x7_ETH_Driver/src/core/tcp.o
                                0x676 (size before relaxing)
 *fill*         0x0800ead2        0x2 
 .rodata.tcp_persist_backoff
                0x0800ead4        0x7 ./src/STM32F4x7_ETH_Driver/src/core/tcp.o
                0x0800ead4                tcp_persist_backoff
 *fill*         0x0800eadb        0x1 
 .rodata.str1.4
                0x0800eadc      0x6f2 ./src/STM32F4x7_ETH_Driver/src/core/tcp_in.o
 *fill*         0x0800f1ce        0x2 
 .rodata.str1.4
                0x0800f1d0      0x6ff ./src/STM32F4x7_ETH_Driver/src/core/tcp_out.o
 *fill*         0x0800f8cf        0x1 
 .rodata.str1.4
                0x0800f8d0      0x3cb ./src/STM32F4x7_ETH_Driver/src/core/udp.o
                                0x3ff (size before relaxing)
 *fill*         0x0800fc9b        0x1 
 .rodata.str1.4
                0x0800fc9c       0x21 ./src/STM32F4x7_ETH_Driver/src/ethernetif.o
 *fill*         0x0800fcbd        0x3 
 .rodata.str1.4
                0x0800fcc0       0x30 ./src/STM32F4x7_ETH_Driver/src/stm32f4x7_eth.o
 .rodata.file__STM32F4x7_files_stm32_jpg
                0x0800fcf0       0x14 ./src/Ethernet/source/fs.o
                0x0800fcf0                file__STM32F4x7_files_stm32_jpg
 .rodata.data__STM32F4x7_files_logo_jpg
                0x0800fd04      0xc57 ./src/Ethernet/source/fs.o
 *fill*         0x0801095b        0x1 
 .rodata.file__STM32F4x7ADC_shtml
                0x0801095c       0x14 ./src/Ethernet/source/fs.o
                0x0801095c                file__STM32F4x7ADC_shtml
 .rodata.data__404_html
                0x08010970      0x4db ./src/Ethernet/source/fs.o
 *fill*         0x08010e4b        0x1 
 .rodata.file__404_html
                0x08010e4c       0x14 ./src/Ethernet/source/fs.o
                0x08010e4c                file__404_html
 .rodata.data__index_html
                0x08010e60     0x29e4 ./src/Ethernet/source/fs.o
 .rodata.file__STM32F4x7_files_ST_gif
                0x08013844       0x14 ./src/Ethernet/source/fs.o
                0x08013844                file__STM32F4x7_files_ST_gif
 .rodata.data__STM32F4x7LED_html
                0x08013858      0xff2 ./src/Ethernet/source/fs.o
 *fill*         0x0801484a        0x2 
 .rodata.file__STM32F4x7LED_html
                0x0801484c       0x14 ./src/Ethernet/source/fs.o
                0x0801484c                file__STM32F4x7LED_html
 .rodata.file__STM32F4x7_files_logo_jpg
                0x08014860       0x14 ./src/Ethernet/source/fs.o
                0x08014860                file__STM32F4x7_files_logo_jpg
 .rodata.data__STM32F4x7_files_ST_gif
                0x08014874      0xaba ./src/Ethernet/source/fs.o
 *fill*         0x0801532e        0x2 
 .rodata.file__index_html
                0x08015330       0x14 ./src/Ethernet/source/fs.o
                0x08015330                file__index_html
 .rodata.data__STM32F4x7_files_stm32_jpg
                0x08015344     0x665d ./src/Ethernet/source/fs.o
 *fill*         0x0801b9a1        0x3 
 .rodata.data__STM32F4x7ADC_shtml
                0x0801b9a4      0xfbb ./src/Ethernet/source/fs.o
 *fill*         0x0801c95f        0x1 
 .rodata.str1.4
                0x0801c960       0xb7 ./src/Ethernet/source/httpd.o
                                 0xc3 (size before relaxing)
 *fill*         0x0801ca17        0x1 
 .rodata.g_psDefaultFilenames
                0x0801ca18       0x28 ./src/Ethernet/source/httpd.o
                0x0801ca18                g_psDefaultFilenames
 .rodata.LEDS_CGI
                0x0801ca40        0x8 ./src/Ethernet/source/httpd_cgi_ssi.o
                0x0801ca40                LEDS_CGI
 .rodata.str1.4
                0x0801ca48       0x2e ./src/Ethernet/source/httpd_cgi_ssi.o
                                 0x3a (size before relaxing)
 *fill*         0x0801ca76        0x2 
 .rodata.str1.4
                0x0801ca78       0x20 ./src/main.o
                                 0x1e (size before relaxing)
 .rodata.GPIO_CLK
                0x0801ca98       0x10 ./src/stm32f4_discovery.o
                0x0801ca98                GPIO_CLK
 .rodata.GPIO_PIN
                0x0801caa8        0x8 ./src/stm32f4_discovery.o
                0x0801caa8                GPIO_PIN
 .rodata.str1.1
                0x0801cab0        0x2 /usr/local/gcc-arm-none-eabi-4_9-2015q3/bin/../lib/gcc/arm-none-eabi/4.9.3/../../../../arm-none-eabi/lib/armv7e-m/libg_nano.a(lib_a-impure.o)
 *fill*         0x0801cab2        0x2 
 .rodata._global_impure_ptr
                0x0801cab4        0x4 /usr/local/gcc-arm-none-eabi-4_9-2015q3/bin/../lib/gcc/arm-none-eabi/4.9.3/../../../../arm-none-eabi/lib/armv7e-m/libg_nano.a(lib_a-impure.o)
                0x0801cab4                _global_impure_ptr
 .rodata.__sf_fake_stdin
                0x0801cab8       0x20 /usr/local/gcc-arm-none-eabi-4_9-2015q3/bin/../lib/gcc/arm-none-eabi/4.9.3/../../../../arm-none-eabi/lib/armv7e-m/libg_nano.a(lib_a-findfp.o)
                0x0801cab8                __sf_fake_stdin
 .rodata.__sf_fake_stdout
                0x0801cad8       0x20 /usr/local/gcc-arm-none-eabi-4_9-2015q3/bin/../lib/gcc/arm-none-eabi/4.9.3/../../../../arm-none-eabi/lib/armv7e-m/libg_nano.a(lib_a-findfp.o)
                0x0801cad8                __sf_fake_stdout
 .rodata.__sf_fake_stderr
                0x0801caf8       0x20 /usr/local/gcc-arm-none-eabi-4_9-2015q3/bin/../lib/gcc/arm-none-eabi/4.9.3/../../../../arm-none-eabi/lib/armv7e-m/libg_nano.a(lib_a-findfp.o)
                0x0801caf8                __sf_fake_stderr
 *(vtable)
 *(.eh_frame*)
 .eh_frame      0x0801cb18       0x28 /usr/local/gcc-arm-none-eabi-4_9-2015q3/bin/../lib/gcc/arm-none-eabi/4.9.3/../../../../arm-none-eabi/lib/armv7e-m/libg_nano.a(lib_a-strcmp.o)
 *(.glue_7)
 .glue_7        0x00000000        0x0 linker stubs
 *(.glue_7t)
 .glue_7t       0x00000000        0x0 linker stubs

.vfp11_veneer   0x0801cb40        0x0
 .vfp11_veneer  0x00000000        0x0 linker stubs

.v4_bx          0x0801cb40        0x0
 .v4_bx         0x00000000        0x0 linker stubs

.iplt           0x0801cb40        0x0
 .iplt          0x00000000        0x0 ./src/syscalls/syscalls.o

.rel.dyn        0x0801cb40        0x0
 .rel.iplt      0x00000000        0x0 ./src/syscalls/syscalls.o

.ARM.extab
 *(.ARM.extab* .gnu.linkonce.armextab.*)
                0x0801cb40                . = ALIGN (0x4)
                0x0801cb40                __exidx_start = .

.ARM.exidx
 *(.ARM.exidx* .gnu.linkonce.armexidx.*)
                0x0801cb40                __exidx_end = .
                0x0801cb40                . = ALIGN (0x4)
                0x0801cb40                _etext = .
                0x0801cb40                __etext = .

.data_CCMRAM    0x10000000        0x0 load address 0x0801cb40
 FILL mask 0xff
 *(.data.CCMRAM .data.CCMRAM.*)
                0x10000000                . = ALIGN (0x4)
                0x0801cb40                _sidata = LOADADDR (.data)

.data           0x20000000       0xd8 load address 0x0801cb40
 FILL mask 0xff
                0x20000000                _sdata = .
                0x20000000                __data_start__ = .
 *(.data_begin .data_begin.*)
 *(.data .data.*)
 .data.APBAHBPrescTable
                0x20000000       0x10 ./src/cmsis_lib/source/stm32f4xx_rcc.o
 .data.xid.5986
                0x20000010        0x4 ./src/STM32F4x7_ETH_Driver/src/core/dhcp.o
 .data.iss.6098
                0x20000014        0x4 ./src/STM32F4x7_ETH_Driver/src/core/tcp.o
 .data.tcp_state_str
                0x20000018       0x2c ./src/STM32F4x7_ETH_Driver/src/core/tcp.o
                0x20000018                tcp_state_str
 .data.port.5926
                0x20000044        0x2 ./src/STM32F4x7_ETH_Driver/src/core/tcp.o
 *fill*         0x20000046        0x2 
 .data.g_pcSSIExtensions
                0x20000048       0x10 ./src/Ethernet/source/httpd.o
                0x20000048                g_pcSSIExtensions
 .data.TAGCHAR  0x20000058        0x4 ./src/Ethernet/source/httpd_cgi_ssi.o
                0x20000058                TAGCHAR
 .data.TAGS     0x2000005c        0x4 ./src/Ethernet/source/httpd_cgi_ssi.o
                0x2000005c                TAGS
 .data.ADC_not_configured
                0x20000060        0x4 ./src/Ethernet/source/httpd_cgi_ssi.o
                0x20000060                ADC_not_configured
 .data.GPIO_PORT
                0x20000064       0x10 ./src/stm32f4_discovery.o
                0x20000064                GPIO_PORT
 .data.impure_data
                0x20000074       0x60 /usr/local/gcc-arm-none-eabi-4_9-2015q3/bin/../lib/gcc/arm-none-eabi/4.9.3/../../../../arm-none-eabi/lib/armv7e-m/libg_nano.a(lib_a-impure.o)
 .data._impure_ptr
                0x200000d4        0x4 /usr/local/gcc-arm-none-eabi-4_9-2015q3/bin/../lib/gcc/arm-none-eabi/4.9.3/../../../../arm-none-eabi/lib/armv7e-m/libg_nano.a(lib_a-impure.o)
                0x200000d4                _impure_ptr
 *(.data_end .data_end.*)
                0x200000d8                . = ALIGN (0x4)
                0x200000d8                _edata = .
                0x200000d8                __data_end__ = .

.igot.plt       0x200000d8        0x0 load address 0x0801cc18
 .igot.plt      0x00000000        0x0 ./src/syscalls/syscalls.o

.co_stack       0x200000d8      0x800 load address 0x0801cc18
 .co_stack      0x200000d8      0x800 ./src/cmsis_boot/startup/startup_stm32f4xx.o
                0x200000d8                pulStack

.bss_CCMRAM     0x10000000        0x0
 *(.bss.CCMRAM .bss.CCMRAM.*)

.bss            0x200008d8     0x7da4
                0x200008d8                __bss_start__ = .
                0x200008d8                _sbss = .
 *(.bss_begin .bss_begin.*)
 *(.bss .bss.*)
 .bss.heap.5192
                0x200008d8        0x4 ./src/syscalls/syscalls.o
 .bss.etharp_cached_entry
                0x200008dc        0x1 ./src/STM32F4x7_ETH_Driver/src/netif/etharp.o
 *fill*         0x200008dd        0x3 
 .bss.arp_table
                0x200008e0       0xc8 ./src/STM32F4x7_ETH_Driver/src/netif/etharp.o
 .bss.ip_id.6013
                0x200009a8        0x2 ./src/STM32F4x7_ETH_Driver/src/core/ipv4/ip.o
 *fill*         0x200009aa        0x2 
 .bss.reassdatagrams
                0x200009ac        0x4 ./src/STM32F4x7_ETH_Driver/src/core/ipv4/ip_frag.o
 .bss.ip_reass_pbufcount
                0x200009b0        0x2 ./src/STM32F4x7_ETH_Driver/src/core/ipv4/ip_frag.o
 *fill*         0x200009b2        0x2 
 .bss.buf       0x200009b4      0x5e0 ./src/STM32F4x7_ETH_Driver/src/core/ipv4/ip_frag.o
 .bss.ram_heap  0x20000f94     0x2814 ./src/STM32F4x7_ETH_Driver/src/core/mem.o
 .bss.lfree     0x200037a8        0x4 ./src/STM32F4x7_ETH_Driver/src/core/mem.o
 .bss.ram_end   0x200037ac        0x4 ./src/STM32F4x7_ETH_Driver/src/core/mem.o
 .bss.ram       0x200037b0        0x4 ./src/STM32F4x7_ETH_Driver/src/core/mem.o
 .bss.mem_sem   0x200037b4        0x1 ./src/STM32F4x7_ETH_Driver/src/core/mem.o
 *fill*         0x200037b5        0x3 
 .bss.memp_memory
                0x200037b8     0x2413 ./src/STM32F4x7_ETH_Driver/src/core/memp.o
 *fill*         0x20005bcb        0x1 
 .bss.memp_tab  0x20005bcc       0x24 ./src/STM32F4x7_ETH_Driver/src/core/memp.o
 .bss.netifnum.5804
                0x20005bf0        0x1 ./src/STM32F4x7_ETH_Driver/src/core/netif.o
 *fill*         0x20005bf1        0x3 
 .bss.raw_pcbs  0x20005bf4        0x4 ./src/STM32F4x7_ETH_Driver/src/core/raw.o
 .bss.tcp_timer
                0x20005bf8        0x1 ./src/STM32F4x7_ETH_Driver/src/core/tcp.o
 *fill*         0x20005bf9        0x3 
 .bss.tcphdr    0x20005bfc        0x4 ./src/STM32F4x7_ETH_Driver/src/core/tcp_in.o
 .bss.seqno     0x20005c00        0x4 ./src/STM32F4x7_ETH_Driver/src/core/tcp_in.o
 .bss.tcplen    0x20005c04        0x2 ./src/STM32F4x7_ETH_Driver/src/core/tcp_in.o
 *fill*         0x20005c06        0x2 
 .bss.ackno     0x20005c08        0x4 ./src/STM32F4x7_ETH_Driver/src/core/tcp_in.o
 .bss.flags     0x20005c0c        0x1 ./src/STM32F4x7_ETH_Driver/src/core/tcp_in.o
 .bss.recv_flags
                0x20005c0d        0x1 ./src/STM32F4x7_ETH_Driver/src/core/tcp_in.o
 *fill*         0x20005c0e        0x2 
 .bss.recv_data
                0x20005c10        0x4 ./src/STM32F4x7_ETH_Driver/src/core/tcp_in.o
 .bss.iphdr     0x20005c14        0x4 ./src/STM32F4x7_ETH_Driver/src/core/tcp_in.o
 .bss.inseg     0x20005c18       0x14 ./src/STM32F4x7_ETH_Driver/src/core/tcp_in.o
 .bss.g_pfnSSIHandler
                0x20005c2c        0x4 ./src/Ethernet/source/httpd.o
                0x20005c2c                g_pfnSSIHandler
 .bss.g_ppcTags
                0x20005c30        0x4 ./src/Ethernet/source/httpd.o
                0x20005c30                g_ppcTags
 .bss.g_iNumCGIs
                0x20005c34        0x4 ./src/Ethernet/source/httpd.o
                0x20005c34                g_iNumCGIs
 .bss.g_pCGIs   0x20005c38        0x4 ./src/Ethernet/source/httpd.o
                0x20005c38                g_pCGIs
 .bss.g_iNumTags
                0x20005c3c        0x4 ./src/Ethernet/source/httpd.o
                0x20005c3c                g_iNumTags
 .bss.httpd_req_buf
                0x20005c40      0x400 ./src/Ethernet/source/httpd.o
 .bss.DHCPcoarseTimer
                0x20006040        0x4 ./src/Ethernet/source/netconf.o
                0x20006040                DHCPcoarseTimer
 .bss.DHCP_state
                0x20006044        0x1 ./src/Ethernet/source/netconf.o
                0x20006044                DHCP_state
 *fill*         0x20006045        0x3 
 .bss.TCPTimer  0x20006048        0x4 ./src/Ethernet/source/netconf.o
                0x20006048                TCPTimer
 .bss.ARPTimer  0x2000604c        0x4 ./src/Ethernet/source/netconf.o
                0x2000604c                ARPTimer
 .bss.IPaddress
                0x20006050        0x4 ./src/Ethernet/source/netconf.o
                0x20006050                IPaddress
 .bss.DHCPfineTimer
                0x20006054        0x4 ./src/Ethernet/source/netconf.o
                0x20006054                DHCPfineTimer
 .bss.EthInitStatus
                0x20006058        0x4 ./src/Ethernet/source/stm32f4x7_eth_bsp.o
                0x20006058                EthInitStatus
 .bss.EthLinkStatus
                0x2000605c        0x1 ./src/Ethernet/source/stm32f4x7_eth_bsp.o
                0x2000605c                EthLinkStatus
 *fill*         0x2000605d        0x3 
 .bss.LocalTime
                0x20006060        0x4 ./src/main.o
                0x20006060                LocalTime
 .bss.__malloc_sbrk_start
                0x20006064        0x4 /usr/local/gcc-arm-none-eabi-4_9-2015q3/bin/../lib/gcc/arm-none-eabi/4.9.3/../../../../arm-none-eabi/lib/armv7e-m/libg_nano.a(lib_a-nano-mallocr.o)
                0x20006064                __malloc_sbrk_start
 .bss.__malloc_free_list
                0x20006068        0x4 /usr/local/gcc-arm-none-eabi-4_9-2015q3/bin/../lib/gcc/arm-none-eabi/4.9.3/../../../../arm-none-eabi/lib/armv7e-m/libg_nano.a(lib_a-nano-mallocr.o)
                0x20006068                __malloc_free_list
 *(COMMON)
 COMMON         0x2000606c        0x8 ./src/STM32F4x7_ETH_Driver/src/core/ipv4/ip.o
                0x2000606c                current_netif
                0x20006070                current_header
 COMMON         0x20006074        0x8 ./src/STM32F4x7_ETH_Driver/src/core/netif.o
                0x20006074                netif_list
                0x20006078                netif_default
 COMMON         0x2000607c       0x18 ./src/STM32F4x7_ETH_Driver/src/core/tcp.o
                0x2000607c                tcp_active_pcbs
                0x20006080                tcp_ticks
                0x20006084                tcp_listen_pcbs
                0x20006088                tcp_tmp_pcb
                0x2000608c                tcp_bound_pcbs
                0x20006090                tcp_tw_pcbs
 COMMON         0x20006094        0x4 ./src/STM32F4x7_ETH_Driver/src/core/tcp_in.o
                0x20006094                tcp_input_pcb
 COMMON         0x20006098        0x4 ./src/STM32F4x7_ETH_Driver/src/core/udp.o
                0x20006098                udp_pcbs
 COMMON         0x2000609c     0x2494 ./src/STM32F4x7_ETH_Driver/src/stm32f4x7_eth.o
                0x2000609c                RX_Frame_Descriptor
                0x200060a8                DMARxDescToGet
                0x200060ac                DMATxDescToSet
                0x200060b0                DMATxDscrTab
                0x200060f0                Rx_Buff
                0x200078c0                Frame_Rx_index
                0x200078c4                DMA_RX_FRAME_infos
                0x200078c8                DMARxDscrTab
                0x20007948                Tx_Buff
 COMMON         0x20008530       0xf0 ./src/Ethernet/source/fs.o
                0x20008530                fs_memory
 COMMON         0x20008620        0xc ./src/Ethernet/source/httpd_cgi_ssi.o
                0x20008620                ADC_Page_SSI_Handler
                0x20008624                CGI_TAB
 COMMON         0x2000862c       0x38 ./src/Ethernet/source/netconf.o
                0x2000862c                netif
 COMMON         0x20008664       0x14 ./src/main.o
                0x20008664                RCC_Clocks
                0x20008674                timingdelay
 COMMON         0x20008678        0x4 /usr/local/gcc-arm-none-eabi-4_9-2015q3/bin/../lib/gcc/arm-none-eabi/4.9.3/../../../../arm-none-eabi/lib/armv7e-m/libg_nano.a(lib_a-reent.o)
                0x20008678                errno
 *(.bss_end .bss_end.*)
                0x2000867c                . = ALIGN (0x4)
                0x2000867c                __bss_end__ = .
                0x2000867c                _ebss = .

.noinit_CCMRAM
 *(.noinit.CCMRAM .noinit.CCMRAM.*)

.noinit         0x2000867c        0x0
                0x2000867c                _noinit = .
 *(.noinit .noinit.*)
                0x2000867c                . = ALIGN (0x4)
                0x2000867c                _end_noinit = .
                0x2000867c                PROVIDE (end, _end_noinit)
                0x2000867c                PROVIDE (_end, _end_noinit)
                0x2000867c                PROVIDE (__end, _end_noinit)
                0x2000867c                PROVIDE (__end__, _end_noinit)

._check_stack   0x2000867c      0x100
                0x2000877c                . = (. + _Minimum_Stack_Size)
 *fill*         0x2000867c      0x100 

.b1text
 *(.b1text)
 *(.b1rodata)
 *(.b1rodata.*)

.eb0text
 *(.eb0text)
 *(.eb0rodata)
 *(.eb0rodata.*)

.eb1text
 *(.eb1text)
 *(.eb1rodata)
 *(.eb1rodata.*)

.eb2text
 *(.eb2text)
 *(.eb2rodata)
 *(.eb2rodata.*)

.eb3text
 *(.eb3text)
 *(.eb3rodata)
 *(.eb3rodata.*)

.stab
 *(.stab)

.stabstr
 *(.stabstr)

.stab.excl
 *(.stab.excl)

.stab.exclstr
 *(.stab.exclstr)

.stab.index
 *(.stab.index)

.stab.indexstr
 *(.stab.indexstr)

.comment        0x00000000       0x70
 *(.comment)
 .comment       0x00000000       0x70 ./src/syscalls/syscalls.o
                                 0x71 (size before relaxing)
 .comment       0x00000000       0x71 ./src/stdio/printf.o
 .comment       0x00000000       0x71 ./src/cmsis_lib/source/misc.o
 .comment       0x00000000       0x71 ./src/cmsis_lib/source/stm32f4xx_adc.o
 .comment       0x00000000       0x71 ./src/cmsis_lib/source/stm32f4xx_exti.o
 .comment       0x00000000       0x71 ./src/cmsis_lib/source/stm32f4xx_gpio.o
 .comment       0x00000000       0x71 ./src/cmsis_lib/source/stm32f4xx_rcc.o
 .comment       0x00000000       0x71 ./src/cmsis_lib/source/stm32f4xx_syscfg.o
 .comment       0x00000000       0x71 ./src/cmsis_lib/source/stm32f4xx_usart.o
 .comment       0x00000000       0x71 ./src/cmsis_boot/startup/startup_stm32f4xx.o
 .comment       0x00000000       0x71 ./src/cmsis_boot/system_stm32f4xx.o
 .comment       0x00000000       0x71 ./src/STM32F4x7_ETH_Driver/src/netif/etharp.o
 .comment       0x00000000       0x71 ./src/STM32F4x7_ETH_Driver/src/core/ipv4/autoip.o
 .comment       0x00000000       0x71 ./src/STM32F4x7_ETH_Driver/src/core/ipv4/icmp.o
 .comment       0x00000000       0x71 ./src/STM32F4x7_ETH_Driver/src/core/ipv4/inet.o
 .comment       0x00000000       0x71 ./src/STM32F4x7_ETH_Driver/src/core/ipv4/inet_chksum.o
 .comment       0x00000000       0x71 ./src/STM32F4x7_ETH_Driver/src/core/ipv4/ip.o
 .comment       0x00000000       0x71 ./src/STM32F4x7_ETH_Driver/src/core/ipv4/ip_addr.o
 .comment       0x00000000       0x71 ./src/STM32F4x7_ETH_Driver/src/core/ipv4/ip_frag.o
 .comment       0x00000000       0x71 ./src/STM32F4x7_ETH_Driver/src/core/dhcp.o
 .comment       0x00000000       0x71 ./src/STM32F4x7_ETH_Driver/src/core/mem.o
 .comment       0x00000000       0x71 ./src/STM32F4x7_ETH_Driver/src/core/memp.o
 .comment       0x00000000       0x71 ./src/STM32F4x7_ETH_Driver/src/core/netif.o
 .comment       0x00000000       0x71 ./src/STM32F4x7_ETH_Driver/src/core/pbuf.o
 .comment       0x00000000       0x71 ./src/STM32F4x7_ETH_Driver/src/core/raw.o
 .comment       0x00000000       0x71 ./src/STM32F4x7_ETH_Driver/src/core/tcp.o
 .comment       0x00000000       0x71 ./src/STM32F4x7_ETH_Driver/src/core/tcp_in.o
 .comment       0x00000000       0x71 ./src/STM32F4x7_ETH_Driver/src/core/tcp_out.o
 .comment       0x00000000       0x71 ./src/STM32F4x7_ETH_Driver/src/core/udp.o
 .comment       0x00000000       0x71 ./src/STM32F4x7_ETH_Driver/src/ethernetif.o
 .comment       0x00000000       0x71 ./src/STM32F4x7_ETH_Driver/src/stm32f4x7_eth.o
 .comment       0x00000000       0x71 ./src/Ethernet/source/fs.o
 .comment       0x00000000       0x71 ./src/Ethernet/source/httpd.o
 .comment       0x00000000       0x71 ./src/Ethernet/source/httpd_cgi_ssi.o
 .comment       0x00000000       0x71 ./src/Ethernet/source/netconf.o
 .comment       0x00000000       0x71 ./src/Ethernet/source/serial_debug.o
 .comment       0x00000000       0x71 ./src/Ethernet/source/stm32f4x7_eth_bsp.o
 .comment       0x00000000       0x71 ./src/main.o
 .comment       0x00000000       0x71 ./src/stm32f4_discovery.o
 .comment       0x00000000       0x71 ./src/stm32f4xx_it.o

.ARM.attributes
                0x00000000       0x31
 .ARM.attributes
                0x00000000       0x33 ./src/syscalls/syscalls.o
 .ARM.attributes
                0x00000033       0x33 ./src/stdio/printf.o
 .ARM.attributes
                0x00000066       0x33 ./src/cmsis_lib/source/misc.o
 .ARM.attributes
                0x00000099       0x33 ./src/cmsis_lib/source/stm32f4xx_adc.o
 .ARM.attributes
                0x000000cc       0x33 ./src/cmsis_lib/source/stm32f4xx_exti.o
 .ARM.attributes
                0x000000ff       0x33 ./src/cmsis_lib/source/stm32f4xx_gpio.o
 .ARM.attributes
                0x00000132       0x33 ./src/cmsis_lib/source/stm32f4xx_rcc.o
 .ARM.attributes
                0x00000165       0x33 ./src/cmsis_lib/source/stm32f4xx_syscfg.o
 .ARM.attributes
                0x00000198       0x33 ./src/cmsis_lib/source/stm32f4xx_usart.o
 .ARM.attributes
                0x000001cb       0x33 ./src/cmsis_boot/startup/startup_stm32f4xx.o
 .ARM.attributes
                0x000001fe       0x33 ./src/cmsis_boot/system_stm32f4xx.o
 .ARM.attributes
                0x00000231       0x33 ./src/STM32F4x7_ETH_Driver/src/netif/etharp.o
 .ARM.attributes
                0x00000264       0x33 ./src/STM32F4x7_ETH_Driver/src/core/ipv4/autoip.o
 .ARM.attributes
                0x00000297       0x33 ./src/STM32F4x7_ETH_Driver/src/core/ipv4/icmp.o
 .ARM.attributes
                0x000002ca       0x33 ./src/STM32F4x7_ETH_Driver/src/core/ipv4/inet.o
 .ARM.attributes
                0x000002fd       0x33 ./src/STM32F4x7_ETH_Driver/src/core/ipv4/inet_chksum.o
 .ARM.attributes
                0x00000330       0x33 ./src/STM32F4x7_ETH_Driver/src/core/ipv4/ip.o
 .ARM.attributes
                0x00000363       0x33 ./src/STM32F4x7_ETH_Driver/src/core/ipv4/ip_addr.o
 .ARM.attributes
                0x00000396       0x33 ./src/STM32F4x7_ETH_Driver/src/core/ipv4/ip_frag.o
 .ARM.attributes
                0x000003c9       0x33 ./src/STM32F4x7_ETH_Driver/src/core/dhcp.o
 .ARM.attributes
                0x000003fc       0x33 ./src/STM32F4x7_ETH_Driver/src/core/mem.o
 .ARM.attributes
                0x0000042f       0x33 ./src/STM32F4x7_ETH_Driver/src/core/memp.o
 .ARM.attributes
                0x00000462       0x33 ./src/STM32F4x7_ETH_Driver/src/core/netif.o
 .ARM.attributes
                0x00000495       0x33 ./src/STM32F4x7_ETH_Driver/src/core/pbuf.o
 .ARM.attributes
                0x000004c8       0x33 ./src/STM32F4x7_ETH_Driver/src/core/raw.o
 .ARM.attributes
                0x000004fb       0x33 ./src/STM32F4x7_ETH_Driver/src/core/tcp.o
 .ARM.attributes
                0x0000052e       0x33 ./src/STM32F4x7_ETH_Driver/src/core/tcp_in.o
 .ARM.attributes
                0x00000561       0x33 ./src/STM32F4x7_ETH_Driver/src/core/tcp_out.o
 .ARM.attributes
                0x00000594       0x33 ./src/STM32F4x7_ETH_Driver/src/core/udp.o
 .ARM.attributes
                0x000005c7       0x33 ./src/STM32F4x7_ETH_Driver/src/ethernetif.o
 .ARM.attributes
                0x000005fa       0x33 ./src/STM32F4x7_ETH_Driver/src/stm32f4x7_eth.o
 .ARM.attributes
                0x0000062d       0x33 ./src/Ethernet/source/fs.o
 .ARM.attributes
                0x00000660       0x33 ./src/Ethernet/source/httpd.o
 .ARM.attributes
                0x00000693       0x33 ./src/Ethernet/source/httpd_cgi_ssi.o
 .ARM.attributes
                0x000006c6       0x33 ./src/Ethernet/source/netconf.o
 .ARM.attributes
                0x000006f9       0x33 ./src/Ethernet/source/serial_debug.o
 .ARM.attributes
                0x0000072c       0x33 ./src/Ethernet/source/stm32f4x7_eth_bsp.o
 .ARM.attributes
                0x0000075f       0x33 ./src/main.o
 .ARM.attributes
                0x00000792       0x33 ./src/stm32f4_discovery.o
 .ARM.attributes
                0x000007c5       0x33 ./src/stm32f4xx_it.o