Archive member included because of file (symbol)

/usr/local/gcc-arm-none-eabi-4_9-2015q3/bin/../lib/gcc/arm-none-eabi/4.9.3/armv7e-m/libgcc.a(_arm_addsubdf3.o)
                              ./src/Ethernet/source/httpd_cgi_ssi.o (__aeabi_ui2d)
/usr/local/gcc-arm-none-eabi-4_9-2015q3/bin/../lib/gcc/arm-none-eabi/4.9.3/armv7e-m/libgcc.a(_arm_muldivdf3.o)
                              ./src/Ethernet/source/httpd_cgi_ssi.o (__aeabi_dmul)
/usr/local/gcc-arm-none-eabi-4_9-2015q3/bin/../lib/gcc/arm-none-eabi/4.9.3/armv7e-m/libgcc.a(_arm_fixunsdfsi.o)
                              ./src/Ethernet/source/httpd_cgi_ssi.o (__aeabi_d2uiz)
/usr/local/gcc-arm-none-eabi-4_9-2015q3/bin/../lib/gcc/arm-none-eabi/4.9.3/../../../../arm-none-eabi/lib/armv7e-m/libg.a(lib_a-impure.o)
                              ./src/stdio/printf.o (_impure_ptr)
/usr/local/gcc-arm-none-eabi-4_9-2015q3/bin/../lib/gcc/arm-none-eabi/4.9.3/../../../../arm-none-eabi/lib/armv7e-m/libg.a(lib_a-memcmp.o)
                              ./src/STM32F4x7_ETH_Driver/src/core/ipv4/autoip.o (memcmp)
/usr/local/gcc-arm-none-eabi-4_9-2015q3/bin/../lib/gcc/arm-none-eabi/4.9.3/../../../../arm-none-eabi/lib/armv7e-m/libg.a(lib_a-memcpy.o)
                              ./src/STM32F4x7_ETH_Driver/src/core/pbuf.o (memcpy)
/usr/local/gcc-arm-none-eabi-4_9-2015q3/bin/../lib/gcc/arm-none-eabi/4.9.3/../../../../arm-none-eabi/lib/armv7e-m/libg.a(lib_a-memset.o)
                              ./src/STM32F4x7_ETH_Driver/src/core/ipv4/autoip.o (memset)
/usr/local/gcc-arm-none-eabi-4_9-2015q3/bin/../lib/gcc/arm-none-eabi/4.9.3/../../../../arm-none-eabi/lib/armv7e-m/libg.a(lib_a-putchar.o)
                              ./src/STM32F4x7_ETH_Driver/src/core/ipv4/icmp.o (putchar)
/usr/local/gcc-arm-none-eabi-4_9-2015q3/bin/../lib/gcc/arm-none-eabi/4.9.3/../../../../arm-none-eabi/lib/armv7e-m/libg.a(lib_a-strchr.o)
                              ./src/Ethernet/source/httpd.o (strchr)
/usr/local/gcc-arm-none-eabi-4_9-2015q3/bin/../lib/gcc/arm-none-eabi/4.9.3/../../../../arm-none-eabi/lib/armv7e-m/libg.a(lib_a-strcmp.o)
                              ./src/Ethernet/source/fs.o (strcmp)
/usr/local/gcc-arm-none-eabi-4_9-2015q3/bin/../lib/gcc/arm-none-eabi/4.9.3/../../../../arm-none-eabi/lib/armv7e-m/libg.a(lib_a-strlen.o)
                              ./src/Ethernet/source/httpd.o (strlen)
/usr/local/gcc-arm-none-eabi-4_9-2015q3/bin/../lib/gcc/arm-none-eabi/4.9.3/../../../../arm-none-eabi/lib/armv7e-m/libg.a(lib_a-strncmp.o)
                              ./src/Ethernet/source/httpd.o (strncmp)
/usr/local/gcc-arm-none-eabi-4_9-2015q3/bin/../lib/gcc/arm-none-eabi/4.9.3/../../../../arm-none-eabi/lib/armv7e-m/libg.a(lib_a-strstr.o)
                              ./src/Ethernet/source/httpd.o (strstr)
/usr/local/gcc-arm-none-eabi-4_9-2015q3/bin/../lib/gcc/arm-none-eabi/4.9.3/../../../../arm-none-eabi/lib/armv7e-m/libg.a(lib_a-memchr.o)
                              /usr/local/gcc-arm-none-eabi-4_9-2015q3/bin/../lib/gcc/arm-none-eabi/4.9.3/../../../../arm-none-eabi/lib/armv7e-m/libg.a(lib_a-strstr.o) (memchr)
/usr/local/gcc-arm-none-eabi-4_9-2015q3/bin/../lib/gcc/arm-none-eabi/4.9.3/../../../../arm-none-eabi/lib/armv7e-m/libg.a(lib_a-putc.o)
                              /usr/local/gcc-arm-none-eabi-4_9-2015q3/bin/../lib/gcc/arm-none-eabi/4.9.3/../../../../arm-none-eabi/lib/armv7e-m/libg.a(lib_a-putchar.o) (_putc_r)
/usr/local/gcc-arm-none-eabi-4_9-2015q3/bin/../lib/gcc/arm-none-eabi/4.9.3/../../../../arm-none-eabi/lib/armv7e-m/libg.a(lib_a-wbuf.o)
                              /usr/local/gcc-arm-none-eabi-4_9-2015q3/bin/../lib/gcc/arm-none-eabi/4.9.3/../../../../arm-none-eabi/lib/armv7e-m/libg.a(lib_a-putc.o) (__swbuf_r)
/usr/local/gcc-arm-none-eabi-4_9-2015q3/bin/../lib/gcc/arm-none-eabi/4.9.3/../../../../arm-none-eabi/lib/armv7e-m/libg.a(lib_a-wsetup.o)
                              /usr/local/gcc-arm-none-eabi-4_9-2015q3/bin/../lib/gcc/arm-none-eabi/4.9.3/../../../../arm-none-eabi/lib/armv7e-m/libg.a(lib_a-wbuf.o) (__swsetup_r)
/usr/local/gcc-arm-none-eabi-4_9-2015q3/bin/../lib/gcc/arm-none-eabi/4.9.3/../../../../arm-none-eabi/lib/armv7e-m/libg.a(lib_a-fflush.o)
                              /usr/local/gcc-arm-none-eabi-4_9-2015q3/bin/../lib/gcc/arm-none-eabi/4.9.3/../../../../arm-none-eabi/lib/armv7e-m/libg.a(lib_a-wbuf.o) (_fflush_r)
/usr/local/gcc-arm-none-eabi-4_9-2015q3/bin/../lib/gcc/arm-none-eabi/4.9.3/../../../../arm-none-eabi/lib/armv7e-m/libg.a(lib_a-findfp.o)
                              /usr/local/gcc-arm-none-eabi-4_9-2015q3/bin/../lib/gcc/arm-none-eabi/4.9.3/../../../../arm-none-eabi/lib/armv7e-m/libg.a(lib_a-putc.o) (__sinit)
/usr/local/gcc-arm-none-eabi-4_9-2015q3/bin/../lib/gcc/arm-none-eabi/4.9.3/../../../../arm-none-eabi/lib/armv7e-m/libg.a(lib_a-freer.o)
                              /usr/local/gcc-arm-none-eabi-4_9-2015q3/bin/../lib/gcc/arm-none-eabi/4.9.3/../../../../arm-none-eabi/lib/armv7e-m/libg.a(lib_a-wsetup.o) (_free_r)
[...]
Memory Configuration

Name             Origin             Length             Attributes
RAM              0x20000000         0x00020000         xrw
CCMRAM           0x10000000         0x00010000         xrw
FLASH            0x08000000         0x00100000         xr
FLASHB1          0x00000000         0x00000000         xr
EXTMEMB0         0x00000000         0x00000000         xr
EXTMEMB1         0x00000000         0x00000000         xr
EXTMEMB2         0x00000000         0x00000000         xr
EXTMEMB3         0x00000000         0x00000000         xr
MEMORY_ARRAY     0x20002000         0x00000020         xrw
*default*        0x00000000         0xffffffff

Linker script and memory map

LOAD ./src/syscalls/syscalls.o
LOAD ./src/stdio/printf.o
LOAD ./src/cmsis_lib/source/misc.o
LOAD ./src/cmsis_lib/source/stm32f4xx_adc.o
LOAD ./src/cmsis_lib/source/stm32f4xx_dac.o
LOAD ./src/cmsis_lib/source/stm32f4xx_exti.o
LOAD ./src/cmsis_lib/source/stm32f4xx_gpio.o
LOAD ./src/cmsis_lib/source/stm32f4xx_rcc.o
LOAD ./src/cmsis_lib/source/stm32f4xx_syscfg.o
LOAD ./src/cmsis_lib/source/stm32f4xx_usart.o
LOAD ./src/cmsis_boot/startup/startup_stm32f4xx.o
LOAD ./src/cmsis_boot/system_stm32f4xx.o
LOAD ./src/STM32F4x7_ETH_Driver/src/netif/ppp/auth.o
LOAD ./src/STM32F4x7_ETH_Driver/src/netif/ppp/chap.o
LOAD ./src/STM32F4x7_ETH_Driver/src/netif/ppp/chpms.o
LOAD ./src/STM32F4x7_ETH_Driver/src/netif/ppp/fsm.o
LOAD ./src/STM32F4x7_ETH_Driver/src/netif/ppp/ipcp.o
LOAD ./src/STM32F4x7_ETH_Driver/src/netif/ppp/lcp.o
LOAD ./src/STM32F4x7_ETH_Driver/src/netif/ppp/magic.o
LOAD ./src/STM32F4x7_ETH_Driver/src/netif/ppp/md5.o
LOAD ./src/STM32F4x7_ETH_Driver/src/netif/ppp/pap.o
LOAD ./src/STM32F4x7_ETH_Driver/src/netif/ppp/ppp.o
LOAD ./src/STM32F4x7_ETH_Driver/src/netif/ppp/ppp_oe.o
LOAD ./src/STM32F4x7_ETH_Driver/src/netif/ppp/randm.o
LOAD ./src/STM32F4x7_ETH_Driver/src/netif/ppp/vj.o
LOAD ./src/STM32F4x7_ETH_Driver/src/netif/etharp.o
LOAD ./src/STM32F4x7_ETH_Driver/src/netif/loopif.o
LOAD ./src/STM32F4x7_ETH_Driver/src/netif/slipif.o
LOAD ./src/STM32F4x7_ETH_Driver/src/core/snmp/asn1_dec.o
LOAD ./src/STM32F4x7_ETH_Driver/src/core/snmp/asn1_enc.o
LOAD ./src/STM32F4x7_ETH_Driver/src/core/snmp/mib2.o
LOAD ./src/STM32F4x7_ETH_Driver/src/core/snmp/mib_structs.o
LOAD ./src/STM32F4x7_ETH_Driver/src/core/snmp/msg_in.o
LOAD ./src/STM32F4x7_ETH_Driver/src/core/snmp/msg_out.o
LOAD ./src/STM32F4x7_ETH_Driver/src/core/ipv4/autoip.o
LOAD ./src/STM32F4x7_ETH_Driver/src/core/ipv4/icmp.o
LOAD ./src/STM32F4x7_ETH_Driver/src/core/ipv4/igmp.o
LOAD ./src/STM32F4x7_ETH_Driver/src/core/ipv4/inet.o
LOAD ./src/STM32F4x7_ETH_Driver/src/core/ipv4/inet_chksum.o
LOAD ./src/STM32F4x7_ETH_Driver/src/core/ipv4/ip.o
LOAD ./src/STM32F4x7_ETH_Driver/src/core/ipv4/ip_addr.o
LOAD ./src/STM32F4x7_ETH_Driver/src/core/ipv4/ip_frag.o
LOAD ./src/STM32F4x7_ETH_Driver/src/core/dhcp.o
LOAD ./src/STM32F4x7_ETH_Driver/src/core/dns.o
LOAD ./src/STM32F4x7_ETH_Driver/src/core/init.o
LOAD ./src/STM32F4x7_ETH_Driver/src/core/mem.o
LOAD ./src/STM32F4x7_ETH_Driver/src/core/memp.o
LOAD ./src/STM32F4x7_ETH_Driver/src/core/netif.o
LOAD ./src/STM32F4x7_ETH_Driver/src/core/pbuf.o
LOAD ./src/STM32F4x7_ETH_Driver/src/core/raw.o
LOAD ./src/STM32F4x7_ETH_Driver/src/core/stats.o
LOAD ./src/STM32F4x7_ETH_Driver/src/core/sys.o
LOAD ./src/STM32F4x7_ETH_Driver/src/core/tcp.o
LOAD ./src/STM32F4x7_ETH_Driver/src/core/tcp_in.o
LOAD ./src/STM32F4x7_ETH_Driver/src/core/tcp_out.o
LOAD ./src/STM32F4x7_ETH_Driver/src/core/udp.o
LOAD ./src/STM32F4x7_ETH_Driver/src/api/api_lib.o
LOAD ./src/STM32F4x7_ETH_Driver/src/api/api_msg.o
LOAD ./src/STM32F4x7_ETH_Driver/src/api/err.o
LOAD ./src/STM32F4x7_ETH_Driver/src/api/netbuf.o
LOAD ./src/STM32F4x7_ETH_Driver/src/api/netdb.o
LOAD ./src/STM32F4x7_ETH_Driver/src/api/netifapi.o
LOAD ./src/STM32F4x7_ETH_Driver/src/api/sockets.o
LOAD ./src/STM32F4x7_ETH_Driver/src/api/tcpip.o
LOAD ./src/STM32F4x7_ETH_Driver/src/ethernetif.o
LOAD ./src/STM32F4x7_ETH_Driver/src/stm32f4x7_eth.o
LOAD ./src/Ethernet/source/fs.o
LOAD ./src/Ethernet/source/httpd.o
LOAD ./src/Ethernet/source/httpd_cgi_ssi.o
LOAD ./src/Ethernet/source/netconf.o
LOAD ./src/Ethernet/source/serial_debug.o
LOAD ./src/Ethernet/source/stm32f4x7_eth_bsp.o
LOAD ./src/main.o
LOAD ./src/stm32f4_discovery.o
LOAD ./src/stm32f4xx_it.o
LOAD /usr/local/gcc-arm-none-eabi-4_9-2015q3/bin/../lib/gcc/arm-none-eabi/4.9.3/../../../../arm-none-eabi/lib/armv7e-m/libstdc++.a
LOAD /usr/local/gcc-arm-none-eabi-4_9-2015q3/bin/../lib/gcc/arm-none-eabi/4.9.3/../../../../arm-none-eabi/lib/armv7e-m/libm.a
START GROUP
LOAD /usr/local/gcc-arm-none-eabi-4_9-2015q3/bin/../lib/gcc/arm-none-eabi/4.9.3/armv7e-m/libgcc.a
LOAD /usr/local/gcc-arm-none-eabi-4_9-2015q3/bin/../lib/gcc/arm-none-eabi/4.9.3/../../../../arm-none-eabi/lib/armv7e-m/libg.a
LOAD /usr/local/gcc-arm-none-eabi-4_9-2015q3/bin/../lib/gcc/arm-none-eabi/4.9.3/../../../../arm-none-eabi/lib/armv7e-m/libc.a
END GROUP
                0x20020000                __stack = (ORIGIN (RAM) + 0x20000)
                0x20020000                _estack = __stack
                0x00000400                __Main_Stack_Size = 0x400
                0x00000400                PROVIDE (_Main_Stack_Size, __Main_Stack_Size)
                0x2001fc00                __Main_Stack_Limit = (__stack - __Main_Stack_Size)
                0x2001fc00                PROVIDE (_Main_Stack_Limit, __Main_Stack_Limit)
                0x00000100                _Minimum_Stack_Size = 0x100
                0x20008e80                PROVIDE (_Heap_Begin, _end_noinit)
                0x2001fc00                PROVIDE (_Heap_Limit, (__stack - __Main_Stack_Size))

.isr_vector     0x08000000      0x188
 FILL mask 0xff
                0x08000000                __vectors_start = ABSOLUTE (.)
                0x08000000                __vectors_start__ = ABSOLUTE (.)
 *(.isr_vector)
 .isr_vector    0x08000000      0x188 ./src/cmsis_boot/startup/startup_stm32f4xx.o
                0x08000000                g_pfnVectors
 *(.cfmconfig)
 *(.after_vectors .after_vectors.*)

.inits          0x08000188       0x28
                0x08000188                __data_regions_array_start = .
                0x08000188        0x4 LONG 0x801bafc LOADADDR (.data)
                0x0800018c        0x4 LONG 0x20000000 ADDR (.data)
                0x08000190        0x4 LONG 0x200008b4 (ADDR (.data) + SIZEOF (.data))
                0x08000194        0x4 LONG 0x801bafc LOADADDR (.data_CCMRAM)
                0x08000198        0x4 LONG 0x10000000 ADDR (.data_CCMRAM)
                0x0800019c        0x4 LONG 0x10000000 (ADDR (.data_CCMRAM) + SIZEOF (.data_CCMRAM))
                0x080001a0                __data_regions_array_end = .
                0x080001a0                __bss_regions_array_start = .
                0x080001a0        0x4 LONG 0x200010b4 ADDR (.bss)
                0x080001a4        0x4 LONG 0x20008e80 (ADDR (.bss) + SIZEOF (.bss))
                0x080001a8        0x4 LONG 0x10000000 ADDR (.bss_CCMRAM)
                0x080001ac        0x4 LONG 0x10000000 (ADDR (.bss_CCMRAM) + SIZEOF (.bss_CCMRAM))
                0x080001b0                __bss_regions_array_end = .
 *(.init)
 *(.fini)
                0x080001b0                . = ALIGN (0x4)
                0x080001b0                PROVIDE (__preinit_array_start, .)
 *(.preinit_array_sysinit .preinit_array_sysinit.*)
 *(.preinit_array_platform .preinit_array_platform.*)
 *(.preinit_array .preinit_array.*)
                0x080001b0                PROVIDE (__preinit_array_end, .)
                0x080001b0                . = ALIGN (0x4)
                0x080001b0                PROVIDE (__init_array_start, .)
 *(SORT(.init_array.*))
 *(.init_array)
                0x080001b0                PROVIDE (__init_array_end, .)
                0x080001b0                . = ALIGN (0x4)
                0x080001b0                PROVIDE (__fini_array_start, .)
 *(SORT(.fini_array.*))
 *(.fini_array)
                0x080001b0                PROVIDE (__fini_array_end, .)

.flashtext
 *(.flashtext .flashtext.*)

.text           0x080001c0    0x1b93c
 *(.text .text.*)
 .text._sbrk    0x080001c0       0x1c ./src/syscalls/syscalls.o
                0x080001c0                _sbrk
 .text._close   0x080001dc        0x6 ./src/syscalls/syscalls.o
                0x080001dc                _close
 .text._fstat   0x080001e2        0xa ./src/syscalls/syscalls.o
                0x080001e2                _fstat
 .text._isatty  0x080001ec        0x4 ./src/syscalls/syscalls.o
                0x080001ec                _isatty
 .text._lseek   0x080001f0        0x4 ./src/syscalls/syscalls.o
                0x080001f0                _lseek
 .text._read    0x080001f4        0x4 ./src/syscalls/syscalls.o
                0x080001f4                _read
 .text._write   0x080001f8        0x4 ./src/syscalls/syscalls.o
                0x080001f8                _write
 .text.PrintChar
                0x080001fc       0x1c ./src/stdio/printf.o
                0x080001fc                PrintChar
 .text.PutString
                0x08000218       0x18 ./src/stdio/printf.o
                0x08000218                PutString
 .text.PutUnsignedInt
                0x08000230       0x46 ./src/stdio/printf.o
                0x08000230                PutUnsignedInt
 .text.PutSignedInt
                0x08000276       0x6c ./src/stdio/printf.o
                0x08000276                PutSignedInt
 .text.PutHexa  0x080002e2       0x52 ./src/stdio/printf.o
                0x080002e2                PutHexa
 .text.vsnprintf
                0x08000334      0x112 ./src/stdio/printf.o
                0x08000334                vsnprintf
 .text.vsprintf
                0x08000446       0x12 ./src/stdio/printf.o
                0x08000446                vsprintf
 .text.fputc    0x08000458       0x28 ./src/stdio/printf.o
                0x08000458                fputc
 .text.fputs    0x08000480       0x1e ./src/stdio/printf.o
                0x08000480                fputs
 *fill*         0x0800049e        0x2 
 .text.vfprintf
                0x080004a0       0x54 ./src/stdio/printf.o
                0x080004a0                vfprintf
 .text.vprintf  0x080004f4       0x14 ./src/stdio/printf.o
                0x080004f4                vprintf
 .text.printf   0x08000508       0x1a ./src/stdio/printf.o
                0x08000508                printf
 *fill*         0x08000522        0x2 
 .text.puts     0x08000524       0x10 ./src/stdio/printf.o
                0x08000524                puts
 .text.NVIC_PriorityGroupConfig
                0x08000534       0x14 ./src/cmsis_lib/source/misc.o
                0x08000534                NVIC_PriorityGroupConfig
 .text.NVIC_Init
                0x08000548       0x6c ./src/cmsis_lib/source/misc.o
                0x08000548                NVIC_Init
 .text.SysTick_CLKSourceConfig
                0x080005b4       0x18 ./src/cmsis_lib/source/misc.o
                0x080005b4                SysTick_CLKSourceConfig
 .text.ADC_Init
                0x080005cc       0x4c ./src/cmsis_lib/source/stm32f4xx_adc.o
                0x080005cc                ADC_Init
 .text.ADC_StructInit
                0x08000618       0x14 ./src/cmsis_lib/source/stm32f4xx_adc.o
                0x08000618                ADC_StructInit
 .text.ADC_CommonInit
                0x0800062c       0x28 ./src/cmsis_lib/source/stm32f4xx_adc.o
                0x0800062c                ADC_CommonInit
 .text.ADC_Cmd  0x08000654       0x12 ./src/cmsis_lib/source/stm32f4xx_adc.o
                0x08000654                ADC_Cmd
 .text.ADC_RegularChannelConfig
                0x08000666       0x84 ./src/cmsis_lib/source/stm32f4xx_adc.o
                0x08000666                ADC_RegularChannelConfig
 .text.ADC_SoftwareStartConv
                0x080006ea        0xa ./src/cmsis_lib/source/stm32f4xx_adc.o
                0x080006ea                ADC_SoftwareStartConv
 .text.ADC_GetConversionValue
                0x080006f4        0x6 ./src/cmsis_lib/source/stm32f4xx_adc.o
                0x080006f4                ADC_GetConversionValue
 *fill*         0x080006fa        0x2 
 .text.EXTI_Init
                0x080006fc       0x78 ./src/cmsis_lib/source/stm32f4xx_exti.o
                0x080006fc                EXTI_Init
 .text.EXTI_GetITStatus
                0x08000774       0x1c ./src/cmsis_lib/source/stm32f4xx_exti.o
                0x08000774                EXTI_GetITStatus
 .text.EXTI_ClearITPendingBit
                0x08000790        0xc ./src/cmsis_lib/source/stm32f4xx_exti.o
                0x08000790                EXTI_ClearITPendingBit
 .text.GPIO_Init
                0x0800079c       0x70 ./src/cmsis_lib/source/stm32f4xx_gpio.o
                0x0800079c                GPIO_Init
 .text.GPIO_PinAFConfig
                0x0800080c       0x24 ./src/cmsis_lib/source/stm32f4xx_gpio.o
                0x0800080c                GPIO_PinAFConfig
 .text.RCC_GetClocksFreq
                0x08000830       0x88 ./src/cmsis_lib/source/stm32f4xx_rcc.o
                0x08000830                RCC_GetClocksFreq
 .text.RCC_AHB1PeriphClockCmd
                0x080008b8       0x18 ./src/cmsis_lib/source/stm32f4xx_rcc.o
                0x080008b8                RCC_AHB1PeriphClockCmd
 .text.RCC_APB1PeriphClockCmd
                0x080008d0       0x18 ./src/cmsis_lib/source/stm32f4xx_rcc.o
                0x080008d0                RCC_APB1PeriphClockCmd
 .text.RCC_APB2PeriphClockCmd
                0x080008e8       0x18 ./src/cmsis_lib/source/stm32f4xx_rcc.o
                0x080008e8                RCC_APB2PeriphClockCmd
 .text.RCC_AHB1PeriphResetCmd
                0x08000900       0x18 ./src/cmsis_lib/source/stm32f4xx_rcc.o
                0x08000900                RCC_AHB1PeriphResetCmd
 .text.SYSCFG_EXTILineConfig
                0x08000918       0x2a ./src/cmsis_lib/source/stm32f4xx_syscfg.o
                0x08000918                SYSCFG_EXTILineConfig
 *fill*         0x08000942        0x2 
 .text.SYSCFG_ETH_MediaInterfaceConfig
                0x08000944        0xc ./src/cmsis_lib/source/stm32f4xx_syscfg.o
                0x08000944                SYSCFG_ETH_MediaInterfaceConfig
 .text.USART_Init
                0x08000950       0xb4 ./src/cmsis_lib/source/stm32f4xx_usart.o
                0x08000950                USART_Init
 .text.USART_Cmd
                0x08000a04       0x18 ./src/cmsis_lib/source/stm32f4xx_usart.o
                0x08000a04                USART_Cmd
 .text.USART_SendData
                0x08000a1c        0x8 ./src/cmsis_lib/source/stm32f4xx_usart.o
                0x08000a1c                USART_SendData
 .text.USART_ITConfig
                0x08000a24       0x32 ./src/cmsis_lib/source/stm32f4xx_usart.o
                0x08000a24                USART_ITConfig
 .text.USART_GetFlagStatus
                0x08000a56        0xc ./src/cmsis_lib/source/stm32f4xx_usart.o
                0x08000a56                USART_GetFlagStatus
 .text.Default_Handler
                0x08000a62        0x2 ./src/cmsis_boot/startup/startup_stm32f4xx.o
                0x08000a62                RTC_Alarm_IRQHandler
                0x08000a62                HASH_RNG_IRQHandler
                0x08000a62                EXTI2_IRQHandler
                0x08000a62                TIM8_CC_IRQHandler
                0x08000a62                TIM1_CC_IRQHandler
                0x08000a62                DMA2_Stream5_IRQHandler
                0x08000a62                DMA1_Stream5_IRQHandler
                0x08000a62                PVD_IRQHandler
                0x08000a62                SDIO_IRQHandler
                0x08000a62                TAMP_STAMP_IRQHandler
                0x08000a62                CAN2_RX1_IRQHandler
                0x08000a62                EXTI3_IRQHandler
                0x08000a62                TIM8_TRG_COM_TIM14_IRQHandler
                0x08000a62                TIM1_UP_TIM10_IRQHandler
                0x08000a62                TIM8_UP_TIM13_IRQHandler
                0x08000a62                I2C3_ER_IRQHandler
                0x08000a62                EXTI0_IRQHandler
                0x08000a62                I2C2_EV_IRQHandler
                0x08000a62                DMA1_Stream2_IRQHandler
                0x08000a62                CAN1_RX0_IRQHandler
                0x08000a62                FPU_IRQHandler
                0x08000a62                OTG_HS_WKUP_IRQHandler
                0x08000a62                CAN2_SCE_IRQHandler
                0x08000a62                DMA2_Stream2_IRQHandler
                0x08000a62                SPI1_IRQHandler
                0x08000a62                TIM6_DAC_IRQHandler
                0x08000a62                TIM1_BRK_TIM9_IRQHandler
                0x08000a62                DCMI_IRQHandler
                0x08000a62                CAN2_RX0_IRQHandler
                0x08000a62                DMA2_Stream3_IRQHandler
                0x08000a62                USART6_IRQHandler
                0x08000a62                USART3_IRQHandler
                0x08000a62                CRYP_IRQHandler
                0x08000a62                CAN1_RX1_IRQHandler
                0x08000a62                UART5_IRQHandler
                0x08000a62                DMA2_Stream0_IRQHandler
                0x08000a62                TIM4_IRQHandler
                0x08000a62                I2C1_EV_IRQHandler
                0x08000a62                DMA1_Stream6_IRQHandler
                0x08000a62                DMA1_Stream1_IRQHandler
                0x08000a62                UART4_IRQHandler
                0x08000a62                TIM3_IRQHandler
                0x08000a62                RCC_IRQHandler
                0x08000a62                TIM8_BRK_TIM12_IRQHandler
                0x08000a62                ADC_IRQHandler
                0x08000a62                DMA1_Stream7_IRQHandler
                0x08000a62                TIM7_IRQHandler
                0x08000a62                CAN2_TX_IRQHandler
                0x08000a62                TIM5_IRQHandler
                0x08000a62                DMA2_Stream7_IRQHandler
                0x08000a62                I2C3_EV_IRQHandler
                0x08000a62                EXTI9_5_IRQHandler
                0x08000a62                RTC_WKUP_IRQHandler
                0x08000a62                ETH_WKUP_IRQHandler
                0x08000a62                SPI2_IRQHandler
                0x08000a62                OTG_HS_EP1_IN_IRQHandler
                0x08000a62                DMA1_Stream0_IRQHandler
                0x08000a62                CAN1_TX_IRQHandler
                0x08000a62                EXTI4_IRQHandler
                0x08000a62                FSMC_IRQHandler
                0x08000a62                ETH_IRQHandler
                0x08000a62                OTG_HS_EP1_OUT_IRQHandler
                0x08000a62                WWDG_IRQHandler
                0x08000a62                TIM2_IRQHandler
                0x08000a62                OTG_FS_WKUP_IRQHandler
                0x08000a62                TIM1_TRG_COM_TIM11_IRQHandler
                0x08000a62                OTG_HS_IRQHandler
                0x08000a62                EXTI1_IRQHandler
                0x08000a62                USART2_IRQHandler
                0x08000a62                I2C2_ER_IRQHandler
                0x08000a62                DMA2_Stream1_IRQHandler
                0x08000a62                CAN1_SCE_IRQHandler
                0x08000a62                FLASH_IRQHandler
                0x08000a62                DMA2_Stream4_IRQHandler
                0x08000a62                USART1_IRQHandler
                0x08000a62                OTG_FS_IRQHandler
                0x08000a62                SPI3_IRQHandler
                0x08000a62                DMA1_Stream4_IRQHandler
                0x08000a62                I2C1_ER_IRQHandler
                0x08000a62                DMA2_Stream6_IRQHandler
                0x08000a62                DMA1_Stream3_IRQHandler
 .text.Default_Reset_Handler
                0x08000a64       0x48 ./src/cmsis_boot/startup/startup_stm32f4xx.o
                0x08000a64                Reset_Handler
                0x08000a64                Default_Reset_Handler
 .text.SystemInit
                0x08000aac       0xec ./src/cmsis_boot/system_stm32f4xx.o
                0x08000aac                SystemInit
 .text.free_etharp_q
                0x08000b98       0x1c ./src/STM32F4x7_ETH_Driver/src/netif/etharp.o
 .text.find_entry
                0x08000bb4      0x1a0 ./src/STM32F4x7_ETH_Driver/src/netif/etharp.o
 .text.etharp_send_ip
                0x08000d54       0x40 ./src/STM32F4x7_ETH_Driver/src/netif/etharp.o
 .text.update_arp_entry
                0x08000d94      0x11c ./src/STM32F4x7_ETH_Driver/src/netif/etharp.o
 .text.etharp_tmr
                0x08000eb0       0x7c ./src/STM32F4x7_ETH_Driver/src/netif/etharp.o
                0x08000eb0                etharp_tmr
 .text.etharp_ip_input
                0x08000f2c       0x34 ./src/STM32F4x7_ETH_Driver/src/netif/etharp.o
                0x08000f2c                etharp_ip_input
 .text.etharp_arp_input
                0x08000f60      0x190 ./src/STM32F4x7_ETH_Driver/src/netif/etharp.o
                0x08000f60                etharp_arp_input
 .text.etharp_raw
                0x080010f0       0xc0 ./src/STM32F4x7_ETH_Driver/src/netif/etharp.o
                0x080010f0                etharp_raw
 .text.etharp_request
                0x080011b0       0x3c ./src/STM32F4x7_ETH_Driver/src/netif/etharp.o
                0x080011b0                etharp_request
 .text.etharp_query
                0x080011ec      0x148 ./src/STM32F4x7_ETH_Driver/src/netif/etharp.o
                0x080011ec                etharp_query
 .text.etharp_output
                0x08001334       0xbc ./src/STM32F4x7_ETH_Driver/src/netif/etharp.o
                0x08001334                etharp_output
 .text.ethernet_input
                0x080013f0       0xbc ./src/STM32F4x7_ETH_Driver/src/netif/etharp.o
                0x080013f0                ethernet_input
 .text.autoip_start_probing
                0x080014ac       0x4a ./src/STM32F4x7_ETH_Driver/src/core/ipv4/autoip.o
 *fill*         0x080014f6        0x2 
 .text.autoip_arp_announce
                0x080014f8       0x2c ./src/STM32F4x7_ETH_Driver/src/core/ipv4/autoip.o
 .text.autoip_start
                0x08001524       0xf4 ./src/STM32F4x7_ETH_Driver/src/core/ipv4/autoip.o
                0x08001524                autoip_start
 .text.autoip_arp_reply
                0x08001618       0xd0 ./src/STM32F4x7_ETH_Driver/src/core/ipv4/autoip.o
                0x08001618                autoip_arp_reply
 .text.icmp_send_response.isra.0
                0x080016e8      0x12c ./src/STM32F4x7_ETH_Driver/src/core/ipv4/icmp.o
 .text.icmp_input
                0x08001814      0x168 ./src/STM32F4x7_ETH_Driver/src/core/ipv4/icmp.o
                0x08001814                icmp_input
 .text.icmp_dest_unreach
                0x0800197c        0xa ./src/STM32F4x7_ETH_Driver/src/core/ipv4/icmp.o
                0x0800197c                icmp_dest_unreach
 .text.icmp_time_exceeded
                0x08001986        0xa ./src/STM32F4x7_ETH_Driver/src/core/ipv4/icmp.o
                0x08001986                icmp_time_exceeded
 .text.htons    0x08001990        0x6 ./src/STM32F4x7_ETH_Driver/src/core/ipv4/inet.o
                0x08001990                htons
 .text.ntohs    0x08001996        0x6 ./src/STM32F4x7_ETH_Driver/src/core/ipv4/inet.o
                0x08001996                ntohs
 .text.htonl    0x0800199c        0x4 ./src/STM32F4x7_ETH_Driver/src/core/ipv4/inet.o
                0x0800199c                htonl
 .text.ntohl    0x080019a0        0x4 ./src/STM32F4x7_ETH_Driver/src/core/ipv4/inet.o
                0x080019a0                ntohl
 .text.lwip_standard_chksum
                0x080019a4       0x48 ./src/STM32F4x7_ETH_Driver/src/core/ipv4/inet_chksum.o
 .text.inet_chksum
                0x080019ec        0xc ./src/STM32F4x7_ETH_Driver/src/core/ipv4/inet_chksum.o
                0x080019ec                inet_chksum
 .text.inet_chksum_pbuf
                0x080019f8       0x48 ./src/STM32F4x7_ETH_Driver/src/core/ipv4/inet_chksum.o
                0x080019f8                inet_chksum_pbuf
 .text.ip_route
                0x08001a40       0x50 ./src/STM32F4x7_ETH_Driver/src/core/ipv4/ip.o
                0x08001a40                ip_route
 .text.ip_debug_print
                0x08001a90      0x154 ./src/STM32F4x7_ETH_Driver/src/core/ipv4/ip.o
                0x08001a90                ip_debug_print
 .text.ip_input
                0x08001be4      0x2a8 ./src/STM32F4x7_ETH_Driver/src/core/ipv4/ip.o
                0x08001be4                ip_input
 .text.ip_output_if
                0x08001e8c      0x108 ./src/STM32F4x7_ETH_Driver/src/core/ipv4/ip.o
                0x08001e8c                ip_output_if
 .text.ip_output
                0x08001f94       0x44 ./src/STM32F4x7_ETH_Driver/src/core/ipv4/ip.o
                0x08001f94                ip_output
 .text.ip_addr_isbroadcast
                0x08001fd8       0x3a ./src/STM32F4x7_ETH_Driver/src/core/ipv4/ip_addr.o
                0x08001fd8                ip_addr_isbroadcast
 *fill*         0x08002012        0x2 
 .text.ip_reass_free_complete_datagram
                0x08002014       0x90 ./src/STM32F4x7_ETH_Driver/src/core/ipv4/ip_frag.o
 .text.ip_reass_remove_oldest_datagram
                0x080020a4       0x6c ./src/STM32F4x7_ETH_Driver/src/core/ipv4/ip_frag.o
 .text.ip_reass
                0x08002110      0x338 ./src/STM32F4x7_ETH_Driver/src/core/ipv4/ip_frag.o
                0x08002110                ip_reass
 .text.ip_frag  0x08002448      0x170 ./src/STM32F4x7_ETH_Driver/src/core/ipv4/ip_frag.o
                0x08002448                ip_frag
 .text.dhcp_set_state
                0x080025b8        0xe ./src/STM32F4x7_ETH_Driver/src/core/dhcp.o
 .text.dhcp_option
                0x080025c6       0x20 ./src/STM32F4x7_ETH_Driver/src/core/dhcp.o
 .text.dhcp_option_byte
                0x080025e6       0x12 ./src/STM32F4x7_ETH_Driver/src/core/dhcp.o
 .text.dhcp_option_short
                0x080025f8       0x22 ./src/STM32F4x7_ETH_Driver/src/core/dhcp.o
 .text.dhcp_option_long
                0x0800261a       0x46 ./src/STM32F4x7_ETH_Driver/src/core/dhcp.o
 .text.dhcp_get_option_ptr
                0x08002660      0x104 ./src/STM32F4x7_ETH_Driver/src/core/dhcp.o
 .text.dhcp_get_option_long
                0x08002764       0x28 ./src/STM32F4x7_ETH_Driver/src/core/dhcp.o
 .text.dhcp_create_request
                0x0800278c      0x120 ./src/STM32F4x7_ETH_Driver/src/core/dhcp.o
 .text.dhcp_delete_request
                0x080028ac       0x18 ./src/STM32F4x7_ETH_Driver/src/core/dhcp.o
 .text.dhcp_check
                0x080028c4       0x58 ./src/STM32F4x7_ETH_Driver/src/core/dhcp.o
 .text.dhcp_bind
                0x0800291c      0x140 ./src/STM32F4x7_ETH_Driver/src/core/dhcp.o
 .text.dhcp_free_reply
                0x08002a5c       0x2c ./src/STM32F4x7_ETH_Driver/src/core/dhcp.o
 .text.dhcp_option_trailer
                0x08002a88       0x2a ./src/STM32F4x7_ETH_Driver/src/core/dhcp.o
 *fill*         0x08002ab2        0x2 
 .text.dhcp_rebind
                0x08002ab4       0xc0 ./src/STM32F4x7_ETH_Driver/src/core/dhcp.o
 .text.dhcp_discover
                0x08002b74      0x118 ./src/STM32F4x7_ETH_Driver/src/core/dhcp.o
 .text.dhcp_select
                0x08002c8c      0x124 ./src/STM32F4x7_ETH_Driver/src/core/dhcp.o
 .text.dhcp_reboot
                0x08002db0       0xd8 ./src/STM32F4x7_ETH_Driver/src/core/dhcp.o
 .text.dhcp_recv
                0x08002e88      0x3d4 ./src/STM32F4x7_ETH_Driver/src/core/dhcp.o
 .text.dhcp_arp_reply
                0x0800325c       0xe4 ./src/STM32F4x7_ETH_Driver/src/core/dhcp.o
                0x0800325c                dhcp_arp_reply
 .text.dhcp_renew
                0x08003340       0xbc ./src/STM32F4x7_ETH_Driver/src/core/dhcp.o
                0x08003340                dhcp_renew
 .text.dhcp_coarse_tmr
                0x080033fc       0xa4 ./src/STM32F4x7_ETH_Driver/src/core/dhcp.o
                0x080033fc                dhcp_coarse_tmr
 .text.dhcp_release
                0x080034a0       0xe0 ./src/STM32F4x7_ETH_Driver/src/core/dhcp.o
                0x080034a0                dhcp_release
 .text.dhcp_fine_tmr
                0x08003580       0xfc ./src/STM32F4x7_ETH_Driver/src/core/dhcp.o
                0x08003580                dhcp_fine_tmr
 .text.dhcp_stop
                0x0800367c       0x38 ./src/STM32F4x7_ETH_Driver/src/core/dhcp.o
                0x0800367c                dhcp_stop
 .text.dhcp_start
                0x080036b4      0x100 ./src/STM32F4x7_ETH_Driver/src/core/dhcp.o
                0x080036b4                dhcp_start
 .text.mem_init
                0x080037b4       0x44 ./src/STM32F4x7_ETH_Driver/src/core/mem.o
                0x080037b4                mem_init
 .text.mem_free
                0x080037f8       0xa0 ./src/STM32F4x7_ETH_Driver/src/core/mem.o
                0x080037f8                mem_free
 .text.mem_realloc
                0x08003898       0xc0 ./src/STM32F4x7_ETH_Driver/src/core/mem.o
                0x08003898                mem_realloc
 .text.mem_malloc
                0x08003958       0xc4 ./src/STM32F4x7_ETH_Driver/src/core/mem.o
                0x08003958                mem_malloc
 .text.memp_init
                0x08003a1c       0x48 ./src/STM32F4x7_ETH_Driver/src/core/memp.o
                0x08003a1c                memp_init
 .text.memp_malloc
                0x08003a64       0x38 ./src/STM32F4x7_ETH_Driver/src/core/memp.o
                0x08003a64                memp_malloc
 .text.memp_free
                0x08003a9c       0x14 ./src/STM32F4x7_ETH_Driver/src/core/memp.o
                0x08003a9c                memp_free
 .text.netif_set_ipaddr
                0x08003ab0       0xb4 ./src/STM32F4x7_ETH_Driver/src/core/netif.o
                0x08003ab0                netif_set_ipaddr
 .text.netif_set_gw
                0x08003b64       0x5c ./src/STM32F4x7_ETH_Driver/src/core/netif.o
                0x08003b64                netif_set_gw
 .text.netif_set_netmask
                0x08003bc0       0x5c ./src/STM32F4x7_ETH_Driver/src/core/netif.o
                0x08003bc0                netif_set_netmask
 .text.netif_set_addr
                0x08003c1c       0x20 ./src/STM32F4x7_ETH_Driver/src/core/netif.o
                0x08003c1c                netif_set_addr
 .text.netif_add
                0x08003c3c      0x16c ./src/STM32F4x7_ETH_Driver/src/core/netif.o
                0x08003c3c                netif_add
 .text.netif_set_default
                0x08003da8       0x24 ./src/STM32F4x7_ETH_Driver/src/core/netif.o
                0x08003da8                netif_set_default
 .text.netif_set_up
                0x08003dcc       0x1e ./src/STM32F4x7_ETH_Driver/src/core/netif.o
                0x08003dcc                netif_set_up
 .text.netif_set_down
                0x08003dea       0x12 ./src/STM32F4x7_ETH_Driver/src/core/netif.o
                0x08003dea                netif_set_down
 .text.netif_is_up
                0x08003dfc        0xa ./src/STM32F4x7_ETH_Driver/src/core/netif.o
                0x08003dfc                netif_is_up
 *fill*         0x08003e06        0x2 
 .text.pbuf_header
                0x08003e08       0x7c ./src/STM32F4x7_ETH_Driver/src/core/pbuf.o
                0x08003e08                pbuf_header
 .text.pbuf_free
                0x08003e84       0x74 ./src/STM32F4x7_ETH_Driver/src/core/pbuf.o
                0x08003e84                pbuf_free
 .text.pbuf_alloc
                0x08003ef8      0x158 ./src/STM32F4x7_ETH_Driver/src/core/pbuf.o
                0x08003ef8                pbuf_alloc
 .text.pbuf_realloc
                0x08004050       0x4a ./src/STM32F4x7_ETH_Driver/src/core/pbuf.o
                0x08004050                pbuf_realloc
 .text.pbuf_clen
                0x0800409a       0x10 ./src/STM32F4x7_ETH_Driver/src/core/pbuf.o
                0x0800409a                pbuf_clen
 .text.pbuf_ref
                0x080040aa        0xa ./src/STM32F4x7_ETH_Driver/src/core/pbuf.o
                0x080040aa                pbuf_ref
 .text.pbuf_cat
                0x080040b4       0x22 ./src/STM32F4x7_ETH_Driver/src/core/pbuf.o
                0x080040b4                pbuf_cat
 *fill*         0x080040d6        0x2 
 .text.pbuf_chain
                0x080040d8       0x24 ./src/STM32F4x7_ETH_Driver/src/core/pbuf.o
                0x080040d8                pbuf_chain
 .text.pbuf_copy
                0x080040fc       0xb0 ./src/STM32F4x7_ETH_Driver/src/core/pbuf.o
                0x080040fc                pbuf_copy
 .text.pbuf_copy_partial
                0x080041ac       0x68 ./src/STM32F4x7_ETH_Driver/src/core/pbuf.o
                0x080041ac                pbuf_copy_partial
 .text.raw_input
                0x08004214       0x6c ./src/STM32F4x7_ETH_Driver/src/core/raw.o
                0x08004214                raw_input
 .text.tcp_accept_null
                0x08004280        0x6 ./src/STM32F4x7_ETH_Driver/src/core/tcp.o
 *fill*         0x08004286        0x2 
 .text.tcp_new_port
                0x08004288       0x60 ./src/STM32F4x7_ETH_Driver/src/core/tcp.o
 .text.tcp_bind
                0x080042e8       0xcc ./src/STM32F4x7_ETH_Driver/src/core/tcp.o
                0x080042e8                tcp_bind
 .text.tcp_listen_with_backlog
                0x080043b4       0x8c ./src/STM32F4x7_ETH_Driver/src/core/tcp.o
                0x080043b4                tcp_listen_with_backlog
 .text.tcp_update_rcv_ann_wnd
                0x08004440       0x36 ./src/STM32F4x7_ETH_Driver/src/core/tcp.o
                0x08004440                tcp_update_rcv_ann_wnd
 *fill*         0x08004476        0x2 
 .text.tcp_recved
                0x08004478       0x50 ./src/STM32F4x7_ETH_Driver/src/core/tcp.o
                0x08004478                tcp_recved
 .text.tcp_seg_free
                0x080044c8       0x28 ./src/STM32F4x7_ETH_Driver/src/core/tcp.o
                0x080044c8                tcp_seg_free
 .text.tcp_segs_free
                0x080044f0       0x18 ./src/STM32F4x7_ETH_Driver/src/core/tcp.o
                0x080044f0                tcp_segs_free
 .text.tcp_setprio
                0x08004508        0x4 ./src/STM32F4x7_ETH_Driver/src/core/tcp.o
                0x08004508                tcp_setprio
 .text.tcp_arg  0x0800450c        0x4 ./src/STM32F4x7_ETH_Driver/src/core/tcp.o
                0x0800450c                tcp_arg
 .text.tcp_recv
                0x08004510        0x6 ./src/STM32F4x7_ETH_Driver/src/core/tcp.o
                0x08004510                tcp_recv
 .text.tcp_sent
                0x08004516        0x6 ./src/STM32F4x7_ETH_Driver/src/core/tcp.o
                0x08004516                tcp_sent
 .text.tcp_err  0x0800451c        0x6 ./src/STM32F4x7_ETH_Driver/src/core/tcp.o
                0x0800451c                tcp_err
 .text.tcp_accept
                0x08004522        0x4 ./src/STM32F4x7_ETH_Driver/src/core/tcp.o
                0x08004522                tcp_accept
 .text.tcp_poll
                0x08004526        0xa ./src/STM32F4x7_ETH_Driver/src/core/tcp.o
                0x08004526                tcp_poll
 .text.tcp_pcb_purge
                0x08004530       0x60 ./src/STM32F4x7_ETH_Driver/src/core/tcp.o
                0x08004530                tcp_pcb_purge
 .text.tcp_slowtmr
                0x08004590      0x2ec ./src/STM32F4x7_ETH_Driver/src/core/tcp.o
                0x08004590                tcp_slowtmr
 .text.tcp_next_iss
                0x0800487c       0x18 ./src/STM32F4x7_ETH_Driver/src/core/tcp.o
                0x0800487c                tcp_next_iss
 .text.tcp_eff_send_mss
                0x08004894       0x1e ./src/STM32F4x7_ETH_Driver/src/core/tcp.o
                0x08004894                tcp_eff_send_mss
 *fill*         0x080048b2        0x2 
 .text.tcp_debug_print_state
                0x080048b4       0x18 ./src/STM32F4x7_ETH_Driver/src/core/tcp.o
                0x080048b4                tcp_debug_print_state
 .text.tcp_debug_print_flags
                0x080048cc       0x80 ./src/STM32F4x7_ETH_Driver/src/core/tcp.o
                0x080048cc                tcp_debug_print_flags
 .text.tcp_debug_print
                0x0800494c      0x128 ./src/STM32F4x7_ETH_Driver/src/core/tcp.o
                0x0800494c                tcp_debug_print
 .text.tcp_pcbs_sane
                0x08004a74       0x20 ./src/STM32F4x7_ETH_Driver/src/core/tcp.o
                0x08004a74                tcp_pcbs_sane
 .text.tcp_pcb_remove
                0x08004a94       0x64 ./src/STM32F4x7_ETH_Driver/src/core/tcp.o
                0x08004a94                tcp_pcb_remove
 .text.tcp_close
                0x08004af8       0xa8 ./src/STM32F4x7_ETH_Driver/src/core/tcp.o
                0x08004af8                tcp_close
 .text.tcp_recv_null
                0x08004ba0       0x24 ./src/STM32F4x7_ETH_Driver/src/core/tcp.o
                0x08004ba0                tcp_recv_null
 .text.tcp_fasttmr
                0x08004bc4       0x74 ./src/STM32F4x7_ETH_Driver/src/core/tcp.o
                0x08004bc4                tcp_fasttmr
 .text.tcp_tmr  0x08004c38       0x24 ./src/STM32F4x7_ETH_Driver/src/core/tcp.o
                0x08004c38                tcp_tmr
 .text.tcp_abandon
                0x08004c5c       0x9c ./src/STM32F4x7_ETH_Driver/src/core/tcp.o
                0x08004c5c                tcp_abandon
 .text.tcp_alloc
                0x08004cf8      0x13c ./src/STM32F4x7_ETH_Driver/src/core/tcp.o
                0x08004cf8                tcp_alloc
 .text.tcp_new  0x08004e34        0x6 ./src/STM32F4x7_ETH_Driver/src/core/tcp.o
                0x08004e34                tcp_new
 *fill*         0x08004e3a        0x2 
 .text.tcp_receive
                0x08004e3c      0x674 ./src/STM32F4x7_ETH_Driver/src/core/tcp_in.o
 .text.tcp_parseopt.isra.0
                0x080054b0       0xc4 ./src/STM32F4x7_ETH_Driver/src/core/tcp_in.o
 .text.tcp_input
                0x08005574      0x9a4 ./src/STM32F4x7_ETH_Driver/src/core/tcp_in.o
                0x08005574                tcp_input
 .text.tcp_output_set_header.isra.0.constprop.1
                0x08005f18       0x6a ./src/STM32F4x7_ETH_Driver/src/core/tcp_out.o
 *fill*         0x08005f82        0x2 
 .text.tcp_enqueue
                0x08005f84      0x478 ./src/STM32F4x7_ETH_Driver/src/core/tcp_out.o
                0x08005f84                tcp_enqueue
 .text.tcp_send_ctrl
                0x080063fc       0x18 ./src/STM32F4x7_ETH_Driver/src/core/tcp_out.o
                0x080063fc                tcp_send_ctrl
 .text.tcp_write
                0x08006414       0x54 ./src/STM32F4x7_ETH_Driver/src/core/tcp_out.o
                0x08006414                tcp_write
 .text.tcp_send_empty_ack
                0x08006468       0x6c ./src/STM32F4x7_ETH_Driver/src/core/tcp_out.o
                0x08006468                tcp_send_empty_ack
 .text.tcp_output
                0x080064d4      0x35c ./src/STM32F4x7_ETH_Driver/src/core/tcp_out.o
                0x080064d4                tcp_output
 .text.tcp_rst  0x08006830       0xc0 ./src/STM32F4x7_ETH_Driver/src/core/tcp_out.o
                0x08006830                tcp_rst
 .text.tcp_rexmit_rto
                0x080068f0       0x2e ./src/STM32F4x7_ETH_Driver/src/core/tcp_out.o
                0x080068f0                tcp_rexmit_rto
 .text.tcp_rexmit
                0x0800691e       0x48 ./src/STM32F4x7_ETH_Driver/src/core/tcp_out.o
                0x0800691e                tcp_rexmit
 *fill*         0x08006966        0x2 
 .text.tcp_rexmit_fast
                0x08006968       0x8c ./src/STM32F4x7_ETH_Driver/src/core/tcp_out.o
                0x08006968                tcp_rexmit_fast
 .text.tcp_keepalive
                0x080069f4       0xb4 ./src/STM32F4x7_ETH_Driver/src/core/tcp_out.o
                0x080069f4                tcp_keepalive
 .text.tcp_zero_window_probe
                0x08006aa8      0x104 ./src/STM32F4x7_ETH_Driver/src/core/tcp_out.o
                0x08006aa8                tcp_zero_window_probe
 .text.udp_bind
                0x08006bac      0x104 ./src/STM32F4x7_ETH_Driver/src/core/udp.o
                0x08006bac                udp_bind
 .text.udp_sendto_if
                0x08006cb0      0x124 ./src/STM32F4x7_ETH_Driver/src/core/udp.o
                0x08006cb0                udp_sendto_if
 .text.udp_connect
                0x08006dd4       0x88 ./src/STM32F4x7_ETH_Driver/src/core/udp.o
                0x08006dd4                udp_connect
 .text.udp_recv
                0x08006e5c        0x6 ./src/STM32F4x7_ETH_Driver/src/core/udp.o
                0x08006e5c                udp_recv
 *fill*         0x08006e62        0x2 
 .text.udp_remove
                0x08006e64       0x2c ./src/STM32F4x7_ETH_Driver/src/core/udp.o
                0x08006e64                udp_remove
 .text.udp_new  0x08006e90       0x1c ./src/STM32F4x7_ETH_Driver/src/core/udp.o
                0x08006e90                udp_new
 .text.udp_debug_print
                0x08006eac       0x64 ./src/STM32F4x7_ETH_Driver/src/core/udp.o
                0x08006eac                udp_debug_print
 .text.udp_input
                0x08006f10      0x2a8 ./src/STM32F4x7_ETH_Driver/src/core/udp.o
                0x08006f10                udp_input
 .text.low_level_output
                0x080071b8       0x30 ./src/STM32F4x7_ETH_Driver/src/ethernetif.o
 .text.ethernetif_input
                0x080071e8       0xb0 ./src/STM32F4x7_ETH_Driver/src/ethernetif.o
                0x080071e8                ethernetif_input
 .text.ethernetif_init
                0x08007298       0xa0 ./src/STM32F4x7_ETH_Driver/src/ethernetif.o
                0x08007298                ethernetif_init
 .text.ETH_Delay
                0x08007338       0x1a ./src/STM32F4x7_ETH_Driver/src/stm32f4x7_eth.o
 .text.ETH_DeInit
                0x08007352       0x1a ./src/STM32F4x7_ETH_Driver/src/stm32f4x7_eth.o
                0x08007352                ETH_DeInit
 .text.ETH_StructInit
                0x0800736c       0xa8 ./src/STM32F4x7_ETH_Driver/src/stm32f4x7_eth.o
                0x0800736c                ETH_StructInit
 .text.ETH_MACAddressConfig
                0x08007414       0x30 ./src/STM32F4x7_ETH_Driver/src/stm32f4x7_eth.o
                0x08007414                ETH_MACAddressConfig
 .text.ETH_Get_Received_Frame
                0x08007444       0x34 ./src/STM32F4x7_ETH_Driver/src/stm32f4x7_eth.o
                0x08007444                ETH_Get_Received_Frame
 .text.ETH_Prepare_Transmit_Descriptors
                0x08007478       0xbc ./src/STM32F4x7_ETH_Driver/src/stm32f4x7_eth.o
                0x08007478                ETH_Prepare_Transmit_Descriptors
 .text.ETH_DMARxDescChainInit
                0x08007534       0x60 ./src/STM32F4x7_ETH_Driver/src/stm32f4x7_eth.o
                0x08007534                ETH_DMARxDescChainInit
 .text.ETH_CheckFrameReceived
                0x08007594       0x74 ./src/STM32F4x7_ETH_Driver/src/stm32f4x7_eth.o
                0x08007594                ETH_CheckFrameReceived
 .text.ETH_DMATxDescChainInit
                0x08007608       0x4c ./src/STM32F4x7_ETH_Driver/src/stm32f4x7_eth.o
                0x08007608                ETH_DMATxDescChainInit
 .text.ETH_DMATxDescChecksumInsertionConfig
                0x08007654        0x8 ./src/STM32F4x7_ETH_Driver/src/stm32f4x7_eth.o
                0x08007654                ETH_DMATxDescChecksumInsertionConfig
 .text.ETH_SoftwareReset
                0x0800765c       0x10 ./src/STM32F4x7_ETH_Driver/src/stm32f4x7_eth.o
                0x0800765c                ETH_SoftwareReset
 .text.ETH_GetSoftwareResetStatus
                0x0800766c       0x10 ./src/STM32F4x7_ETH_Driver/src/stm32f4x7_eth.o
                0x0800766c                ETH_GetSoftwareResetStatus
 .text.ETH_FlushTransmitFIFO
                0x0800767c       0x14 ./src/STM32F4x7_ETH_Driver/src/stm32f4x7_eth.o
                0x0800767c                ETH_FlushTransmitFIFO
 .text.ETH_Start
                0x08007690       0x34 ./src/STM32F4x7_ETH_Driver/src/stm32f4x7_eth.o
                0x08007690                ETH_Start
 .text.ETH_ReadPHYRegister
                0x080076c4       0x58 ./src/STM32F4x7_ETH_Driver/src/stm32f4x7_eth.o
                0x080076c4                ETH_ReadPHYRegister
 .text.ETH_WritePHYRegister
                0x0800771c       0x54 ./src/STM32F4x7_ETH_Driver/src/stm32f4x7_eth.o
                0x0800771c                ETH_WritePHYRegister
 .text.ETH_Init
                0x08007770      0x260 ./src/STM32F4x7_ETH_Driver/src/stm32f4x7_eth.o
                0x08007770                ETH_Init
 .text.fs_open  0x080079d0       0x88 ./src/Ethernet/source/fs.o
                0x080079d0                fs_open
 .text.fs_close
                0x08007a58       0x20 ./src/Ethernet/source/fs.o
                0x08007a58                fs_close
 .text.fs_read  0x08007a78       0x30 ./src/Ethernet/source/fs.o
                0x08007a78                fs_read
 .text.fs_bytes_left
                0x08007aa8        0x8 ./src/Ethernet/source/fs.o
                0x08007aa8                fs_bytes_left
 .text.http_write
                0x08007ab0       0x3e ./src/Ethernet/source/httpd.o
 .text.http_state_free
                0x08007aee       0x2a ./src/Ethernet/source/httpd.o
 .text.http_err
                0x08007b18        0x8 ./src/Ethernet/source/httpd.o
 .text.strnstr  0x08007b20       0x4c ./src/Ethernet/source/httpd.o
 .text.http_accept
                0x08007b6c       0x68 ./src/Ethernet/source/httpd.o
 .text.http_close_conn
                0x08007bd4       0x50 ./src/Ethernet/source/httpd.o
 .text.http_send_data
                0x08007c24      0x43c ./src/Ethernet/source/httpd.o
 .text.http_sent
                0x08008060       0x16 ./src/Ethernet/source/httpd.o
 .text.http_poll
                0x08008076       0x32 ./src/Ethernet/source/httpd.o
 .text.http_get_404_file
                0x080080a8       0x34 ./src/Ethernet/source/httpd.o
 .text.http_recv
                0x080080dc      0x310 ./src/Ethernet/source/httpd.o
 .text.httpd_init
                0x080083ec       0x44 ./src/Ethernet/source/httpd.o
                0x080083ec                httpd_init
 .text.http_set_ssi_handler
                0x08008430       0x1c ./src/Ethernet/source/httpd.o
                0x08008430                http_set_ssi_handler
 .text.http_set_cgi_handlers
                0x0800844c       0x14 ./src/Ethernet/source/httpd.o
                0x0800844c                http_set_cgi_handlers
 .text.ADC_Handler
                0x08008460      0x148 ./src/Ethernet/source/httpd_cgi_ssi.o
                0x08008460                ADC_Handler
 .text.LEDS_CGI_Handler
                0x080085a8       0x94 ./src/Ethernet/source/httpd_cgi_ssi.o
                0x080085a8                LEDS_CGI_Handler
 .text.httpd_ssi_init
                0x0800863c       0x14 ./src/Ethernet/source/httpd_cgi_ssi.o
                0x0800863c                httpd_ssi_init
 .text.httpd_cgi_init
                0x08008650       0x1c ./src/Ethernet/source/httpd_cgi_ssi.o
                0x08008650                httpd_cgi_init
 .text.LwIP_Init
                0x0800866c       0x48 ./src/Ethernet/source/netconf.o
                0x0800866c                LwIP_Init
 .text.LwIP_Pkt_Handle
                0x080086b4        0xc ./src/Ethernet/source/netconf.o
                0x080086b4                LwIP_Pkt_Handle
 .text.LwIP_DHCP_Process_Handle
                0x080086c0       0x8c ./src/Ethernet/source/netconf.o
                0x080086c0                LwIP_DHCP_Process_Handle
 .text.LwIP_Periodic_Handle
                0x0800874c       0x94 ./src/Ethernet/source/netconf.o
                0x0800874c                LwIP_Periodic_Handle
 .text.DebugComPort_Init
                0x080087e0       0x2c ./src/Ethernet/source/serial_debug.o
                0x080087e0                DebugComPort_Init
 .text.Eth_Link_PHYITConfig
                0x0800880c       0x38 ./src/Ethernet/source/stm32f4x7_eth_bsp.o
                0x0800880c                Eth_Link_PHYITConfig
 .text.Eth_Link_EXTIConfig
                0x08008844       0x78 ./src/Ethernet/source/stm32f4x7_eth_bsp.o
                0x08008844                Eth_Link_EXTIConfig
 .text.ETH_BSP_Config
                0x080088bc      0x214 ./src/Ethernet/source/stm32f4x7_eth_bsp.o
                0x080088bc                ETH_BSP_Config
 .text.Eth_Link_ITHandler
                0x08008ad0       0x20 ./src/Ethernet/source/stm32f4x7_eth_bsp.o
                0x08008ad0                Eth_Link_ITHandler
 .text.Time_Update
                0x08008af0       0x10 ./src/main.o
                0x08008af0                Time_Update
 .text.LCD_LED_Init
                0x08008b00       0x1e ./src/main.o
                0x08008b00                LCD_LED_Init
 *fill*         0x08008b1e        0x2 
 .text.startup.main
                0x08008b20       0x44 ./src/main.o
                0x08008b20                main
 .text.STM_EVAL_LEDInit
                0x08008b64       0x4c ./src/stm32f4_discovery.o
                0x08008b64                STM_EVAL_LEDInit
 .text.STM_EVAL_LEDOn
                0x08008bb0       0x18 ./src/stm32f4_discovery.o
                0x08008bb0                STM_EVAL_LEDOn
 .text.STM_EVAL_LEDOff
                0x08008bc8       0x18 ./src/stm32f4_discovery.o
                0x08008bc8                STM_EVAL_LEDOff
 .text.STM_EVAL_LEDToggle
                0x08008be0       0x1c ./src/stm32f4_discovery.o
                0x08008be0                STM_EVAL_LEDToggle
 .text.STM_EVAL_COMInit
                0x08008bfc       0xa8 ./src/stm32f4_discovery.o
                0x08008bfc                STM_EVAL_COMInit
 .text.NMI_Handler
                0x08008ca4        0x2 ./src/stm32f4xx_it.o
                0x08008ca4                NMI_Handler
 .text.HardFault_Handler
                0x08008ca6        0x2 ./src/stm32f4xx_it.o
                0x08008ca6                HardFault_Handler
 .text.MemManage_Handler
                0x08008ca8        0x2 ./src/stm32f4xx_it.o
                0x08008ca8                MemManage_Handler
 .text.BusFault_Handler
                0x08008caa        0x2 ./src/stm32f4xx_it.o
                0x08008caa                BusFault_Handler
 .text.UsageFault_Handler
                0x08008cac        0x2 ./src/stm32f4xx_it.o
                0x08008cac                UsageFault_Handler
 .text.SVC_Handler
                0x08008cae        0x2 ./src/stm32f4xx_it.o
                0x08008cae                SVC_Handler
 .text.DebugMon_Handler
                0x08008cb0        0x2 ./src/stm32f4xx_it.o
                0x08008cb0                DebugMon_Handler
 .text.PendSV_Handler
                0x08008cb2        0x2 ./src/stm32f4xx_it.o
                0x08008cb2                PendSV_Handler
 .text.SysTick_Handler
                0x08008cb4        0x4 ./src/stm32f4xx_it.o
                0x08008cb4                SysTick_Handler
 .text.EXTI15_10_IRQHandler
                0x08008cb8       0x20 ./src/stm32f4xx_it.o
                0x08008cb8                EXTI15_10_IRQHandler
 .text          0x08008cd8      0x370 /usr/local/gcc-arm-none-eabi-4_9-2015q3/bin/../lib/gcc/arm-none-eabi/4.9.3/armv7e-m/libgcc.a(_arm_addsubdf3.o)
                0x08008cd8                __aeabi_drsub
                0x08008ce0                __aeabi_dsub
                0x08008ce0                __subdf3
                0x08008ce4                __adddf3
                0x08008ce4                __aeabi_dadd
                0x08008f5c                __aeabi_ui2d
                0x08008f5c                __floatunsidf
                0x08008f7c                __floatsidf
                0x08008f7c                __aeabi_i2d
                0x08008fa0                __extendsfdf2
                0x08008fa0                __aeabi_f2d
                0x08008fdc                __aeabi_ul2d
                0x08008fdc                __floatundidf
                0x08008fec                __floatdidf
                0x08008fec                __aeabi_l2d
 .text          0x08009048      0x424 /usr/local/gcc-arm-none-eabi-4_9-2015q3/bin/../lib/gcc/arm-none-eabi/4.9.3/armv7e-m/libgcc.a(_arm_muldivdf3.o)
                0x08009048                __aeabi_dmul
                0x08009048                __muldf3
                0x0800929c                __aeabi_ddiv
                0x0800929c                __divdf3
 .text          0x0800946c       0x40 /usr/local/gcc-arm-none-eabi-4_9-2015q3/bin/../lib/gcc/arm-none-eabi/4.9.3/armv7e-m/libgcc.a(_arm_fixunsdfsi.o)
                0x0800946c                __fixunsdfsi
                0x0800946c                __aeabi_d2uiz
 .text.memcmp   0x080094ac       0x64 /usr/local/gcc-arm-none-eabi-4_9-2015q3/bin/../lib/gcc/arm-none-eabi/4.9.3/../../../../arm-none-eabi/lib/armv7e-m/libg.a(lib_a-memcmp.o)
                0x080094ac                memcmp
 .text          0x08009510      0x134 /usr/local/gcc-arm-none-eabi-4_9-2015q3/bin/../lib/gcc/arm-none-eabi/4.9.3/../../../../arm-none-eabi/lib/armv7e-m/libg.a(lib_a-memcpy.o)
                0x08009510                memcpy
 .text.memset   0x08009644       0x9c /usr/local/gcc-arm-none-eabi-4_9-2015q3/bin/../lib/gcc/arm-none-eabi/4.9.3/../../../../arm-none-eabi/lib/armv7e-m/libg.a(lib_a-memset.o)
                0x08009644                memset
 .text.putchar  0x080096e0       0x14 /usr/local/gcc-arm-none-eabi-4_9-2015q3/bin/../lib/gcc/arm-none-eabi/4.9.3/../../../../arm-none-eabi/lib/armv7e-m/libg.a(lib_a-putchar.o)
                0x080096e0                putchar
 .text.strchr   0x080096f4       0xcc /usr/local/gcc-arm-none-eabi-4_9-2015q3/bin/../lib/gcc/arm-none-eabi/4.9.3/../../../../arm-none-eabi/lib/armv7e-m/libg.a(lib_a-strchr.o)
                0x080096f4                strchr
 .text          0x080097c0      0x2dc /usr/local/gcc-arm-none-eabi-4_9-2015q3/bin/../lib/gcc/arm-none-eabi/4.9.3/../../../../arm-none-eabi/lib/armv7e-m/libg.a(lib_a-strcmp.o)
                0x080097c8                strcmp
 .text.strlen   0x08009a9c       0x5c /usr/local/gcc-arm-none-eabi-4_9-2015q3/bin/../lib/gcc/arm-none-eabi/4.9.3/../../../../arm-none-eabi/lib/armv7e-m/libg.a(lib_a-strlen.o)
                0x08009a9c                strlen
 .text.strncmp  0x08009af8       0x98 /usr/local/gcc-arm-none-eabi-4_9-2015q3/bin/../lib/gcc/arm-none-eabi/4.9.3/../../../../arm-none-eabi/lib/armv7e-m/libg.a(lib_a-strncmp.o)
                0x08009af8                strncmp
 .text.critical_factorization
                0x08009b90       0xb8 /usr/local/gcc-arm-none-eabi-4_9-2015q3/bin/../lib/gcc/arm-none-eabi/4.9.3/../../../../arm-none-eabi/lib/armv7e-m/libg.a(lib_a-strstr.o)
 .text.two_way_long_needle
                0x08009c48      0x1f8 /usr/local/gcc-arm-none-eabi-4_9-2015q3/bin/../lib/gcc/arm-none-eabi/4.9.3/../../../../arm-none-eabi/lib/armv7e-m/libg.a(lib_a-strstr.o)
 .text.strstr   0x08009e40      0x220 /usr/local/gcc-arm-none-eabi-4_9-2015q3/bin/../lib/gcc/arm-none-eabi/4.9.3/../../../../arm-none-eabi/lib/armv7e-m/libg.a(lib_a-strstr.o)
                0x08009e40                strstr
 .text.memchr   0x0800a060       0x94 /usr/local/gcc-arm-none-eabi-4_9-2015q3/bin/../lib/gcc/arm-none-eabi/4.9.3/../../../../arm-none-eabi/lib/armv7e-m/libg.a(lib_a-memchr.o)
                0x0800a060                memchr
 .text._putc_r  0x0800a0f4       0x58 /usr/local/gcc-arm-none-eabi-4_9-2015q3/bin/../lib/gcc/arm-none-eabi/4.9.3/../../../../arm-none-eabi/lib/armv7e-m/libg.a(lib_a-putc.o)
                0x0800a0f4                _putc_r
 .text.__swbuf_r
                0x0800a14c       0xa8 /usr/local/gcc-arm-none-eabi-4_9-2015q3/bin/../lib/gcc/arm-none-eabi/4.9.3/../../../../arm-none-eabi/lib/armv7e-m/libg.a(lib_a-wbuf.o)
                0x0800a14c                __swbuf_r
 .text.__swsetup_r
                0x0800a1f4       0xc4 /usr/local/gcc-arm-none-eabi-4_9-2015q3/bin/../lib/gcc/arm-none-eabi/4.9.3/../../../../arm-none-eabi/lib/armv7e-m/libg.a(lib_a-wsetup.o)
                0x0800a1f4                __swsetup_r
 .text.__sflush_r
                0x0800a2b8      0x154 /usr/local/gcc-arm-none-eabi-4_9-2015q3/bin/../lib/gcc/arm-none-eabi/4.9.3/../../../../arm-none-eabi/lib/armv7e-m/libg.a(lib_a-fflush.o)
                0x0800a2b8                __sflush_r
 .text._fflush_r
                0x0800a40c       0x2c /usr/local/gcc-arm-none-eabi-4_9-2015q3/bin/../lib/gcc/arm-none-eabi/4.9.3/../../../../arm-none-eabi/lib/armv7e-m/libg.a(lib_a-fflush.o)
                0x0800a40c                _fflush_r
 .text._cleanup_r
                0x0800a438        0xc /usr/local/gcc-arm-none-eabi-4_9-2015q3/bin/../lib/gcc/arm-none-eabi/4.9.3/../../../../arm-none-eabi/lib/armv7e-m/libg.a(lib_a-findfp.o)
                0x0800a438                _cleanup_r
 .text.__sinit.part.1
                0x0800a444       0xf0 /usr/local/gcc-arm-none-eabi-4_9-2015q3/bin/../lib/gcc/arm-none-eabi/4.9.3/../../../../arm-none-eabi/lib/armv7e-m/libg.a(lib_a-findfp.o)
 .text.__sinit  0x0800a534        0xc /usr/local/gcc-arm-none-eabi-4_9-2015q3/bin/../lib/gcc/arm-none-eabi/4.9.3/../../../../arm-none-eabi/lib/armv7e-m/libg.a(lib_a-findfp.o)
                0x0800a534                __sinit
 .text.__sfp_lock_acquire
                0x0800a540        0x4 /usr/local/gcc-arm-none-eabi-4_9-2015q3/bin/../lib/gcc/arm-none-eabi/4.9.3/../../../../arm-none-eabi/lib/armv7e-m/libg.a(lib_a-findfp.o)
                0x0800a540                __sfp_lock_acquire
 .text.__sfp_lock_release
                0x0800a544        0x4 /usr/local/gcc-arm-none-eabi-4_9-2015q3/bin/../lib/gcc/arm-none-eabi/4.9.3/../../../../arm-none-eabi/lib/armv7e-m/libg.a(lib_a-findfp.o)
                0x0800a544                __sfp_lock_release
 .text._malloc_trim_r
                0x0800a548       0x9c /usr/local/gcc-arm-none-eabi-4_9-2015q3/bin/../lib/gcc/arm-none-eabi/4.9.3/../../../../arm-none-eabi/lib/armv7e-m/libg.a(lib_a-freer.o)
                0x0800a548                _malloc_trim_r
 .text._free_r  0x0800a5e4      0x1b0 /usr/local/gcc-arm-none-eabi-4_9-2015q3/bin/../lib/gcc/arm-none-eabi/4.9.3/../../../../arm-none-eabi/lib/armv7e-m/libg.a(lib_a-freer.o)
                0x0800a5e4                _free_r
 .text._fwalk_reent
                0x0800a794       0x54 /usr/local/gcc-arm-none-eabi-4_9-2015q3/bin/../lib/gcc/arm-none-eabi/4.9.3/../../../../arm-none-eabi/lib/armv7e-m/libg.a(lib_a-fwalk.o)
                0x0800a794                _fwalk_reent
 .text.__smakebuf_r
                0x0800a7e8       0xe0 /usr/local/gcc-arm-none-eabi-4_9-2015q3/bin/../lib/gcc/arm-none-eabi/4.9.3/../../../../arm-none-eabi/lib/armv7e-m/libg.a(lib_a-makebuf.o)
                0x0800a7e8                __smakebuf_r
 .text._malloc_r
                0x0800a8c8      0x524 /usr/local/gcc-arm-none-eabi-4_9-2015q3/bin/../lib/gcc/arm-none-eabi/4.9.3/../../../../arm-none-eabi/lib/armv7e-m/libg.a(lib_a-mallocr.o)
                0x0800a8c8                _malloc_r
 .text.__malloc_lock
                0x0800adec        0x4 /usr/local/gcc-arm-none-eabi-4_9-2015q3/bin/../lib/gcc/arm-none-eabi/4.9.3/../../../../arm-none-eabi/lib/armv7e-m/libg.a(lib_a-mlock.o)
                0x0800adec                __malloc_lock
 .text.__malloc_unlock
                0x0800adf0        0x4 /usr/local/gcc-arm-none-eabi-4_9-2015q3/bin/../lib/gcc/arm-none-eabi/4.9.3/../../../../arm-none-eabi/lib/armv7e-m/libg.a(lib_a-mlock.o)
                0x0800adf0                __malloc_unlock
 .text._sbrk_r  0x0800adf4       0x24 /usr/local/gcc-arm-none-eabi-4_9-2015q3/bin/../lib/gcc/arm-none-eabi/4.9.3/../../../../arm-none-eabi/lib/armv7e-m/libg.a(lib_a-sbrkr.o)
                0x0800adf4                _sbrk_r
 .text.__sread  0x0800ae18       0x24 /usr/local/gcc-arm-none-eabi-4_9-2015q3/bin/../lib/gcc/arm-none-eabi/4.9.3/../../../../arm-none-eabi/lib/armv7e-m/libg.a(lib_a-stdio.o)
                0x0800ae18                __sread
 .text.__swrite
                0x0800ae3c       0x38 /usr/local/gcc-arm-none-eabi-4_9-2015q3/bin/../lib/gcc/arm-none-eabi/4.9.3/../../../../arm-none-eabi/lib/armv7e-m/libg.a(lib_a-stdio.o)
                0x0800ae3c                __swrite
 .text.__sseek  0x0800ae74       0x20 /usr/local/gcc-arm-none-eabi-4_9-2015q3/bin/../lib/gcc/arm-none-eabi/4.9.3/../../../../arm-none-eabi/lib/armv7e-m/libg.a(lib_a-stdio.o)
                0x0800ae74                __sseek
 .text.__sclose
                0x0800ae94        0x8 /usr/local/gcc-arm-none-eabi-4_9-2015q3/bin/../lib/gcc/arm-none-eabi/4.9.3/../../../../arm-none-eabi/lib/armv7e-m/libg.a(lib_a-stdio.o)
                0x0800ae94                __sclose
 .text._write_r
                0x0800ae9c       0x28 /usr/local/gcc-arm-none-eabi-4_9-2015q3/bin/../lib/gcc/arm-none-eabi/4.9.3/../../../../arm-none-eabi/lib/armv7e-m/libg.a(lib_a-writer.o)
                0x0800ae9c                _write_r
 .text._close_r
                0x0800aec4       0x24 /usr/local/gcc-arm-none-eabi-4_9-2015q3/bin/../lib/gcc/arm-none-eabi/4.9.3/../../../../arm-none-eabi/lib/armv7e-m/libg.a(lib_a-closer.o)
                0x0800aec4                _close_r
 .text._fclose_r
                0x0800aee8       0x84 /usr/local/gcc-arm-none-eabi-4_9-2015q3/bin/../lib/gcc/arm-none-eabi/4.9.3/../../../../arm-none-eabi/lib/armv7e-m/libg.a(lib_a-fclose.o)
                0x0800aee8                _fclose_r
 .text._fstat_r
                0x0800af6c       0x28 /usr/local/gcc-arm-none-eabi-4_9-2015q3/bin/../lib/gcc/arm-none-eabi/4.9.3/../../../../arm-none-eabi/lib/armv7e-m/libg.a(lib_a-fstatr.o)
                0x0800af6c                _fstat_r
 .text._isatty_r
                0x0800af94       0x24 /usr/local/gcc-arm-none-eabi-4_9-2015q3/bin/../lib/gcc/arm-none-eabi/4.9.3/../../../../arm-none-eabi/lib/armv7e-m/libg.a(lib_a-isattyr.o)
                0x0800af94                _isatty_r
 .text._lseek_r
                0x0800afb8       0x28 /usr/local/gcc-arm-none-eabi-4_9-2015q3/bin/../lib/gcc/arm-none-eabi/4.9.3/../../../../arm-none-eabi/lib/armv7e-m/libg.a(lib_a-lseekr.o)
                0x0800afb8                _lseek_r
 .text._read_r  0x0800afe0       0x28 /usr/local/gcc-arm-none-eabi-4_9-2015q3/bin/../lib/gcc/arm-none-eabi/4.9.3/../../../../arm-none-eabi/lib/armv7e-m/libg.a(lib_a-readr.o)
                0x0800afe0                _read_r
 *(.rodata .rodata.* .constdata .constdata.*)
 .rodata.str1.1
                0x0800b008       0x24 ./src/stdio/printf.o
 .rodata.ethbroadcast
                0x0800b02c        0x6 ./src/STM32F4x7_ETH_Driver/src/netif/etharp.o
                0x0800b02c                ethbroadcast
 .rodata.str1.1
                0x0800b032      0x6fd ./src/STM32F4x7_ETH_Driver/src/netif/etharp.o
 .rodata.ethzero
                0x0800b72f        0x6 ./src/STM32F4x7_ETH_Driver/src/netif/etharp.o
                0x0800b72f                ethzero
 .rodata.str1.1
                0x0800b735      0x270 ./src/STM32F4x7_ETH_Driver/src/core/ipv4/autoip.o
 .rodata.str1.1
                0x0800b9a5      0x1c0 ./src/STM32F4x7_ETH_Driver/src/core/ipv4/icmp.o
 .rodata.str1.1
                0x0800bb65      0x43d ./src/STM32F4x7_ETH_Driver/src/core/ipv4/ip.o
 .rodata.ip_addr_broadcast
                0x0800bfa2        0x4 ./src/STM32F4x7_ETH_Driver/src/core/ipv4/ip_addr.o
                0x0800bfa2                ip_addr_broadcast
 .rodata.ip_addr_any
                0x0800bfa6        0x4 ./src/STM32F4x7_ETH_Driver/src/core/ipv4/ip_addr.o
                0x0800bfa6                ip_addr_any
 .rodata.str1.1
                0x0800bfaa      0x1a9 ./src/STM32F4x7_ETH_Driver/src/core/ipv4/ip_frag.o
 .rodata.str1.1
                0x0800c153      0xf35 ./src/STM32F4x7_ETH_Driver/src/core/dhcp.o
 .rodata.str1.1
                0x0800d088       0x7e ./src/STM32F4x7_ETH_Driver/src/core/mem.o
 .rodata.memp_num
                0x0800d106       0x12 ./src/STM32F4x7_ETH_Driver/src/core/memp.o
 .rodata.str1.1
                0x0800d118       0x81 ./src/STM32F4x7_ETH_Driver/src/core/memp.o
 *fill*         0x0800d199        0x3 
 .rodata.memp_desc
                0x0800d19c       0x24 ./src/STM32F4x7_ETH_Driver/src/core/memp.o
 .rodata.memp_sizes
                0x0800d1c0       0x12 ./src/STM32F4x7_ETH_Driver/src/core/memp.o
 .rodata.str1.1
                0x0800d1d2      0x1b3 ./src/STM32F4x7_ETH_Driver/src/core/netif.o
                                0x1c3 (size before relaxing)
 .rodata.str1.1
                0x0800d385      0x21d ./src/STM32F4x7_ETH_Driver/src/core/pbuf.o
                                0x221 (size before relaxing)
 .rodata.tcp_backoff
                0x0800d5a2        0xd ./src/STM32F4x7_ETH_Driver/src/core/tcp.o
                0x0800d5a2                tcp_backoff
 .rodata.str1.1
                0x0800d5af      0x5f1 ./src/STM32F4x7_ETH_Driver/src/core/tcp.o
                                0x61a (size before relaxing)
 .rodata.tcp_persist_backoff
                0x0800dba0        0x7 ./src/STM32F4x7_ETH_Driver/src/core/tcp.o
                0x0800dba0                tcp_persist_backoff
 .rodata.str1.1
                0x0800dba7      0x6bb ./src/STM32F4x7_ETH_Driver/src/core/tcp_in.o
 .rodata.str1.1
                0x0800e262      0x6d2 ./src/STM32F4x7_ETH_Driver/src/core/tcp_out.o
 .rodata.str1.1
                0x0800e934      0x3ac ./src/STM32F4x7_ETH_Driver/src/core/udp.o
                                0x3de (size before relaxing)
 .rodata.str1.1
                0x0800ece0       0x21 ./src/STM32F4x7_ETH_Driver/src/ethernetif.o
 *fill*         0x0800ed01        0x3 
 .rodata.file__STM32F4x7_files_stm32_jpg
                0x0800ed04       0x14 ./src/Ethernet/source/fs.o
                0x0800ed04                file__STM32F4x7_files_stm32_jpg
 .rodata.data__STM32F4x7_files_logo_jpg
                0x0800ed18      0xc57 ./src/Ethernet/source/fs.o
 *fill*         0x0800f96f        0x1 
 .rodata.file__STM32F4x7ADC_shtml
                0x0800f970       0x14 ./src/Ethernet/source/fs.o
                0x0800f970                file__STM32F4x7ADC_shtml
 .rodata.data__404_html
                0x0800f984      0x4db ./src/Ethernet/source/fs.o
 *fill*         0x0800fe5f        0x1 
 .rodata.file__404_html
                0x0800fe60       0x14 ./src/Ethernet/source/fs.o
                0x0800fe60                file__404_html
 .rodata.data__index_html
                0x0800fe74     0x29e4 ./src/Ethernet/source/fs.o
 .rodata.file__STM32F4x7_files_ST_gif
                0x08012858       0x14 ./src/Ethernet/source/fs.o
                0x08012858                file__STM32F4x7_files_ST_gif
 .rodata.data__STM32F4x7LED_html
                0x0801286c      0xff2 ./src/Ethernet/source/fs.o
 *fill*         0x0801385e        0x2 
 .rodata.file__STM32F4x7LED_html
                0x08013860       0x14 ./src/Ethernet/source/fs.o
                0x08013860                file__STM32F4x7LED_html
 .rodata.file__STM32F4x7_files_logo_jpg
                0x08013874       0x14 ./src/Ethernet/source/fs.o
                0x08013874                file__STM32F4x7_files_logo_jpg
 .rodata.data__STM32F4x7_files_ST_gif
                0x08013888      0xaba ./src/Ethernet/source/fs.o
 *fill*         0x08014342        0x2 
 .rodata.file__index_html
                0x08014344       0x14 ./src/Ethernet/source/fs.o
                0x08014344                file__index_html
 .rodata.data__STM32F4x7_files_stm32_jpg
                0x08014358     0x665d ./src/Ethernet/source/fs.o
 .rodata.data__STM32F4x7ADC_shtml
                0x0801a9b5      0xfbb ./src/Ethernet/source/fs.o
 .rodata.str1.1
                0x0801b970       0x8d ./src/Ethernet/source/httpd.o
                                 0xa4 (size before relaxing)
 *fill*         0x0801b9fd        0x3 
 .rodata.g_psDefaultFilenames
                0x0801ba00       0x28 ./src/Ethernet/source/httpd.o
                0x0801ba00                g_psDefaultFilenames
 .rodata.LEDS_CGI
                0x0801ba28        0x8 ./src/Ethernet/source/httpd_cgi_ssi.o
                0x0801ba28                LEDS_CGI
 .rodata.str1.1
                0x0801ba30       0x21 ./src/Ethernet/source/httpd_cgi_ssi.o
                                 0x2d (size before relaxing)
 .rodata.str1.1
                0x0801ba51       0x1e ./src/main.o
 *fill*         0x0801ba6f        0x1 
 .rodata.GPIO_CLK
                0x0801ba70       0x10 ./src/stm32f4_discovery.o
                0x0801ba70                GPIO_CLK
 .rodata.GPIO_PIN
                0x0801ba80        0x8 ./src/stm32f4_discovery.o
                0x0801ba80                GPIO_PIN
 .rodata.str1.4
                0x0801ba88        0x4 /usr/local/gcc-arm-none-eabi-4_9-2015q3/bin/../lib/gcc/arm-none-eabi/4.9.3/../../../../arm-none-eabi/lib/armv7e-m/libg.a(lib_a-impure.o)
                                  0x2 (size before relaxing)
 *(vtable)
 *(.eh_frame*)
 .eh_frame      0x0801ba8c       0x70 /usr/local/gcc-arm-none-eabi-4_9-2015q3/bin/../lib/gcc/arm-none-eabi/4.9.3/../../../../arm-none-eabi/lib/armv7e-m/libg.a(lib_a-strcmp.o)
 *(.glue_7)
 .glue_7        0x00000000        0x0 linker stubs
 *(.glue_7t)
 .glue_7t       0x00000000        0x0 linker stubs

.vfp11_veneer   0x0801bafc        0x0
 .vfp11_veneer  0x00000000        0x0 linker stubs

.v4_bx          0x0801bafc        0x0
 .v4_bx         0x00000000        0x0 linker stubs

.iplt           0x0801bafc        0x0
 .iplt          0x00000000        0x0 ./src/syscalls/syscalls.o

.rel.dyn        0x0801bafc        0x0
 .rel.iplt      0x00000000        0x0 ./src/syscalls/syscalls.o

.ARM.extab
 *(.ARM.extab* .gnu.linkonce.armextab.*)
                0x0801bafc                . = ALIGN (0x4)
                0x0801bafc                __exidx_start = .

.ARM.exidx
 *(.ARM.exidx* .gnu.linkonce.armexidx.*)
                0x0801bafc                __exidx_end = .
                0x0801bafc                . = ALIGN (0x4)
                0x0801bafc                _etext = .
                0x0801bafc                __etext = .

.data_CCMRAM    0x10000000        0x0 load address 0x0801bafc
 FILL mask 0xff
 *(.data.CCMRAM .data.CCMRAM.*)
                0x10000000                . = ALIGN (0x4)
                0x0801bafc                _sidata = LOADADDR (.data)

.data           0x20000000      0x8b4 load address 0x0801bafc
 FILL mask 0xff
                0x20000000                _sdata = .
                0x20000000                __data_start__ = .
 *(.data_begin .data_begin.*)
 *(.data .data.*)
 .data.APBAHBPrescTable
                0x20000000       0x10 ./src/cmsis_lib/source/stm32f4xx_rcc.o
 .data.xid.5986
                0x20000010        0x4 ./src/STM32F4x7_ETH_Driver/src/core/dhcp.o
 .data.iss.6098
                0x20000014        0x4 ./src/STM32F4x7_ETH_Driver/src/core/tcp.o
 .data.tcp_state_str
                0x20000018       0x2c ./src/STM32F4x7_ETH_Driver/src/core/tcp.o
                0x20000018                tcp_state_str
 .data.port.5926
                0x20000044        0x2 ./src/STM32F4x7_ETH_Driver/src/core/tcp.o
 *fill*         0x20000046        0x2 
 .data.g_pcSSIExtensions
                0x20000048       0x10 ./src/Ethernet/source/httpd.o
                0x20000048                g_pcSSIExtensions
 .data.TAGCHAR  0x20000058        0x4 ./src/Ethernet/source/httpd_cgi_ssi.o
                0x20000058                TAGCHAR
 .data.TAGS     0x2000005c        0x4 ./src/Ethernet/source/httpd_cgi_ssi.o
                0x2000005c                TAGS
 .data.ADC_not_configured
                0x20000060        0x4 ./src/Ethernet/source/httpd_cgi_ssi.o
                0x20000060                ADC_not_configured
 .data.GPIO_PORT
                0x20000064       0x10 ./src/stm32f4_discovery.o
                0x20000064                GPIO_PORT
 *fill*         0x20000074        0x4 
 .data.impure_data
                0x20000078      0x428 /usr/local/gcc-arm-none-eabi-4_9-2015q3/bin/../lib/gcc/arm-none-eabi/4.9.3/../../../../arm-none-eabi/lib/armv7e-m/libg.a(lib_a-impure.o)
 .data._impure_ptr
                0x200004a0        0x4 /usr/local/gcc-arm-none-eabi-4_9-2015q3/bin/../lib/gcc/arm-none-eabi/4.9.3/../../../../arm-none-eabi/lib/armv7e-m/libg.a(lib_a-impure.o)
                0x200004a0                _impure_ptr
 .data.__malloc_av_
                0x200004a4      0x408 /usr/local/gcc-arm-none-eabi-4_9-2015q3/bin/../lib/gcc/arm-none-eabi/4.9.3/../../../../arm-none-eabi/lib/armv7e-m/libg.a(lib_a-mallocr.o)
                0x200004a4                __malloc_av_
 .data.__malloc_trim_threshold
                0x200008ac        0x4 /usr/local/gcc-arm-none-eabi-4_9-2015q3/bin/../lib/gcc/arm-none-eabi/4.9.3/../../../../arm-none-eabi/lib/armv7e-m/libg.a(lib_a-mallocr.o)
                0x200008ac                __malloc_trim_threshold
 .data.__malloc_sbrk_base
                0x200008b0        0x4 /usr/local/gcc-arm-none-eabi-4_9-2015q3/bin/../lib/gcc/arm-none-eabi/4.9.3/../../../../arm-none-eabi/lib/armv7e-m/libg.a(lib_a-mallocr.o)
                0x200008b0                __malloc_sbrk_base
 *(.data_end .data_end.*)
                0x200008b4                . = ALIGN (0x4)
                0x200008b4                _edata = .
                0x200008b4                __data_end__ = .

.igot.plt       0x200008b4        0x0 load address 0x0801c3b0
 .igot.plt      0x00000000        0x0 ./src/syscalls/syscalls.o

.co_stack       0x200008b4      0x800 load address 0x0801c3b0
 .co_stack      0x200008b4      0x800 ./src/cmsis_boot/startup/startup_stm32f4xx.o
                0x200008b4                pulStack

.bss_CCMRAM     0x10000000        0x0
 *(.bss.CCMRAM .bss.CCMRAM.*)

.bss            0x200010b4     0x7dcc
                0x200010b4                __bss_start__ = .
                0x200010b4                _sbss = .
 *(.bss_begin .bss_begin.*)
 *(.bss .bss.*)
 .bss.heap.5192
                0x200010b4        0x4 ./src/syscalls/syscalls.o
 .bss.etharp_cached_entry
                0x200010b8        0x1 ./src/STM32F4x7_ETH_Driver/src/netif/etharp.o
 *fill*         0x200010b9        0x3 
 .bss.arp_table
                0x200010bc       0xc8 ./src/STM32F4x7_ETH_Driver/src/netif/etharp.o
 .bss.ip_id.6013
                0x20001184        0x2 ./src/STM32F4x7_ETH_Driver/src/core/ipv4/ip.o
 *fill*         0x20001186        0x2 
 .bss.reassdatagrams
                0x20001188        0x4 ./src/STM32F4x7_ETH_Driver/src/core/ipv4/ip_frag.o
 .bss.ip_reass_pbufcount
                0x2000118c        0x2 ./src/STM32F4x7_ETH_Driver/src/core/ipv4/ip_frag.o
 .bss.buf       0x2000118e      0x5e0 ./src/STM32F4x7_ETH_Driver/src/core/ipv4/ip_frag.o
 .bss.ram_heap  0x2000176e     0x2814 ./src/STM32F4x7_ETH_Driver/src/core/mem.o
 *fill*         0x20003f82        0x2 
 .bss.lfree     0x20003f84        0x4 ./src/STM32F4x7_ETH_Driver/src/core/mem.o
 .bss.ram_end   0x20003f88        0x4 ./src/STM32F4x7_ETH_Driver/src/core/mem.o
 .bss.ram       0x20003f8c        0x4 ./src/STM32F4x7_ETH_Driver/src/core/mem.o
 .bss.mem_sem   0x20003f90        0x1 ./src/STM32F4x7_ETH_Driver/src/core/mem.o
 .bss.memp_memory
                0x20003f91     0x2413 ./src/STM32F4x7_ETH_Driver/src/core/memp.o
 .bss.memp_tab  0x200063a4       0x24 ./src/STM32F4x7_ETH_Driver/src/core/memp.o
 .bss.netifnum.5804
                0x200063c8        0x1 ./src/STM32F4x7_ETH_Driver/src/core/netif.o
 *fill*         0x200063c9        0x3 
 .bss.raw_pcbs  0x200063cc        0x4 ./src/STM32F4x7_ETH_Driver/src/core/raw.o
 .bss.tcp_timer
                0x200063d0        0x1 ./src/STM32F4x7_ETH_Driver/src/core/tcp.o
 *fill*         0x200063d1        0x3 
 .bss.seqno     0x200063d4        0x4 ./src/STM32F4x7_ETH_Driver/src/core/tcp_in.o
 .bss.iphdr     0x200063d8        0x4 ./src/STM32F4x7_ETH_Driver/src/core/tcp_in.o
 .bss.tcplen    0x200063dc        0x2 ./src/STM32F4x7_ETH_Driver/src/core/tcp_in.o
 *fill*         0x200063de        0x2 
 .bss.ackno     0x200063e0        0x4 ./src/STM32F4x7_ETH_Driver/src/core/tcp_in.o
 .bss.flags     0x200063e4        0x1 ./src/STM32F4x7_ETH_Driver/src/core/tcp_in.o
 .bss.recv_flags
                0x200063e5        0x1 ./src/STM32F4x7_ETH_Driver/src/core/tcp_in.o
 *fill*         0x200063e6        0x2 
 .bss.tcphdr    0x200063e8        0x4 ./src/STM32F4x7_ETH_Driver/src/core/tcp_in.o
 .bss.recv_data
                0x200063ec        0x4 ./src/STM32F4x7_ETH_Driver/src/core/tcp_in.o
 .bss.inseg     0x200063f0       0x14 ./src/STM32F4x7_ETH_Driver/src/core/tcp_in.o
 .bss.g_pfnSSIHandler
                0x20006404        0x4 ./src/Ethernet/source/httpd.o
                0x20006404                g_pfnSSIHandler
 .bss.g_ppcTags
                0x20006408        0x4 ./src/Ethernet/source/httpd.o
                0x20006408                g_ppcTags
 .bss.g_iNumCGIs
                0x2000640c        0x4 ./src/Ethernet/source/httpd.o
                0x2000640c                g_iNumCGIs
 .bss.g_pCGIs   0x20006410        0x4 ./src/Ethernet/source/httpd.o
                0x20006410                g_pCGIs
 .bss.g_iNumTags
                0x20006414        0x4 ./src/Ethernet/source/httpd.o
                0x20006414                g_iNumTags
 .bss.httpd_req_buf
                0x20006418      0x400 ./src/Ethernet/source/httpd.o
 .bss.DHCPcoarseTimer
                0x20006818        0x4 ./src/Ethernet/source/netconf.o
                0x20006818                DHCPcoarseTimer
 .bss.DHCP_state
                0x2000681c        0x1 ./src/Ethernet/source/netconf.o
                0x2000681c                DHCP_state
 *fill*         0x2000681d        0x3 
 .bss.TCPTimer  0x20006820        0x4 ./src/Ethernet/source/netconf.o
                0x20006820                TCPTimer
 .bss.ARPTimer  0x20006824        0x4 ./src/Ethernet/source/netconf.o
                0x20006824                ARPTimer
 .bss.IPaddress
                0x20006828        0x4 ./src/Ethernet/source/netconf.o
                0x20006828                IPaddress
 .bss.DHCPfineTimer
                0x2000682c        0x4 ./src/Ethernet/source/netconf.o
                0x2000682c                DHCPfineTimer
 .bss.EthInitStatus
                0x20006830        0x4 ./src/Ethernet/source/stm32f4x7_eth_bsp.o
                0x20006830                EthInitStatus
 .bss.EthLinkStatus
                0x20006834        0x1 ./src/Ethernet/source/stm32f4x7_eth_bsp.o
                0x20006834                EthLinkStatus
 *fill*         0x20006835        0x3 
 .bss.LocalTime
                0x20006838        0x4 ./src/main.o
                0x20006838                LocalTime
 .bss.__malloc_max_total_mem
                0x2000683c        0x4 /usr/local/gcc-arm-none-eabi-4_9-2015q3/bin/../lib/gcc/arm-none-eabi/4.9.3/../../../../arm-none-eabi/lib/armv7e-m/libg.a(lib_a-mallocr.o)
                0x2000683c                __malloc_max_total_mem
 .bss.__malloc_max_sbrked_mem
                0x20006840        0x4 /usr/local/gcc-arm-none-eabi-4_9-2015q3/bin/../lib/gcc/arm-none-eabi/4.9.3/../../../../arm-none-eabi/lib/armv7e-m/libg.a(lib_a-mallocr.o)
                0x20006840                __malloc_max_sbrked_mem
 .bss.__malloc_top_pad
                0x20006844        0x4 /usr/local/gcc-arm-none-eabi-4_9-2015q3/bin/../lib/gcc/arm-none-eabi/4.9.3/../../../../arm-none-eabi/lib/armv7e-m/libg.a(lib_a-mallocr.o)
                0x20006844                __malloc_top_pad
 .bss.__malloc_current_mallinfo
                0x20006848       0x28 /usr/local/gcc-arm-none-eabi-4_9-2015q3/bin/../lib/gcc/arm-none-eabi/4.9.3/../../../../arm-none-eabi/lib/armv7e-m/libg.a(lib_a-mallocr.o)
                0x20006848                __malloc_current_mallinfo
 *(COMMON)
 COMMON         0x20006870        0x8 ./src/STM32F4x7_ETH_Driver/src/core/ipv4/ip.o
                0x20006870                current_netif
                0x20006874                current_header
 COMMON         0x20006878        0x8 ./src/STM32F4x7_ETH_Driver/src/core/netif.o
                0x20006878                netif_list
                0x2000687c                netif_default
 COMMON         0x20006880       0x18 ./src/STM32F4x7_ETH_Driver/src/core/tcp.o
                0x20006880                tcp_active_pcbs
                0x20006884                tcp_ticks
                0x20006888                tcp_listen_pcbs
                0x2000688c                tcp_tmp_pcb
                0x20006890                tcp_bound_pcbs
                0x20006894                tcp_tw_pcbs
 COMMON         0x20006898        0x4 ./src/STM32F4x7_ETH_Driver/src/core/tcp_in.o
                0x20006898                tcp_input_pcb
 COMMON         0x2000689c        0x4 ./src/STM32F4x7_ETH_Driver/src/core/udp.o
                0x2000689c                udp_pcbs
 COMMON         0x200068a0     0x2494 ./src/STM32F4x7_ETH_Driver/src/stm32f4x7_eth.o
                0x200068a0                RX_Frame_Descriptor
                0x200068ac                DMARxDescToGet
                0x200068b0                DMATxDescToSet
                0x200068b4                DMATxDscrTab
                0x200068f4                Rx_Buff
                0x200080c4                Frame_Rx_index
                0x200080c8                DMA_RX_FRAME_infos
                0x200080cc                DMARxDscrTab
                0x2000814c                Tx_Buff
 COMMON         0x20008d34       0xf0 ./src/Ethernet/source/fs.o
                0x20008d34                fs_memory
 COMMON         0x20008e24        0xc ./src/Ethernet/source/httpd_cgi_ssi.o
                0x20008e24                ADC_Page_SSI_Handler
                0x20008e28                CGI_TAB
 COMMON         0x20008e30       0x38 ./src/Ethernet/source/netconf.o
                0x20008e30                netif
 COMMON         0x20008e68       0x14 ./src/main.o
                0x20008e68                RCC_Clocks
                0x20008e78                timingdelay
 COMMON         0x20008e7c        0x4 /usr/local/gcc-arm-none-eabi-4_9-2015q3/bin/../lib/gcc/arm-none-eabi/4.9.3/../../../../arm-none-eabi/lib/armv7e-m/libg.a(lib_a-reent.o)
                0x20008e7c                errno
 *(.bss_end .bss_end.*)
                0x20008e80                . = ALIGN (0x4)
                0x20008e80                __bss_end__ = .
                0x20008e80                _ebss = .

.noinit_CCMRAM
 *(.noinit.CCMRAM .noinit.CCMRAM.*)

.noinit         0x20008e80        0x0
                0x20008e80                _noinit = .
 *(.noinit .noinit.*)
                0x20008e80                . = ALIGN (0x4)
                0x20008e80                _end_noinit = .
                0x20008e80                PROVIDE (end, _end_noinit)
                0x20008e80                PROVIDE (_end, _end_noinit)
                0x20008e80                PROVIDE (__end, _end_noinit)
                0x20008e80                PROVIDE (__end__, _end_noinit)

._check_stack   0x20008e80      0x100
                0x20008f80                . = (. + _Minimum_Stack_Size)
 *fill*         0x20008e80      0x100 

.b1text
 *(.b1text)
 *(.b1rodata)
 *(.b1rodata.*)

.eb0text
 *(.eb0text)
 *(.eb0rodata)
 *(.eb0rodata.*)

.eb1text
 *(.eb1text)
 *(.eb1rodata)
 *(.eb1rodata.*)

.eb2text
 *(.eb2text)
 *(.eb2rodata)
 *(.eb2rodata.*)

.eb3text
 *(.eb3text)
 *(.eb3rodata)
 *(.eb3rodata.*)

.stab
 *(.stab)

.stabstr
 *(.stabstr)

.stab.excl
 *(.stab.excl)

.stab.exclstr
 *(.stab.exclstr)

.stab.index
 *(.stab.index)

.stab.indexstr
 *(.stab.indexstr)

.comment        0x00000000       0x70
 *(.comment)
 .comment       0x00000000       0x70 ./src/syscalls/syscalls.o
                                 0x71 (size before relaxing)
 .comment       0x00000000       0x71 ./src/stdio/printf.o
 .comment       0x00000000       0x71 ./src/cmsis_lib/source/misc.o
 .comment       0x00000000       0x71 ./src/cmsis_lib/source/stm32f4xx_adc.o
 .comment       0x00000000       0x71 ./src/cmsis_lib/source/stm32f4xx_exti.o
 .comment       0x00000000       0x71 ./src/cmsis_lib/source/stm32f4xx_gpio.o
 .comment       0x00000000       0x71 ./src/cmsis_lib/source/stm32f4xx_rcc.o
 .comment       0x00000000       0x71 ./src/cmsis_lib/source/stm32f4xx_syscfg.o
 .comment       0x00000000       0x71 ./src/cmsis_lib/source/stm32f4xx_usart.o
 .comment       0x00000000       0x71 ./src/cmsis_boot/startup/startup_stm32f4xx.o
 .comment       0x00000000       0x71 ./src/cmsis_boot/system_stm32f4xx.o
 .comment       0x00000000       0x71 ./src/STM32F4x7_ETH_Driver/src/netif/etharp.o
 .comment       0x00000000       0x71 ./src/STM32F4x7_ETH_Driver/src/core/ipv4/autoip.o
 .comment       0x00000000       0x71 ./src/STM32F4x7_ETH_Driver/src/core/ipv4/icmp.o
 .comment       0x00000000       0x71 ./src/STM32F4x7_ETH_Driver/src/core/ipv4/inet.o
 .comment       0x00000000       0x71 ./src/STM32F4x7_ETH_Driver/src/core/ipv4/inet_chksum.o
 .comment       0x00000000       0x71 ./src/STM32F4x7_ETH_Driver/src/core/ipv4/ip.o
 .comment       0x00000000       0x71 ./src/STM32F4x7_ETH_Driver/src/core/ipv4/ip_addr.o
 .comment       0x00000000       0x71 ./src/STM32F4x7_ETH_Driver/src/core/ipv4/ip_frag.o
 .comment       0x00000000       0x71 ./src/STM32F4x7_ETH_Driver/src/core/dhcp.o
 .comment       0x00000000       0x71 ./src/STM32F4x7_ETH_Driver/src/core/mem.o
 .comment       0x00000000       0x71 ./src/STM32F4x7_ETH_Driver/src/core/memp.o
 .comment       0x00000000       0x71 ./src/STM32F4x7_ETH_Driver/src/core/netif.o
 .comment       0x00000000       0x71 ./src/STM32F4x7_ETH_Driver/src/core/pbuf.o
 .comment       0x00000000       0x71 ./src/STM32F4x7_ETH_Driver/src/core/raw.o
 .comment       0x00000000       0x71 ./src/STM32F4x7_ETH_Driver/src/core/tcp.o
 .comment       0x00000000       0x71 ./src/STM32F4x7_ETH_Driver/src/core/tcp_in.o
 .comment       0x00000000       0x71 ./src/STM32F4x7_ETH_Driver/src/core/tcp_out.o
 .comment       0x00000000       0x71 ./src/STM32F4x7_ETH_Driver/src/core/udp.o
 .comment       0x00000000       0x71 ./src/STM32F4x7_ETH_Driver/src/ethernetif.o
 .comment       0x00000000       0x71 ./src/STM32F4x7_ETH_Driver/src/stm32f4x7_eth.o
 .comment       0x00000000       0x71 ./src/Ethernet/source/fs.o
 .comment       0x00000000       0x71 ./src/Ethernet/source/httpd.o
 .comment       0x00000000       0x71 ./src/Ethernet/source/httpd_cgi_ssi.o
 .comment       0x00000000       0x71 ./src/Ethernet/source/netconf.o
 .comment       0x00000000       0x71 ./src/Ethernet/source/serial_debug.o
 .comment       0x00000000       0x71 ./src/Ethernet/source/stm32f4x7_eth_bsp.o
 .comment       0x00000000       0x71 ./src/main.o
 .comment       0x00000000       0x71 ./src/stm32f4_discovery.o
 .comment       0x00000000       0x71 ./src/stm32f4xx_it.o

.ARM.attributes
                0x00000000       0x31
 .ARM.attributes
                0x00000000       0x33 ./src/syscalls/syscalls.o
 .ARM.attributes
                0x00000033       0x33 ./src/stdio/printf.o
 .ARM.attributes
                0x00000066       0x33 ./src/cmsis_lib/source/misc.o
 .ARM.attributes
                0x00000099       0x33 ./src/cmsis_lib/source/stm32f4xx_adc.o
 .ARM.attributes
                0x000000cc       0x33 ./src/cmsis_lib/source/stm32f4xx_exti.o
 .ARM.attributes
                0x000000ff       0x33 ./src/cmsis_lib/source/stm32f4xx_gpio.o
 .ARM.attributes
                0x00000132       0x33 ./src/cmsis_lib/source/stm32f4xx_rcc.o
 .ARM.attributes
                0x00000165       0x33 ./src/cmsis_lib/source/stm32f4xx_syscfg.o
 .ARM.attributes
                0x00000198       0x33 ./src/cmsis_lib/source/stm32f4xx_usart.o
 .ARM.attributes
                0x000001cb       0x33 ./src/cmsis_boot/startup/startup_stm32f4xx.o
 .ARM.attributes
                0x000001fe       0x33 ./src/cmsis_boot/system_stm32f4xx.o
 .ARM.attributes
                0x00000231       0x33 ./src/STM32F4x7_ETH_Driver/src/netif/etharp.o
 .ARM.attributes
                0x00000264       0x33 ./src/STM32F4x7_ETH_Driver/src/core/ipv4/autoip.o
 .ARM.attributes
                0x00000297       0x33 ./src/STM32F4x7_ETH_Driver/src/core/ipv4/icmp.o
 .ARM.attributes
                0x000002ca       0x33 ./src/STM32F4x7_ETH_Driver/src/core/ipv4/inet.o
 .ARM.attributes
                0x000002fd       0x33 ./src/STM32F4x7_ETH_Driver/src/core/ipv4/inet_chksum.o
 .ARM.attributes
                0x00000330       0x33 ./src/STM32F4x7_ETH_Driver/src/core/ipv4/ip.o
 .ARM.attributes
                0x00000363       0x33 ./src/STM32F4x7_ETH_Driver/src/core/ipv4/ip_addr.o
 .ARM.attributes
                0x00000396       0x33 ./src/STM32F4x7_ETH_Driver/src/core/ipv4/ip_frag.o
 .ARM.attributes
                0x000003c9       0x33 ./src/STM32F4x7_ETH_Driver/src/core/dhcp.o
 .ARM.attributes
                0x000003fc       0x33 ./src/STM32F4x7_ETH_Driver/src/core/mem.o
 .ARM.attributes
                0x0000042f       0x33 ./src/STM32F4x7_ETH_Driver/src/core/memp.o
 .ARM.attributes
                0x00000462       0x33 ./src/STM32F4x7_ETH_Driver/src/core/netif.o
 .ARM.attributes
                0x00000495       0x33 ./src/STM32F4x7_ETH_Driver/src/core/pbuf.o
 .ARM.attributes
                0x000004c8       0x33 ./src/STM32F4x7_ETH_Driver/src/core/raw.o
 .ARM.attributes
                0x000004fb       0x33 ./src/STM32F4x7_ETH_Driver/src/core/tcp.o
 .ARM.attributes
                0x0000052e       0x33 ./src/STM32F4x7_ETH_Driver/src/core/tcp_in.o
 .ARM.attributes
                0x00000561       0x33 ./src/STM32F4x7_ETH_Driver/src/core/tcp_out.o
 .ARM.attributes
                0x00000594       0x33 ./src/STM32F4x7_ETH_Driver/src/core/udp.o
 .ARM.attributes
                0x000005c7       0x33 ./src/STM32F4x7_ETH_Driver/src/ethernetif.o
 .ARM.attributes
                0x000005fa       0x33 ./src/STM32F4x7_ETH_Driver/src/stm32f4x7_eth.o
 .ARM.attributes
                0x0000062d       0x33 ./src/Ethernet/source/fs.o
 .ARM.attributes
                0x00000660       0x33 ./src/Ethernet/source/httpd.o
 .ARM.attributes
                0x00000693       0x33 ./src/Ethernet/source/httpd_cgi_ssi.o
 .ARM.attributes
                0x000006c6       0x33 ./src/Ethernet/source/netconf.o
 .ARM.attributes
                0x000006f9       0x33 ./src/Ethernet/source/serial_debug.o
 .ARM.attributes
                0x0000072c       0x33 ./src/Ethernet/source/stm32f4x7_eth_bsp.o
 .ARM.attributes
                0x0000075f       0x33 ./src/main.o
 .ARM.attributes
                0x00000792       0x33 ./src/stm32f4_discovery.o
 .ARM.attributes
                0x000007c5       0x33 ./src/stm32f4xx_it.o
 .ARM.attributes
                0x000007f8       0x1e /usr/local/gcc-arm-none-eabi-4_9-2015q3/bin/../lib/gcc/arm-none-eabi/4.9.3/armv7e-m/libgcc.a(_arm_addsubdf3.o)
 .ARM.attributes
                0x00000816       0x1e /usr/local/gcc-arm-none-eabi-4_9-2015q3/bin/../lib/gcc/arm-none-eabi/4.9.3/armv7e-m/libgcc.a(_arm_muldivdf3.o)
 .ARM.attributes
                0x00000834       0x1e /usr/local/gcc-arm-none-eabi-4_9-2015q3/bin/../lib/gcc/arm-none-eabi/4.9.3/armv7e-m/libgcc.a(_arm_fixunsdfsi.o)
 .ARM.attributes
                0x00000852       0x2e /usr/local/gcc-arm-none-eabi-4_9-2015q3/bin/../lib/gcc/arm-none-eabi/4.9.3/../../../../arm-none-eabi/lib/armv7e-m/libg.a(lib_a-impure.o)
 .ARM.attributes
                0x00000880       0x2e /usr/local/gcc-arm-none-eabi-4_9-2015q3/bin/../lib/gcc/arm-none-eabi/4.9.3/../../../../arm-none-eabi/lib/armv7e-m/libg.a(lib_a-memcmp.o)
 .ARM.attributes
                0x000008ae       0x1c /usr/local/gcc-arm-none-eabi-4_9-2015q3/bin/../lib/gcc/arm-none-eabi/4.9.3/../../../../arm-none-eabi/lib/armv7e-m/libg.a(lib_a-memcpy.o)
 .ARM.attributes
                0x000008ca       0x2e /usr/local/gcc-arm-none-eabi-4_9-2015q3/bin/../lib/gcc/arm-none-eabi/4.9.3/../../../../arm-none-eabi/lib/armv7e-m/libg.a(lib_a-memset.o)
 .ARM.attributes
                0x000008f8       0x2e /usr/local/gcc-arm-none-eabi-4_9-2015q3/bin/../lib/gcc/arm-none-eabi/4.9.3/../../../../arm-none-eabi/lib/armv7e-m/libg.a(lib_a-putchar.o)
 .ARM.attributes
                0x00000926       0x2e /usr/local/gcc-arm-none-eabi-4_9-2015q3/bin/../lib/gcc/arm-none-eabi/4.9.3/../../../../arm-none-eabi/lib/armv7e-m/libg.a(lib_a-strchr.o)
 .ARM.attributes
                0x00000954       0x1c /usr/local/gcc-arm-none-eabi-4_9-2015q3/bin/../lib/gcc/arm-none-eabi/4.9.3/../../../../arm-none-eabi/lib/armv7e-m/libg.a(lib_a-strcmp.o)
 .ARM.attributes
                0x00000970       0x2e /usr/local/gcc-arm-none-eabi-4_9-2015q3/bin/../lib/gcc/arm-none-eabi/4.9.3/../../../../arm-none-eabi/lib/armv7e-m/libg.a(lib_a-strlen.o)
 .ARM.attributes
                0x0000099e       0x2e /usr/local/gcc-arm-none-eabi-4_9-2015q3/bin/../lib/gcc/arm-none-eabi/4.9.3/../../../../arm-none-eabi/lib/armv7e-m/libg.a(lib_a-strncmp.o)
 .ARM.attributes
                0x000009cc       0x2e /usr/local/gcc-arm-none-eabi-4_9-2015q3/bin/../lib/gcc/arm-none-eabi/4.9.3/../../../../arm-none-eabi/lib/armv7e-m/libg.a(lib_a-strstr.o)
 .ARM.attributes
                0x000009fa       0x2e /usr/local/gcc-arm-none-eabi-4_9-2015q3/bin/../lib/gcc/arm-none-eabi/4.9.3/../../../../arm-none-eabi/lib/armv7e-m/libg.a(lib_a-memchr.o)
 .ARM.attributes
                0x00000a28       0x2e /usr/local/gcc-arm-none-eabi-4_9-2015q3/bin/../lib/gcc/arm-none-eabi/4.9.3/../../../../arm-none-eabi/lib/armv7e-m/libg.a(lib_a-putc.o)
 .ARM.attributes
                0x00000a56       0x2e /usr/local/gcc-arm-none-eabi-4_9-2015q3/bin/../lib/gcc/arm-none-eabi/4.9.3/../../../../arm-none-eabi/lib/armv7e-m/libg.a(lib_a-wbuf.o)
 .ARM.attributes
                0x00000a84       0x2e /usr/local/gcc-arm-none-eabi-4_9-2015q3/bin/../lib/gcc/arm-none-eabi/4.9.3/../../../../arm-none-eabi/lib/armv7e-m/libg.a(lib_a-wsetup.o)
 .ARM.attributes
                0x00000ab2       0x2e /usr/local/gcc-arm-none-eabi-4_9-2015q3/bin/../lib/gcc/arm-none-eabi/4.9.3/../../../../arm-none-eabi/lib/armv7e-m/libg.a(lib_a-fflush.o)
 .ARM.attributes
                0x00000ae0       0x2e /usr/local/gcc-arm-none-eabi-4_9-2015q3/bin/../lib/gcc/arm-none-eabi/4.9.3/../../../../arm-none-eabi/lib/armv7e-m/libg.a(lib_a-findfp.o)
 .ARM.attributes
                0x00000b0e       0x2e /usr/local/gcc-arm-none-eabi-4_9-2015q3/bin/../lib/gcc/arm-none-eabi/4.9.3/../../../../arm-none-eabi/lib/armv7e-m/libg.a(lib_a-freer.o)
 .ARM.attributes
                0x00000b3c       0x2e /usr/local/gcc-arm-none-eabi-4_9-2015q3/bin/../lib/gcc/arm-none-eabi/4.9.3/../../../../arm-none-eabi/lib/armv7e-m/libg.a(lib_a-fwalk.o)
 .ARM.attributes
                0x00000b6a       0x2e /usr/local/gcc-arm-none-eabi-4_9-2015q3/bin/../lib/gcc/arm-none-eabi/4.9.3/../../../../arm-none-eabi/lib/armv7e-m/libg.a(lib_a-makebuf.o)
 .ARM.attributes